================================================================================
Z7_STDPROPOSERS - LOG DE PROCESSAMENTO DE DOCUMENTO
================================================================================

[SESSAO]
  Inicio: 30/04/2026 13:36:05
  ID: 20260430133605

[AMBIENTE]
  Usuario: csantos
  Computador: NOTEPROCLEG01
  Dominio: CMSBONET
  SO: Windows Windows_NT
  Word: 16.0 (Word 2016/2019/2021/365)

[DOCUMENTO]
  Nome: siscam_indicacao_lampada_queimada_rua_jose_jorge_patricio_n_855_no_bairro_mollon_4jyqwzcfs.doc
  Caminho: C:\Users\csantos\AppData\Local\Temp
  Tamanho: 1,3 KB
  Paragrafos: 31
  Paginas: 1
  Protecao: Sem protecao
  Idioma: 1046

[CONFIGURACAO]
  Debug: Desativado
  Log: C:\Users\csantos\AppData\Local\Z7\Apps\Z7_StdProposers\source\logs\z7_stdproposers_20260430_133605_siscam_indicacao_lampada_queimada_rua_jose_jorge_p.log
  Backup: C:\Users\csantos\AppData\Local\Temp\.z7_stdproposers\props\backups\

================================================================================



--------------------------------------------------------------------------------
SECAO: VERIFICACOES INICIAIS
--------------------------------------------------------------------------------
13:36:05.457 [00:00,0] INFO  ? ? Iniciando: Validacao de documento
13:36:05.461 [00:00,0] INFO  ? Tipo de propositura identificado: INDICAÇÃO
13:36:05.465 [00:00,0] INFO  ? Verificacao LGPD (estrito): nenhum achado grave
13:36:05.465 [00:00,0] INFO  ? ? Concluido: Validacao de documento | Todas as verificacoes passaram
13:36:05.465 [00:00,0] INFO  ? Verificacoes de seguranca concluidas com sucesso
13:36:05.645 [00:00,0] INFO  ? Backup criado com sucesso: siscam_indicacao_lampada_queimada_rua_jose_jorge_patricio_n_855_no_bairro_mollon_4jyqwzcfs_backup_2026-04-30_133605.doc
13:36:05.750 [00:00,0] INFO  ? Backup das configuracoes de visualizacao concluido
13:36:05.789 [00:00,0] INFO  ? Backup de propriedades de imagens concluido: 0 imagens catalogadas
13:36:05.812 [00:00,0] INFO  ? Nenhuma lista encontrada no documento
13:36:05.812 [00:00,0] INFO  ? UndoRecord iniciado
13:36:05.812 [00:00,0] INFO  ? === PIPELINE DE FORMATACAO (2 PASSAGENS) ===
13:36:05.820 [00:00,0] INFO  ? Iniciando construcao do cache de paragrafos...
13:36:05.863 [00:00,0] INFO  ? Cache construido: 31 paragrafos em 0,04s
13:36:05.863 [00:00,0] INFO  ? Identificando estrutura do documento...
13:36:05.898 [00:00,0] INFO  ? Titulo da Justificativa identificado no paragrafo 16
13:36:05.930 [00:00,0] INFO  ? Data (Plenario) identificada no paragrafo 26
13:36:05.945 [00:00,0] INFO  ? === ESTRUTURA DO DOCUMENTO IDENTIFICADA ===
13:36:05.945 [00:00,0] INFO  ? Titulo: paragrafo 0
13:36:05.945 [00:00,0] INFO  ? Ementa: paragrafo 0
13:36:05.945 [00:00,0] INFO  ? Proposicao: paragrafos 0 a 0
13:36:05.945 [00:00,0] INFO  ? Titulo Justificativa: paragrafo 16
13:36:05.945 [00:00,0] INFO  ? Justificativa: paragrafos 17 a 25
13:36:05.945 [00:00,0] INFO  ? Data: paragrafo 26
13:36:05.945 [00:00,0] INFO  ? Assinatura: paragrafos 0 a 0
13:36:05.945 [00:00,0] INFO  ? Titulo Anexo: paragrafo 0
13:36:05.945 [00:00,0] INFO  ? Anexo: paragrafos 0 a 0
13:36:05.945 [00:00,0] INFO  ? ==========================================
13:36:05.945 [00:00,0] INFO  ? === PASSAGEM 1 DE 2 ===


--------------------------------------------------------------------------------
SECAO: LIMPEZA E FORMATACAO
--------------------------------------------------------------------------------
13:36:06.691 [00:01,0] INFO  ? ? Iniciando: Limpeza de formatacao
13:36:06.965 [00:01,0] INFO  ? Formatacao limpa: 31 paragrafos resetados
13:36:06.965 [00:01,0] INFO  ? ? Concluido: Limpeza de formatacao
13:36:06.965 [00:01,0] INFO  ? ? Iniciando: Normalizacao de quebras
13:36:06.977 [00:01,0] INFO  ? ? Concluido: Normalizacao de quebras
13:36:06.977 [00:01,0] INFO  ? ? Iniciando: Limpeza estrutural
13:36:07.051 [00:02,0] INFO  ? ? Concluido: Limpeza estrutural
13:36:07.051 [00:02,0] INFO  ? ? Iniciando: Limpeza de prefixo da ementa
13:36:07.051 [00:02,0] INFO  ? ? Concluido: Limpeza de prefixo da ementa
13:36:07.051 [00:02,0] INFO  ? ? Iniciando: Limpeza de sufixo da ementa
13:36:07.051 [00:02,0] INFO  ? ? Concluido: Limpeza de sufixo da ementa
13:36:07.051 [00:02,0] INFO  ? ? Iniciando: Formatacao de titulo
13:36:07.059 [00:02,0] INFO  ? Titulo de proposicao formatado: INDICAÇÃO Nº $NUMERO$/$ANO$ (centralizado, caixa alta, negrito, sublinhado)
13:36:07.059 [00:02,0] INFO  ? ? Concluido: Formatacao de titulo
13:36:07.059 [00:02,0] INFO  ? ? Iniciando: Aplicacao de fonte padrao
13:36:07.059 [00:02,0] INFO  ? Aplicando fonte padrao (modo otimizado com cache)...
13:36:07.105 [00:02,0] INFO  ? Fonte padrao aplicada: 9 paragrafos em 0,05s
13:36:07.109 [00:02,0] INFO  ? ? Concluido: Aplicacao de fonte padrao | 30 paragrafos
13:36:07.109 [00:02,0] INFO  ? ? Iniciando: Aplicacao de formatacao de paragrafos
13:36:07.551 [00:02,0] INFO  ? ? Concluido: Aplicacao de formatacao de paragrafos


--------------------------------------------------------------------------------
SECAO: FORMATACOES ESPECIFICAS
--------------------------------------------------------------------------------
13:36:07.559 [00:02,0] INFO  ? ? Iniciando: Formatacao de paragrafos 1 e 2
13:36:07.574 [00:02,0] INFO  ? Palavra inicial 'Sugere' substituida por 'Indica' no 2 paragrafo
13:36:07.582 [00:02,0] INFO  ? 2 paragrafo formatado com 2 linhas em branco antes e depois (posicao: 5)
13:36:07.582 [00:02,0] INFO  ? ? Concluido: Formatacao de paragrafos 1 e 2
13:36:07.582 [00:02,0] INFO  ? ? Iniciando: Formatacao de considerandos
13:36:07.613 [00:02,0] INFO  ? ? Concluido: Formatacao de considerandos
13:36:07.613 [00:02,0] INFO  ? ? Iniciando: Aplicacao de substituicoes de texto
13:36:07.820 [00:02,0] INFO  ? Substituicoes de texto: nenhuma ocorrencia encontrada
13:36:07.953 [00:02,0] INFO  ? ? Concluido: Aplicacao de substituicoes de texto
13:36:07.953 [00:02,0] INFO  ? ? Iniciando: Remocao de marca d'agua e insercao de carimbo
13:36:08.145 [00:03,0] INFO  ? ? Concluido: Remocao de marca d'agua e insercao de carimbo


--------------------------------------------------------------------------------
SECAO: LIMPEZA FINAL
--------------------------------------------------------------------------------
13:36:08.152 [00:03,0] INFO  ? ? Iniciando: Limpeza de espacos multiplos
13:36:08.258 [00:03,0] INFO  ? Limpeza de espacos concluida: 2 correcoes aplicadas (com protecao CONSIDERANDO)
13:36:08.258 [00:03,0] INFO  ? ? Concluido: Limpeza de espacos multiplos
13:36:08.258 [00:03,0] INFO  ? ? Iniciando: Controle de linhas em branco
13:36:08.340 [00:03,0] INFO  ? Controle de linhas vazias concluido em 2 passada(s): 9 linhas excedentes removidas (maximo 1 sequencial)
13:36:08.340 [00:03,0] INFO  ? ? Concluido: Controle de linhas em branco
13:36:08.340 [00:03,0] INFO  ? ? Iniciando: Substituicao de datas do plenario
13:36:08.344 [00:03,0] INFO  ? Paragrafo de plenario substituido e formatado
13:36:08.344 [00:03,0] INFO  ? ? Concluido: Substituicao de datas do plenario


--------------------------------------------------------------------------------
SECAO: FINALIZACAO
--------------------------------------------------------------------------------
13:36:08.355 [00:03,0] INFO  ? ? Iniciando: Configuracao de visualizacao
13:36:08.359 [00:03,0] INFO  ? Visualizacao configurada: zoom definido para 120%, demais configuracoes preservadas
13:36:08.359 [00:03,0] INFO  ? ? Concluido: Configuracao de visualizacao
13:36:08.359 [00:03,0] INFO  ? ? Iniciando: Insercao de rodape
13:36:08.391 [00:03,0] INFO  ? ? Concluido: Insercao de rodape
13:36:08.391 [00:03,0] INFO  ? ? Iniciando: Ajustes finais de negrito e formatacao
13:36:08.398 [00:03,0] INFO  ? Negrito e alinhamento aplicados a 1 paragrafos especiais
13:36:08.422 [00:03,0] INFO  ? Paragrafo 'Vereador' formatado (sem negrito) com linhas adjacentes centralizadas (posicao: 17)
13:36:08.422 [00:03,0] INFO  ? Formatacao 'Vereador': 1 ocorrencias formatadas
13:36:08.422 [00:03,0] INFO  ? ? Concluido: Ajustes finais de negrito e formatacao
13:36:08.422 [00:03,0] INFO  ? ? Iniciando: Formatacoes especiais (diante do exposto, requeiro)
13:36:08.438 [00:03,0] INFO  ? ? Concluido: Formatacoes especiais (diante do exposto, requeiro)
13:36:08.438 [00:03,0] INFO  ? ? Iniciando: Remocao de realces e bordas
13:36:08.445 [00:03,0] INFO  ? Realce removido do documento completo
13:36:08.477 [00:03,0] INFO  ? Realces e bordas removidos: 1 realces, 18 paragrafos com bordas
13:36:08.477 [00:03,0] INFO  ? ? Concluido: Remocao de realces e bordas
13:36:08.477 [00:03,0] INFO  ? ? Iniciando: Remocao de paginas vazias no final
13:36:08.496 [00:03,0] INFO  ? Nenhuma pagina vazia no final do documento
13:36:08.496 [00:03,0] INFO  ? ? Concluido: Remocao de paginas vazias no final
13:36:08.496 [00:03,0] INFO  ? ? Iniciando: Aplicacao de formatacao final universal
13:36:08.496 [00:03,0] INFO  ? Aplicando formatacao final universal: Arial 12, espacamento 1.0, 1 linha entre paragrafos...
13:36:08.520 [00:03,0] INFO  ? Formatacao final aplicada: 18 de 18 paragrafos
13:36:08.520 [00:03,0] INFO  ? ? Concluido: Aplicacao de formatacao final universal
13:36:08.520 [00:03,0] INFO  ? ? Iniciando: Adicao de espacamento especial (ementa, justificativa, data)
13:36:08.520 [00:03,0] INFO  ? Adicionando espacamento especial para ementa, justificativa e data...
13:36:08.523 [00:03,0] INFO  ? Espacamento especial aplicado a 1 elementos
13:36:08.523 [00:03,0] INFO  ? ? Concluido: Adicao de espacamento especial (ementa, justificativa, data)
13:36:08.523 [00:03,0] INFO  ? ? Iniciando: Ajuste final de recuos para Vereador (travessoes)
13:36:08.531 [00:03,0] INFO  ? Recuos ajustados para 1 paragrafo(s) de Vereador/Vereadora
13:36:08.531 [00:03,0] INFO  ? ? Concluido: Ajuste final de recuos para Vereador (travessoes)
13:36:08.531 [00:03,0] INFO  ? Formatacao completa aplicada com sucesso
13:36:08.531 [00:03,0] INFO  ? ?? Total de paragrafos: 18
13:36:08.676 [00:03,0] INFO  ? === PASSAGEM 2 DE 2 ===


--------------------------------------------------------------------------------
SECAO: LIMPEZA E FORMATACAO
--------------------------------------------------------------------------------
13:36:08.758 [00:03,0] INFO  ? ? Iniciando: Limpeza de formatacao
13:36:08.812 [00:03,0] INFO  ? Formatacao limpa: 18 paragrafos resetados
13:36:08.812 [00:03,0] INFO  ? ? Concluido: Limpeza de formatacao
13:36:08.812 [00:03,0] INFO  ? ? Iniciando: Normalizacao de quebras
13:36:08.820 [00:03,0] INFO  ? ? Concluido: Normalizacao de quebras
13:36:08.820 [00:03,0] INFO  ? ? Iniciando: Limpeza estrutural
13:36:08.840 [00:03,0] INFO  ? ? Concluido: Limpeza estrutural
13:36:08.840 [00:03,0] INFO  ? ? Iniciando: Limpeza de prefixo da ementa
13:36:08.840 [00:03,0] INFO  ? ? Concluido: Limpeza de prefixo da ementa
13:36:08.840 [00:03,0] INFO  ? ? Iniciando: Limpeza de sufixo da ementa
13:36:08.840 [00:03,0] INFO  ? ? Concluido: Limpeza de sufixo da ementa
13:36:08.840 [00:03,0] INFO  ? ? Iniciando: Formatacao de titulo
13:36:08.844 [00:03,0] INFO  ? Titulo de proposicao formatado: INDICAÇÃO Nº $NUMERO$/$ANO$ (centralizado, caixa alta, negrito, sublinhado)
13:36:08.844 [00:03,0] INFO  ? ? Concluido: Formatacao de titulo
13:36:08.844 [00:03,0] INFO  ? ? Iniciando: Aplicacao de fonte padrao
13:36:08.844 [00:03,0] INFO  ? Aplicando fonte padrao (modo otimizado com cache)...
13:36:08.855 [00:03,0] WARN  ? Erro: Indice de paragrafo invalido (21)
13:36:08.855 [00:03,0] WARN  ? Erro: Indice de paragrafo invalido (26)
13:36:08.855 [00:03,0] WARN  ? Erro: Indice de paragrafo invalido (28)
13:36:08.855 [00:03,0] WARN  ? Erro: Indice de paragrafo invalido (30)
13:36:08.855 [00:03,0] INFO  ? Fonte padrao aplicada: 5 paragrafos em 0,01s
13:36:08.855 [00:03,0] INFO  ? ? Concluido: Aplicacao de fonte padrao | 17 paragrafos
13:36:08.855 [00:03,0] INFO  ? ? Iniciando: Aplicacao de formatacao de paragrafos
13:36:08.973 [00:03,0] INFO  ? ? Concluido: Aplicacao de formatacao de paragrafos


--------------------------------------------------------------------------------
SECAO: FORMATACOES ESPECIFICAS
--------------------------------------------------------------------------------
13:36:08.980 [00:03,0] INFO  ? ? Iniciando: Formatacao de paragrafos 1 e 2
13:36:08.992 [00:03,0] INFO  ? 2 paragrafo formatado com 2 linhas em branco antes e depois (posicao: 4)
13:36:08.992 [00:03,0] INFO  ? ? Concluido: Formatacao de paragrafos 1 e 2
13:36:08.992 [00:03,0] INFO  ? ? Iniciando: Formatacao de considerandos
13:36:09.008 [00:04,0] INFO  ? ? Concluido: Formatacao de considerandos
13:36:09.008 [00:04,0] INFO  ? ? Iniciando: Aplicacao de substituicoes de texto
13:36:09.184 [00:04,0] INFO  ? Substituicoes de texto: nenhuma ocorrencia encontrada
13:36:09.195 [00:04,0] INFO  ? Substituicao aplicada: 'para sugerir' -> 'para indicar' no 1 paragrafo apos a ementa (1x)
13:36:09.203 [00:04,0] INFO  ? Substituicao aplicada: abertura Art. 108 normalizada no 1 paragrafo apos a ementa (1x)
13:36:09.277 [00:04,0] INFO  ? ? Concluido: Aplicacao de substituicoes de texto
13:36:09.277 [00:04,0] INFO  ? ? Iniciando: Remocao de marca d'agua e insercao de carimbo
13:36:09.426 [00:04,0] INFO  ? ? Concluido: Remocao de marca d'agua e insercao de carimbo


--------------------------------------------------------------------------------
SECAO: LIMPEZA FINAL
--------------------------------------------------------------------------------
13:36:09.434 [00:04,0] INFO  ? ? Iniciando: Limpeza de espacos multiplos
13:36:09.480 [00:04,0] INFO  ? Limpeza de espacos concluida: 0 correcoes aplicadas (com protecao CONSIDERANDO)
13:36:09.480 [00:04,0] INFO  ? ? Concluido: Limpeza de espacos multiplos
13:36:09.480 [00:04,0] INFO  ? ? Iniciando: Controle de linhas em branco
13:36:09.527 [00:04,0] INFO  ? Controle de linhas vazias concluido em 2 passada(s): 2 linhas excedentes removidas (maximo 1 sequencial)
13:36:09.527 [00:04,0] INFO  ? ? Concluido: Controle de linhas em branco
13:36:09.527 [00:04,0] INFO  ? ? Iniciando: Substituicao de datas do plenario
13:36:09.531 [00:04,0] INFO  ? Paragrafo de plenario substituido e formatado
13:36:09.535 [00:04,0] INFO  ? ? Concluido: Substituicao de datas do plenario


--------------------------------------------------------------------------------
SECAO: FINALIZACAO
--------------------------------------------------------------------------------
13:36:09.547 [00:04,0] INFO  ? ? Iniciando: Configuracao de visualizacao
13:36:09.551 [00:04,0] INFO  ? Visualizacao configurada: zoom definido para 120%, demais configuracoes preservadas
13:36:09.551 [00:04,0] INFO  ? ? Concluido: Configuracao de visualizacao
13:36:09.551 [00:04,0] INFO  ? ? Iniciando: Insercao de rodape
13:36:09.578 [00:04,0] INFO  ? ? Concluido: Insercao de rodape
13:36:09.578 [00:04,0] INFO  ? ? Iniciando: Ajustes finais de negrito e formatacao
13:36:09.594 [00:04,0] INFO  ? Negrito e alinhamento aplicados a 1 paragrafos especiais
13:36:09.621 [00:04,0] INFO  ? Paragrafo 'Vereador' formatado (sem negrito) com linhas adjacentes centralizadas (posicao: 17)
13:36:09.621 [00:04,0] INFO  ? Formatacao 'Vereador': 1 ocorrencias formatadas
13:36:09.621 [00:04,0] INFO  ? ? Concluido: Ajustes finais de negrito e formatacao
13:36:09.621 [00:04,0] INFO  ? ? Iniciando: Formatacoes especiais (diante do exposto, requeiro)
13:36:09.645 [00:04,0] INFO  ? ? Concluido: Formatacoes especiais (diante do exposto, requeiro)
13:36:09.645 [00:04,0] INFO  ? ? Iniciando: Remocao de realces e bordas
13:36:09.652 [00:04,0] INFO  ? Realce removido do documento completo
13:36:09.676 [00:04,0] INFO  ? Realces e bordas removidos: 1 realces, 18 paragrafos com bordas
13:36:09.676 [00:04,0] INFO  ? ? Concluido: Remocao de realces e bordas
13:36:09.676 [00:04,0] INFO  ? ? Iniciando: Remocao de paginas vazias no final
13:36:09.695 [00:04,0] INFO  ? Nenhuma pagina vazia no final do documento
13:36:09.695 [00:04,0] INFO  ? ? Concluido: Remocao de paginas vazias no final
13:36:09.695 [00:04,0] INFO  ? ? Iniciando: Aplicacao de formatacao final universal
13:36:09.695 [00:04,0] INFO  ? Aplicando formatacao final universal: Arial 12, espacamento 1.0, 1 linha entre paragrafos...
13:36:09.715 [00:04,0] INFO  ? Formatacao final aplicada: 18 de 18 paragrafos
13:36:09.715 [00:04,0] INFO  ? ? Concluido: Aplicacao de formatacao final universal
13:36:09.715 [00:04,0] INFO  ? ? Iniciando: Adicao de espacamento especial (ementa, justificativa, data)
13:36:09.715 [00:04,0] INFO  ? Adicionando espacamento especial para ementa, justificativa e data...
13:36:09.719 [00:04,0] INFO  ? Espacamento especial aplicado a 1 elementos
13:36:09.719 [00:04,0] INFO  ? ? Concluido: Adicao de espacamento especial (ementa, justificativa, data)
13:36:09.719 [00:04,0] INFO  ? ? Iniciando: Ajuste final de recuos para Vereador (travessoes)
13:36:09.723 [00:04,0] INFO  ? Recuos ajustados para 1 paragrafo(s) de Vereador/Vereadora
13:36:09.723 [00:04,0] INFO  ? ? Concluido: Ajuste final de recuos para Vereador (travessoes)
13:36:09.723 [00:04,0] INFO  ? Formatacao completa aplicada com sucesso
13:36:09.727 [00:04,0] INFO  ? ?? Total de paragrafos: 18
13:36:09.773 [00:04,0] INFO  ? Removendo linhas em branco extras e aplicando ajustes...
13:36:09.914 [00:04,0] INFO  ? Linhas em branco removidas: 0, substituicoes: 1
13:36:09.992 [00:04,0] INFO  ? Fonte final garantida: Arial 12pt em todo o documento
13:36:10.344 [00:05,0] INFO  ? Configuracoes de visualizacao originais restauradas (zoom mantido em 120%)
13:36:10.355 [00:05,0] INFO  ? Documento padronizado com sucesso
13:36:10.363 [00:05,0] INFO  ? UndoRecord finalizado com sucesso
13:36:10.383 [00:05,0] INFO  ? Variaveis de protecao de imagens limpas
13:36:10.383 [00:05,0] INFO  ? Variaveis de configuracoes de visualizacao limpas


================================================================================
RESUMO DA SESSAO
================================================================================

[STATUS]
  Final: CONCLUIDO COM AVISOS ?
  Termino: 30/04/2026 13:36:10
  Duracao: 5,0s

[ESTATISTICAS]
  Total de eventos: 186
  Informacoes: 182 (97,8%)
  Avisos: 4 (2,2%)
  Erros: 0 (0,0%)

[PERFORMANCE]
  Eventos/segundo: 37,2
  Tempo medio/evento: 26,9ms

================================================================================
FIM DO LOG
================================================================================
