================================================================================
Z7_STDPROPOSERS - LOG DE PROCESSAMENTO DE DOCUMENTO
================================================================================

[SESSAO]
  Inicio: 29/04/2026 17:30:09
  ID: 20260429173009

[AMBIENTE]
  Usuario: csantos
  Computador: NOTEPROCLEG01
  Dominio: CMSBONET
  SO: Windows Windows_NT
  Word: 16.0 (Word 2016/2019/2021/365)

[DOCUMENTO]
  Nome: Documento1
  Caminho: (Nao salvo)
  Tamanho: 0 bytes
  Paragrafos: 1
  Paginas: 1
  Protecao: Sem protecao
  Idioma: 1046

[CONFIGURACAO]
  Debug: Desativado
  Log: C:\Users\csantos\AppData\Local\Z7\Apps\Z7_StdProposers\source\logs\z7_stdproposers_20260429_173009_Documento1.log
  Backup: C:\Users\csantos\AppData\Local\Temp\.z7_stdproposers\props\backups\

================================================================================



--------------------------------------------------------------------------------
SECAO: VERIFICACOES INICIAIS
--------------------------------------------------------------------------------
17:30:09.973 [00:00,0] INFO  ? ? Iniciando: Validacao de documento
17:30:09.973 [00:00,0] WARN  ? Documento vazio ou sem texto no inicio
17:30:09.977 [00:00,0] INFO  ? ? Concluido: Validacao de documento | Todas as verificacoes passaram
17:30:09.977 [00:00,0] INFO  ? Verificacoes de seguranca concluidas com sucesso
17:30:13.406 [00:04,0] INFO  ? Backup criado com sucesso: Doc1_backup_2026-04-29_173013.docx
17:30:13.465 [00:04,0] INFO  ? Backup das configuracoes de visualizacao concluido
17:30:13.477 [00:04,0] INFO  ? Backup de propriedades de imagens concluido: 0 imagens catalogadas
17:30:13.480 [00:04,0] INFO  ? Nenhuma lista encontrada no documento
17:30:13.480 [00:04,0] INFO  ? UndoRecord iniciado
17:30:13.480 [00:04,0] INFO  ? === PIPELINE DE FORMATACAO (2 PASSAGENS) ===
17:30:13.488 [00:04,0] INFO  ? Iniciando construcao do cache de paragrafos...
17:30:13.488 [00:04,0] INFO  ? Cache construido: 1 paragrafos em 0,00s
17:30:13.488 [00:04,0] INFO  ? Identificando estrutura do documento...
17:30:13.488 [00:04,0] INFO  ? === ESTRUTURA DO DOCUMENTO IDENTIFICADA ===
17:30:13.488 [00:04,0] INFO  ? Titulo: paragrafo 0
17:30:13.488 [00:04,0] INFO  ? Ementa: paragrafo 0
17:30:13.488 [00:04,0] INFO  ? Proposicao: paragrafos 0 a 0
17:30:13.488 [00:04,0] INFO  ? Titulo Justificativa: paragrafo 0
17:30:13.488 [00:04,0] INFO  ? Justificativa: paragrafos 0 a 0
17:30:13.488 [00:04,0] INFO  ? Data: paragrafo 0
17:30:13.488 [00:04,0] INFO  ? Assinatura: paragrafos 0 a 0
17:30:13.488 [00:04,0] INFO  ? Titulo Anexo: paragrafo 0
17:30:13.488 [00:04,0] INFO  ? Anexo: paragrafos 0 a 0
17:30:13.488 [00:04,0] INFO  ? ==========================================
17:30:13.488 [00:04,0] INFO  ? === PASSAGEM 1 DE 2 ===


--------------------------------------------------------------------------------
SECAO: LIMPEZA E FORMATACAO
--------------------------------------------------------------------------------
17:30:14.188 [00:05,0] INFO  ? ? Iniciando: Limpeza de formatacao
17:30:14.207 [00:05,0] INFO  ? Formatacao limpa: 1 paragrafos resetados
17:30:14.207 [00:05,0] INFO  ? ? Concluido: Limpeza de formatacao
17:30:14.207 [00:05,0] INFO  ? ? Iniciando: Normalizacao de quebras
17:30:14.215 [00:05,0] INFO  ? ? Concluido: Normalizacao de quebras
17:30:14.215 [00:05,0] INFO  ? ? Iniciando: Limpeza estrutural
17:30:14.223 [00:05,0] INFO  ? ? Concluido: Limpeza estrutural
17:30:14.223 [00:05,0] INFO  ? ? Iniciando: Limpeza de prefixo da ementa
17:30:14.223 [00:05,0] INFO  ? ? Concluido: Limpeza de prefixo da ementa
17:30:14.223 [00:05,0] INFO  ? ? Iniciando: Limpeza de sufixo da ementa
17:30:14.223 [00:05,0] INFO  ? ? Concluido: Limpeza de sufixo da ementa
17:30:14.223 [00:05,0] INFO  ? ? Iniciando: Formatacao de titulo
17:30:14.223 [00:05,0] WARN  ? Nenhum texto encontrado para formatacao do titulo
17:30:14.223 [00:05,0] INFO  ? ? Concluido: Formatacao de titulo
17:30:14.223 [00:05,0] INFO  ? ? Iniciando: Aplicacao de fonte padrao
17:30:14.223 [00:05,0] INFO  ? Aplicando fonte padrao (modo otimizado com cache)...
17:30:14.223 [00:05,0] INFO  ? Fonte padrao aplicada: 0 paragrafos em 0,00s
17:30:14.223 [00:05,0] INFO  ? ? Concluido: Aplicacao de fonte padrao | 1 paragrafos
17:30:14.223 [00:05,0] INFO  ? ? Iniciando: Aplicacao de formatacao de paragrafos
17:30:14.234 [00:05,0] INFO  ? ? Concluido: Aplicacao de formatacao de paragrafos


--------------------------------------------------------------------------------
SECAO: FORMATACOES ESPECIFICAS
--------------------------------------------------------------------------------
17:30:14.242 [00:05,0] INFO  ? ? Iniciando: Formatacao de paragrafos 1 e 2
17:30:14.242 [00:05,0] WARN  ? 1 paragrafo nao encontrado para formatacao
17:30:14.246 [00:05,0] WARN  ? 2 paragrafo nao encontrado para formatacao
17:30:14.246 [00:05,0] INFO  ? ? Concluido: Formatacao de paragrafos 1 e 2
17:30:14.246 [00:05,0] INFO  ? ? Iniciando: Formatacao de considerandos
17:30:14.246 [00:05,0] INFO  ? ? Concluido: Formatacao de considerandos
17:30:14.246 [00:05,0] INFO  ? ? Iniciando: Aplicacao de substituicoes de texto
17:30:14.246 [00:05,0] INFO  ? Documento vazio - substituicoes de texto ignoradas
17:30:14.246 [00:05,0] INFO  ? ? Concluido: Aplicacao de substituicoes de texto
17:30:14.246 [00:05,0] INFO  ? ? Iniciando: Remocao de marca d'agua e insercao de carimbo
17:30:14.492 [00:05,0] INFO  ? ? Concluido: Remocao de marca d'agua e insercao de carimbo


--------------------------------------------------------------------------------
SECAO: LIMPEZA FINAL
--------------------------------------------------------------------------------
17:30:14.504 [00:05,0] INFO  ? ? Iniciando: Limpeza de espacos multiplos
17:30:14.555 [00:05,0] INFO  ? Limpeza de espacos concluida: 0 correcoes aplicadas (com protecao CONSIDERANDO)
17:30:14.555 [00:05,0] INFO  ? ? Concluido: Limpeza de espacos multiplos
17:30:14.555 [00:05,0] INFO  ? ? Iniciando: Controle de linhas em branco
17:30:14.570 [00:05,0] INFO  ? Controle de linhas vazias concluido em 1 passada(s): 0 linhas excedentes removidas (maximo 1 sequencial)
17:30:14.570 [00:05,0] INFO  ? ? Concluido: Controle de linhas em branco
17:30:14.570 [00:05,0] INFO  ? ? Iniciando: Substituicao de datas do plenario
17:30:14.570 [00:05,0] INFO  ? ? Concluido: Substituicao de datas do plenario


--------------------------------------------------------------------------------
SECAO: FINALIZACAO
--------------------------------------------------------------------------------
17:30:14.582 [00:05,0] INFO  ? ? Iniciando: Configuracao de visualizacao
17:30:14.590 [00:05,0] INFO  ? Visualizacao configurada: zoom definido para 120%, demais configuracoes preservadas
17:30:14.590 [00:05,0] INFO  ? ? Concluido: Configuracao de visualizacao
17:30:14.590 [00:05,0] INFO  ? ? Iniciando: Insercao de rodape
17:30:14.633 [00:05,0] INFO  ? ? Concluido: Insercao de rodape
17:30:14.633 [00:05,0] INFO  ? ? Iniciando: Ajustes finais de negrito e formatacao
17:30:14.633 [00:05,0] INFO  ? Negrito e alinhamento aplicados a 0 paragrafos especiais
17:30:14.633 [00:05,0] INFO  ? ? Concluido: Ajustes finais de negrito e formatacao
17:30:14.633 [00:05,0] INFO  ? ? Iniciando: Formatacoes especiais (diante do exposto, requeiro)
17:30:14.633 [00:05,0] INFO  ? ? Concluido: Formatacoes especiais (diante do exposto, requeiro)
17:30:14.633 [00:05,0] INFO  ? ? Iniciando: Remocao de realces e bordas
17:30:14.648 [00:05,0] INFO  ? Realce removido do documento completo
17:30:14.648 [00:05,0] INFO  ? Realces e bordas removidos: 1 realces, 1 paragrafos com bordas
17:30:14.648 [00:05,0] INFO  ? ? Concluido: Remocao de realces e bordas
17:30:14.648 [00:05,0] INFO  ? ? Iniciando: Remocao de paginas vazias no final
17:30:14.660 [00:05,0] INFO  ? Nenhuma pagina vazia no final do documento
17:30:14.660 [00:05,0] INFO  ? ? Concluido: Remocao de paginas vazias no final
17:30:14.660 [00:05,0] INFO  ? ? Iniciando: Aplicacao de formatacao final universal
17:30:14.660 [00:05,0] INFO  ? Aplicando formatacao final universal: Arial 12, espacamento 1.0, 1 linha entre paragrafos...
17:30:14.664 [00:05,0] INFO  ? Formatacao final aplicada: 1 de 1 paragrafos
17:30:14.664 [00:05,0] INFO  ? ? Concluido: Aplicacao de formatacao final universal
17:30:14.664 [00:05,0] INFO  ? ? Iniciando: Adicao de espacamento especial (ementa, justificativa, data)
17:30:14.664 [00:05,0] INFO  ? Adicionando espacamento especial para ementa, justificativa e data...
17:30:14.664 [00:05,0] INFO  ? Espacamento especial aplicado a 0 elementos
17:30:14.664 [00:05,0] INFO  ? ? Concluido: Adicao de espacamento especial (ementa, justificativa, data)
17:30:14.664 [00:05,0] INFO  ? ? Iniciando: Ajuste final de recuos para Vereador (travessoes)
17:30:14.664 [00:05,0] INFO  ? ? Concluido: Ajuste final de recuos para Vereador (travessoes)
17:30:14.664 [00:05,0] INFO  ? Formatacao completa aplicada com sucesso
17:30:14.664 [00:05,0] INFO  ? ?? Total de paragrafos: 1
17:30:14.672 [00:05,0] INFO  ? === PASSAGEM 2 DE 2 ===


--------------------------------------------------------------------------------
SECAO: LIMPEZA E FORMATACAO
--------------------------------------------------------------------------------
17:30:14.770 [00:05,0] INFO  ? ? Iniciando: Limpeza de formatacao
17:30:14.785 [00:05,0] INFO  ? Formatacao limpa: 1 paragrafos resetados
17:30:14.785 [00:05,0] INFO  ? ? Concluido: Limpeza de formatacao
17:30:14.785 [00:05,0] INFO  ? ? Iniciando: Normalizacao de quebras
17:30:14.793 [00:05,0] INFO  ? ? Concluido: Normalizacao de quebras
17:30:14.793 [00:05,0] INFO  ? ? Iniciando: Limpeza estrutural
17:30:14.801 [00:05,0] INFO  ? ? Concluido: Limpeza estrutural
17:30:14.801 [00:05,0] INFO  ? ? Iniciando: Limpeza de prefixo da ementa
17:30:14.801 [00:05,0] INFO  ? ? Concluido: Limpeza de prefixo da ementa
17:30:14.801 [00:05,0] INFO  ? ? Iniciando: Limpeza de sufixo da ementa
17:30:14.801 [00:05,0] INFO  ? ? Concluido: Limpeza de sufixo da ementa
17:30:14.801 [00:05,0] INFO  ? ? Iniciando: Formatacao de titulo
17:30:14.801 [00:05,0] WARN  ? Nenhum texto encontrado para formatacao do titulo
17:30:14.801 [00:05,0] INFO  ? ? Concluido: Formatacao de titulo
17:30:14.801 [00:05,0] INFO  ? ? Iniciando: Aplicacao de fonte padrao
17:30:14.801 [00:05,0] INFO  ? Aplicando fonte padrao (modo otimizado com cache)...
17:30:14.801 [00:05,0] INFO  ? Fonte padrao aplicada: 0 paragrafos em 0,00s
17:30:14.801 [00:05,0] INFO  ? ? Concluido: Aplicacao de fonte padrao | 1 paragrafos
17:30:14.801 [00:05,0] INFO  ? ? Iniciando: Aplicacao de formatacao de paragrafos
17:30:14.809 [00:05,0] INFO  ? ? Concluido: Aplicacao de formatacao de paragrafos


--------------------------------------------------------------------------------
SECAO: FORMATACOES ESPECIFICAS
--------------------------------------------------------------------------------
17:30:14.820 [00:05,0] INFO  ? ? Iniciando: Formatacao de paragrafos 1 e 2
17:30:14.820 [00:05,0] WARN  ? 1 paragrafo nao encontrado para formatacao
17:30:14.820 [00:05,0] WARN  ? 2 paragrafo nao encontrado para formatacao
17:30:14.820 [00:05,0] INFO  ? ? Concluido: Formatacao de paragrafos 1 e 2
17:30:14.820 [00:05,0] INFO  ? ? Iniciando: Formatacao de considerandos
17:30:14.820 [00:05,0] INFO  ? ? Concluido: Formatacao de considerandos
17:30:14.820 [00:05,0] INFO  ? ? Iniciando: Aplicacao de substituicoes de texto
17:30:14.820 [00:05,0] INFO  ? Documento vazio - substituicoes de texto ignoradas
17:30:14.820 [00:05,0] INFO  ? ? Concluido: Aplicacao de substituicoes de texto
17:30:14.820 [00:05,0] INFO  ? ? Iniciando: Remocao de marca d'agua e insercao de carimbo
17:30:15.008 [00:06,0] INFO  ? ? Concluido: Remocao de marca d'agua e insercao de carimbo


--------------------------------------------------------------------------------
SECAO: LIMPEZA FINAL
--------------------------------------------------------------------------------
17:30:15.020 [00:06,0] INFO  ? ? Iniciando: Limpeza de espacos multiplos
17:30:15.055 [00:06,0] INFO  ? Limpeza de espacos concluida: 0 correcoes aplicadas (com protecao CONSIDERANDO)
17:30:15.055 [00:06,0] INFO  ? ? Concluido: Limpeza de espacos multiplos
17:30:15.055 [00:06,0] INFO  ? ? Iniciando: Controle de linhas em branco
17:30:15.066 [00:06,0] INFO  ? Controle de linhas vazias concluido em 1 passada(s): 0 linhas excedentes removidas (maximo 1 sequencial)
17:30:15.066 [00:06,0] INFO  ? ? Concluido: Controle de linhas em branco
17:30:15.066 [00:06,0] INFO  ? ? Iniciando: Substituicao de datas do plenario
17:30:15.066 [00:06,0] INFO  ? ? Concluido: Substituicao de datas do plenario


--------------------------------------------------------------------------------
SECAO: FINALIZACAO
--------------------------------------------------------------------------------
17:30:15.078 [00:06,0] INFO  ? ? Iniciando: Configuracao de visualizacao
17:30:15.082 [00:06,0] INFO  ? Visualizacao configurada: zoom definido para 120%, demais configuracoes preservadas
17:30:15.082 [00:06,0] INFO  ? ? Concluido: Configuracao de visualizacao
17:30:15.082 [00:06,0] INFO  ? ? Iniciando: Insercao de rodape
17:30:15.109 [00:06,0] INFO  ? ? Concluido: Insercao de rodape
17:30:15.109 [00:06,0] INFO  ? ? Iniciando: Ajustes finais de negrito e formatacao
17:30:15.109 [00:06,0] INFO  ? Negrito e alinhamento aplicados a 0 paragrafos especiais
17:30:15.109 [00:06,0] INFO  ? ? Concluido: Ajustes finais de negrito e formatacao
17:30:15.109 [00:06,0] INFO  ? ? Iniciando: Formatacoes especiais (diante do exposto, requeiro)
17:30:15.109 [00:06,0] INFO  ? ? Concluido: Formatacoes especiais (diante do exposto, requeiro)
17:30:15.109 [00:06,0] INFO  ? ? Iniciando: Remocao de realces e bordas
17:30:15.121 [00:06,0] INFO  ? Realce removido do documento completo
17:30:15.125 [00:06,0] INFO  ? Realces e bordas removidos: 1 realces, 1 paragrafos com bordas
17:30:15.125 [00:06,0] INFO  ? ? Concluido: Remocao de realces e bordas
17:30:15.125 [00:06,0] INFO  ? ? Iniciando: Remocao de paginas vazias no final
17:30:15.133 [00:06,0] INFO  ? Nenhuma pagina vazia no final do documento
17:30:15.133 [00:06,0] INFO  ? ? Concluido: Remocao de paginas vazias no final
17:30:15.133 [00:06,0] INFO  ? ? Iniciando: Aplicacao de formatacao final universal
17:30:15.133 [00:06,0] INFO  ? Aplicando formatacao final universal: Arial 12, espacamento 1.0, 1 linha entre paragrafos...
17:30:15.137 [00:06,0] INFO  ? Formatacao final aplicada: 1 de 1 paragrafos
17:30:15.137 [00:06,0] INFO  ? ? Concluido: Aplicacao de formatacao final universal
17:30:15.137 [00:06,0] INFO  ? ? Iniciando: Adicao de espacamento especial (ementa, justificativa, data)
17:30:15.137 [00:06,0] INFO  ? Adicionando espacamento especial para ementa, justificativa e data...
17:30:15.137 [00:06,0] INFO  ? Espacamento especial aplicado a 0 elementos
17:30:15.137 [00:06,0] INFO  ? ? Concluido: Adicao de espacamento especial (ementa, justificativa, data)
17:30:15.137 [00:06,0] INFO  ? ? Iniciando: Ajuste final de recuos para Vereador (travessoes)
17:30:15.137 [00:06,0] INFO  ? ? Concluido: Ajuste final de recuos para Vereador (travessoes)
17:30:15.137 [00:06,0] INFO  ? Formatacao completa aplicada com sucesso
17:30:15.137 [00:06,0] INFO  ? ?? Total de paragrafos: 1
17:30:15.215 [00:06,0] INFO  ? Removendo linhas em branco extras e aplicando ajustes...
17:30:15.258 [00:06,0] INFO  ? Linhas em branco removidas: 0, substituicoes: 0
17:30:15.285 [00:06,0] INFO  ? Paragrafo do Plenario nao encontrado para centralizar imagem
17:30:15.289 [00:06,0] INFO  ? Fonte final garantida: Arial 12pt em todo o documento
17:30:15.578 [00:06,0] INFO  ? Configuracoes de visualizacao originais restauradas (zoom mantido em 120%)
17:30:15.605 [00:06,0] INFO  ? Documento padronizado com sucesso
17:30:15.613 [00:06,0] INFO  ? UndoRecord finalizado com sucesso
17:30:15.656 [00:06,0] INFO  ? Variaveis de protecao de imagens limpas
17:30:15.656 [00:06,0] INFO  ? Variaveis de configuracoes de visualizacao limpas


================================================================================
RESUMO DA SESSAO
================================================================================

[STATUS]
  Final: CONCLUIDO COM AVISOS ?
  Termino: 29/04/2026 17:30:15
  Duracao: 6,0s

[ESTATISTICAS]
  Total de eventos: 171
  Informacoes: 164 (95,9%)
  Avisos: 7 (4,1%)
  Erros: 0 (0,0%)

[PERFORMANCE]
  Eventos/segundo: 28,5
  Tempo medio/evento: 35,1ms

[RECOMENDACOES]
   Multiplos avisos detectados - revise o documento manualmente

================================================================================
FIM DO LOG
================================================================================
