================================================================================
Z7_STDPROPOSERS - LOG DE PROCESSAMENTO DE DOCUMENTO
================================================================================

[SESSAO]
  Inicio: 30/04/2026 17:07:06
  ID: 20260430170706

[AMBIENTE]
  Usuario: csantos
  Computador: NOTEPROCLEG01
  Dominio: CMSBONET
  SO: Windows Windows_NT
  Word: 16.0 (Word 2016/2019/2021/365)

[DOCUMENTO]
  Nome: siscam_indicacao_para_zeladroia_em_toda_extensao_ruas_joao_pereira_com_jornalista_gustavo_ribeiro_escobar2vs3mav4.docx
  Caminho: C:\Users\csantos\AppData\Local\Temp
  Tamanho: 2,2 KB
  Paragrafos: 21
  Paginas: 2
  Protecao: Sem protecao
  Idioma: 1046

[CONFIGURACAO]
  Debug: Desativado
  Log: C:\Users\csantos\AppData\Local\Z7\Apps\Z7_StdProposers\source\logs\z7_stdproposers_20260430_170706_siscam_indicacao_para_zeladroia_em_toda_extensao_r.log
  Backup: C:\Users\csantos\AppData\Local\Temp\.z7_stdproposers\props\backups\

================================================================================



--------------------------------------------------------------------------------
SECAO: VERIFICACOES INICIAIS
--------------------------------------------------------------------------------
17:07:06.453 [00:00,0] INFO  ? ? Iniciando: Validacao de documento
17:07:06.453 [00:00,0] INFO  ? Tipo de propositura identificado: INDICAÇÃO
17:07:06.457 [00:00,0] INFO  ? Verificacao LGPD (estrito): nenhum achado grave
17:07:06.457 [00:00,0] INFO  ? ? Concluido: Validacao de documento | Todas as verificacoes passaram
17:07:06.457 [00:00,0] INFO  ? Verificacoes de seguranca concluidas com sucesso
17:07:06.570 [00:00,0] INFO  ? Backup criado com sucesso: siscam_indicacao_para_zeladroia_em_toda_extensao_ruas_joao_pereira_com_jornalista_gustavo_ribeiro_escobar2vs3mav4_backup_2026-04-30_170706.docx
17:07:06.609 [00:00,0] INFO  ? Backup das configuracoes de visualizacao concluido
17:07:06.645 [00:00,0] INFO  ? Backup de propriedades de imagens concluido: 2 imagens catalogadas
17:07:06.656 [00:00,0] INFO  ? Nenhuma lista encontrada no documento
17:07:06.656 [00:00,0] INFO  ? UndoRecord iniciado
17:07:06.656 [00:00,0] INFO  ? === PIPELINE DE FORMATACAO (2 PASSAGENS) ===
17:07:06.660 [00:00,0] INFO  ? Iniciando construcao do cache de paragrafos...
17:07:06.699 [00:00,0] INFO  ? Cache construido: 21 paragrafos em 0,04s
17:07:06.699 [00:00,0] INFO  ? Identificando estrutura do documento...
17:07:06.707 [00:00,0] INFO  ? Titulo da Justificativa identificado no paragrafo 9
17:07:06.730 [00:00,0] INFO  ? Titulo do Anexo identificado no paragrafo 20
17:07:06.730 [00:00,0] INFO  ? === ESTRUTURA DO DOCUMENTO IDENTIFICADA ===
17:07:06.730 [00:00,0] INFO  ? Titulo: paragrafo 0
17:07:06.730 [00:00,0] INFO  ? Ementa: paragrafo 0
17:07:06.730 [00:00,0] INFO  ? Proposicao: paragrafos 0 a 0
17:07:06.730 [00:00,0] INFO  ? Titulo Justificativa: paragrafo 9
17:07:06.730 [00:00,0] INFO  ? Justificativa: paragrafos 10 a 21
17:07:06.730 [00:00,0] INFO  ? Data: paragrafo 0
17:07:06.730 [00:00,0] INFO  ? Assinatura: paragrafos 0 a 0
17:07:06.730 [00:00,0] INFO  ? Titulo Anexo: paragrafo 20
17:07:06.730 [00:00,0] INFO  ? Anexo: paragrafos 21 a 21
17:07:06.730 [00:00,0] INFO  ? ==========================================
17:07:06.730 [00:00,0] INFO  ? === PASSAGEM 1 DE 2 ===


--------------------------------------------------------------------------------
SECAO: LIMPEZA E FORMATACAO
--------------------------------------------------------------------------------
17:07:06.816 [00:00,0] INFO  ? ? Iniciando: Limpeza de formatacao
17:07:07.090 [00:01,0] INFO  ? Formatacao limpa: 21 paragrafos resetados
17:07:07.090 [00:01,0] INFO  ? ? Concluido: Limpeza de formatacao
17:07:07.090 [00:01,0] INFO  ? ? Iniciando: Normalizacao de quebras
17:07:07.098 [00:01,0] INFO  ? ? Concluido: Normalizacao de quebras
17:07:07.098 [00:01,0] INFO  ? ? Iniciando: Limpeza estrutural
17:07:07.121 [00:01,0] INFO  ? ? Concluido: Limpeza estrutural
17:07:07.121 [00:01,0] INFO  ? ? Iniciando: Limpeza de prefixo da ementa
17:07:07.121 [00:01,0] INFO  ? ? Concluido: Limpeza de prefixo da ementa
17:07:07.121 [00:01,0] INFO  ? ? Iniciando: Limpeza de sufixo da ementa
17:07:07.121 [00:01,0] INFO  ? ? Concluido: Limpeza de sufixo da ementa
17:07:07.121 [00:01,0] INFO  ? ? Iniciando: Formatacao de titulo
17:07:07.125 [00:01,0] INFO  ? Titulo de proposicao formatado: INDICAÇÃO Nº $NUMERO$/$ANO$ (centralizado, caixa alta, negrito, sublinhado)
17:07:07.125 [00:01,0] INFO  ? ? Concluido: Formatacao de titulo
17:07:07.125 [00:01,0] INFO  ? ? Iniciando: Aplicacao de fonte padrao
17:07:07.125 [00:01,0] INFO  ? Aplicando fonte padrao (modo otimizado com cache)...
17:07:07.152 [00:01,0] INFO  ? Fonte padrao aplicada: 11 paragrafos em 0,03s
17:07:07.156 [00:01,0] INFO  ? ? Concluido: Aplicacao de fonte padrao | 20 paragrafos
17:07:07.156 [00:01,0] INFO  ? ? Iniciando: Aplicacao de formatacao de paragrafos
17:07:07.293 [00:01,0] INFO  ? Paragrafos formatados: 20 (incluindo 1 com protecao de imagens)
17:07:07.293 [00:01,0] INFO  ? ? Concluido: Aplicacao de formatacao de paragrafos


--------------------------------------------------------------------------------
SECAO: FORMATACOES ESPECIFICAS
--------------------------------------------------------------------------------
17:07:07.301 [00:01,0] INFO  ? ? Iniciando: Formatacao de paragrafos 1 e 2
17:07:07.312 [00:01,0] INFO  ? 2 paragrafo formatado com 2 linhas em branco antes e depois (posicao: 4)
17:07:07.312 [00:01,0] INFO  ? ? Concluido: Formatacao de paragrafos 1 e 2
17:07:07.312 [00:01,0] INFO  ? ? Iniciando: Formatacao de considerandos
17:07:07.328 [00:01,0] INFO  ? ? Concluido: Formatacao de considerandos
17:07:07.328 [00:01,0] INFO  ? ? Iniciando: Aplicacao de substituicoes de texto
17:07:07.543 [00:01,0] INFO  ? Substituicoes de texto: nenhuma ocorrencia encontrada
17:07:07.559 [00:01,0] INFO  ? Substituicao aplicada: 'para sugerir' -> 'para indicar' no 1 paragrafo apos a ementa (1x)
17:07:07.562 [00:01,0] INFO  ? Substituicao aplicada: abertura Art. 108 normalizada no 1 paragrafo apos a ementa (1x)
17:07:07.656 [00:01,0] INFO  ? ? Concluido: Aplicacao de substituicoes de texto
17:07:07.656 [00:01,0] INFO  ? ? Iniciando: Remocao de marca d'agua e insercao de carimbo
17:07:08.004 [00:02,0] INFO  ? ? Concluido: Remocao de marca d'agua e insercao de carimbo


--------------------------------------------------------------------------------
SECAO: LIMPEZA FINAL
--------------------------------------------------------------------------------
17:07:08.012 [00:02,0] INFO  ? ? Iniciando: Limpeza de espacos multiplos
17:07:08.062 [00:02,0] INFO  ? Limpeza de espacos concluida: 0 correcoes aplicadas (com protecao CONSIDERANDO)
17:07:08.062 [00:02,0] INFO  ? ? Concluido: Limpeza de espacos multiplos
17:07:08.062 [00:02,0] INFO  ? ? Iniciando: Controle de linhas em branco
17:07:08.117 [00:02,0] INFO  ? Controle de linhas vazias concluido em 2 passada(s): 2 linhas excedentes removidas (maximo 1 sequencial)
17:07:08.117 [00:02,0] INFO  ? ? Concluido: Controle de linhas em branco
17:07:08.117 [00:02,0] INFO  ? ? Iniciando: Substituicao de datas do plenario
17:07:08.121 [00:02,0] INFO  ? ? Concluido: Substituicao de datas do plenario


--------------------------------------------------------------------------------
SECAO: FINALIZACAO
--------------------------------------------------------------------------------
17:07:08.133 [00:02,0] INFO  ? ? Iniciando: Configuracao de visualizacao
17:07:08.176 [00:02,0] INFO  ? Visualizacao configurada: zoom definido para 120%, demais configuracoes preservadas
17:07:08.176 [00:02,0] INFO  ? ? Concluido: Configuracao de visualizacao
17:07:08.176 [00:02,0] INFO  ? ? Iniciando: Insercao de rodape
17:07:08.215 [00:02,0] INFO  ? ? Concluido: Insercao de rodape
17:07:08.215 [00:02,0] INFO  ? ? Iniciando: Ajustes finais de negrito e formatacao
17:07:08.227 [00:02,0] INFO  ? Negrito e alinhamento aplicados a 2 paragrafos especiais
17:07:08.258 [00:02,0] INFO  ? Paragrafo 'Vereador' formatado (sem negrito) com linhas adjacentes centralizadas (posicao: 18)
17:07:08.262 [00:02,0] INFO  ? Formatacao 'Vereador': 1 ocorrencias formatadas
17:07:08.262 [00:02,0] INFO  ? ? Concluido: Ajustes finais de negrito e formatacao
17:07:08.262 [00:02,0] INFO  ? ? Iniciando: Formatacoes especiais (diante do exposto, requeiro)
17:07:08.289 [00:02,0] INFO  ? ? Concluido: Formatacoes especiais (diante do exposto, requeiro)
17:07:08.289 [00:02,0] INFO  ? ? Iniciando: Remocao de realces e bordas
17:07:08.297 [00:02,0] INFO  ? Realce removido do documento completo
17:07:08.328 [00:02,0] INFO  ? Realces e bordas removidos: 1 realces, 21 paragrafos com bordas
17:07:08.328 [00:02,0] INFO  ? ? Concluido: Remocao de realces e bordas
17:07:08.328 [00:02,0] INFO  ? ? Iniciando: Remocao de paginas vazias no final
17:07:08.355 [00:02,0] INFO  ? Nenhuma pagina vazia no final do documento
17:07:08.355 [00:02,0] INFO  ? ? Concluido: Remocao de paginas vazias no final
17:07:08.355 [00:02,0] INFO  ? ? Iniciando: Aplicacao de formatacao final universal
17:07:08.355 [00:02,0] INFO  ? Aplicando formatacao final universal: Arial 12, espacamento 1.0, 1 linha entre paragrafos...
17:07:08.418 [00:02,0] INFO  ? Formatacao final aplicada: 21 de 21 paragrafos
17:07:08.418 [00:02,0] INFO  ? ? Concluido: Aplicacao de formatacao final universal
17:07:08.418 [00:02,0] INFO  ? ? Iniciando: Adicao de espacamento especial (ementa, justificativa, data)
17:07:08.418 [00:02,0] INFO  ? Adicionando espacamento especial para ementa, justificativa e data...
17:07:08.426 [00:02,0] INFO  ? Espacamento especial aplicado a 1 elementos
17:07:08.426 [00:02,0] INFO  ? ? Concluido: Adicao de espacamento especial (ementa, justificativa, data)
17:07:08.426 [00:02,0] INFO  ? ? Iniciando: Ajuste final de recuos para Vereador (travessoes)
17:07:08.434 [00:02,0] INFO  ? Recuos ajustados para 1 paragrafo(s) de Vereador/Vereadora
17:07:08.434 [00:02,0] INFO  ? ? Concluido: Ajuste final de recuos para Vereador (travessoes)
17:07:08.434 [00:02,0] INFO  ? Formatacao completa aplicada com sucesso
17:07:08.438 [00:02,0] INFO  ? ?? Total de paragrafos: 21
17:07:08.625 [00:02,0] INFO  ? Verificacao de imagens concluida: 2 imagens integras
17:07:08.625 [00:02,0] INFO  ? === PASSAGEM 2 DE 2 ===


--------------------------------------------------------------------------------
SECAO: LIMPEZA E FORMATACAO
--------------------------------------------------------------------------------
17:07:08.703 [00:02,0] INFO  ? ? Iniciando: Limpeza de formatacao
17:07:09.008 [00:03,0] INFO  ? Formatacao limpa: 21 paragrafos resetados
17:07:09.008 [00:03,0] INFO  ? ? Concluido: Limpeza de formatacao
17:07:09.008 [00:03,0] INFO  ? ? Iniciando: Normalizacao de quebras
17:07:09.023 [00:03,0] INFO  ? ? Concluido: Normalizacao de quebras
17:07:09.023 [00:03,0] INFO  ? ? Iniciando: Limpeza estrutural
17:07:09.051 [00:03,0] INFO  ? ? Concluido: Limpeza estrutural
17:07:09.051 [00:03,0] INFO  ? ? Iniciando: Limpeza de prefixo da ementa
17:07:09.051 [00:03,0] INFO  ? ? Concluido: Limpeza de prefixo da ementa
17:07:09.051 [00:03,0] INFO  ? ? Iniciando: Limpeza de sufixo da ementa
17:07:09.051 [00:03,0] INFO  ? ? Concluido: Limpeza de sufixo da ementa
17:07:09.051 [00:03,0] INFO  ? ? Iniciando: Formatacao de titulo
17:07:09.055 [00:03,0] INFO  ? Titulo de proposicao formatado: INDICAÇÃO Nº $NUMERO$/$ANO$ (centralizado, caixa alta, negrito, sublinhado)
17:07:09.055 [00:03,0] INFO  ? ? Concluido: Formatacao de titulo
17:07:09.055 [00:03,0] INFO  ? ? Iniciando: Aplicacao de fonte padrao
17:07:09.055 [00:03,0] INFO  ? Aplicando fonte padrao (modo otimizado com cache)...
17:07:09.090 [00:03,0] INFO  ? Fonte padrao aplicada: 11 paragrafos em 0,04s
17:07:09.090 [00:03,0] INFO  ? ? Concluido: Aplicacao de fonte padrao | 20 paragrafos
17:07:09.090 [00:03,0] INFO  ? ? Iniciando: Aplicacao de formatacao de paragrafos
17:07:09.219 [00:03,0] INFO  ? Paragrafos formatados: 20 (incluindo 1 com protecao de imagens)
17:07:09.219 [00:03,0] INFO  ? ? Concluido: Aplicacao de formatacao de paragrafos


--------------------------------------------------------------------------------
SECAO: FORMATACOES ESPECIFICAS
--------------------------------------------------------------------------------
17:07:09.227 [00:03,0] INFO  ? ? Iniciando: Formatacao de paragrafos 1 e 2
17:07:09.238 [00:03,0] INFO  ? 2 paragrafo formatado com 2 linhas em branco antes e depois (posicao: 4)
17:07:09.238 [00:03,0] INFO  ? ? Concluido: Formatacao de paragrafos 1 e 2
17:07:09.238 [00:03,0] INFO  ? ? Iniciando: Formatacao de considerandos
17:07:09.258 [00:03,0] INFO  ? ? Concluido: Formatacao de considerandos
17:07:09.258 [00:03,0] INFO  ? ? Iniciando: Aplicacao de substituicoes de texto
17:07:09.461 [00:03,0] INFO  ? Substituicoes de texto: nenhuma ocorrencia encontrada
17:07:09.488 [00:03,0] INFO  ? Substituicao aplicada: abertura Art. 108 normalizada no 1 paragrafo apos a ementa (1x)
17:07:09.559 [00:03,0] INFO  ? ? Concluido: Aplicacao de substituicoes de texto
17:07:09.559 [00:03,0] INFO  ? ? Iniciando: Remocao de marca d'agua e insercao de carimbo
17:07:09.863 [00:03,0] INFO  ? ? Concluido: Remocao de marca d'agua e insercao de carimbo


--------------------------------------------------------------------------------
SECAO: LIMPEZA FINAL
--------------------------------------------------------------------------------
17:07:09.871 [00:03,0] INFO  ? ? Iniciando: Limpeza de espacos multiplos
17:07:09.918 [00:03,0] INFO  ? Limpeza de espacos concluida: 0 correcoes aplicadas (com protecao CONSIDERANDO)
17:07:09.918 [00:03,0] INFO  ? ? Concluido: Limpeza de espacos multiplos
17:07:09.918 [00:03,0] INFO  ? ? Iniciando: Controle de linhas em branco
17:07:09.973 [00:03,0] INFO  ? Controle de linhas vazias concluido em 2 passada(s): 2 linhas excedentes removidas (maximo 1 sequencial)
17:07:09.973 [00:03,0] INFO  ? ? Concluido: Controle de linhas em branco
17:07:09.973 [00:03,0] INFO  ? ? Iniciando: Substituicao de datas do plenario
17:07:09.980 [00:03,0] INFO  ? ? Concluido: Substituicao de datas do plenario


--------------------------------------------------------------------------------
SECAO: FINALIZACAO
--------------------------------------------------------------------------------
17:07:09.988 [00:03,0] INFO  ? ? Iniciando: Configuracao de visualizacao
17:07:09.996 [00:03,0] INFO  ? Visualizacao configurada: zoom definido para 120%, demais configuracoes preservadas
17:07:09.996 [00:03,0] INFO  ? ? Concluido: Configuracao de visualizacao
17:07:09.996 [00:03,0] INFO  ? ? Iniciando: Insercao de rodape
17:07:10.035 [00:04,0] INFO  ? ? Concluido: Insercao de rodape
17:07:10.035 [00:04,0] INFO  ? ? Iniciando: Ajustes finais de negrito e formatacao
17:07:10.051 [00:04,0] INFO  ? Negrito e alinhamento aplicados a 2 paragrafos especiais
17:07:10.086 [00:04,0] INFO  ? Paragrafo 'Vereador' formatado (sem negrito) com linhas adjacentes centralizadas (posicao: 18)
17:07:10.090 [00:04,0] INFO  ? Formatacao 'Vereador': 1 ocorrencias formatadas
17:07:10.090 [00:04,0] INFO  ? ? Concluido: Ajustes finais de negrito e formatacao
17:07:10.090 [00:04,0] INFO  ? ? Iniciando: Formatacoes especiais (diante do exposto, requeiro)
17:07:10.121 [00:04,0] INFO  ? ? Concluido: Formatacoes especiais (diante do exposto, requeiro)
17:07:10.121 [00:04,0] INFO  ? ? Iniciando: Remocao de realces e bordas
17:07:10.129 [00:04,0] INFO  ? Realce removido do documento completo
17:07:10.164 [00:04,0] INFO  ? Realces e bordas removidos: 1 realces, 21 paragrafos com bordas
17:07:10.164 [00:04,0] INFO  ? ? Concluido: Remocao de realces e bordas
17:07:10.164 [00:04,0] INFO  ? ? Iniciando: Remocao de paginas vazias no final
17:07:10.188 [00:04,0] INFO  ? Nenhuma pagina vazia no final do documento
17:07:10.188 [00:04,0] INFO  ? ? Concluido: Remocao de paginas vazias no final
17:07:10.188 [00:04,0] INFO  ? ? Iniciando: Aplicacao de formatacao final universal
17:07:10.188 [00:04,0] INFO  ? Aplicando formatacao final universal: Arial 12, espacamento 1.0, 1 linha entre paragrafos...
17:07:10.223 [00:04,0] INFO  ? Formatacao final aplicada: 21 de 21 paragrafos
17:07:10.223 [00:04,0] INFO  ? ? Concluido: Aplicacao de formatacao final universal
17:07:10.223 [00:04,0] INFO  ? ? Iniciando: Adicao de espacamento especial (ementa, justificativa, data)
17:07:10.223 [00:04,0] INFO  ? Adicionando espacamento especial para ementa, justificativa e data...
17:07:10.227 [00:04,0] INFO  ? Espacamento especial aplicado a 1 elementos
17:07:10.227 [00:04,0] INFO  ? ? Concluido: Adicao de espacamento especial (ementa, justificativa, data)
17:07:10.227 [00:04,0] INFO  ? ? Iniciando: Ajuste final de recuos para Vereador (travessoes)
17:07:10.242 [00:04,0] INFO  ? Recuos ajustados para 1 paragrafo(s) de Vereador/Vereadora
17:07:10.242 [00:04,0] INFO  ? ? Concluido: Ajuste final de recuos para Vereador (travessoes)
17:07:10.242 [00:04,0] INFO  ? Formatacao completa aplicada com sucesso
17:07:10.242 [00:04,0] INFO  ? ?? Total de paragrafos: 21
17:07:10.430 [00:04,0] INFO  ? Verificacao de imagens concluida: 2 imagens integras
17:07:10.438 [00:04,0] INFO  ? Removendo linhas em branco extras e aplicando ajustes...
17:07:10.609 [00:04,0] INFO  ? Linhas em branco removidas: 0, substituicoes: 0
17:07:10.648 [00:04,0] INFO  ? Recuos de paragrafos com imagens formatados: 1 paragrafos
17:07:10.668 [00:04,0] INFO  ? Paragrafo do Plenario nao encontrado para centralizar imagem
17:07:10.684 [00:04,0] INFO  ? Fonte final garantida: Arial 12pt em todo o documento
17:07:11.008 [00:05,0] INFO  ? Configuracoes de visualizacao originais restauradas (zoom mantido em 120%)
17:07:11.016 [00:05,0] INFO  ? Documento padronizado com sucesso
17:07:11.023 [00:05,0] INFO  ? UndoRecord finalizado com sucesso
17:07:11.066 [00:05,0] INFO  ? Variaveis de protecao de imagens limpas
17:07:11.066 [00:05,0] INFO  ? Variaveis de configuracoes de visualizacao limpas


================================================================================
RESUMO DA SESSAO
================================================================================

[STATUS]
  Final: CONCLUIDO COM SUCESSO ?
  Termino: 30/04/2026 17:07:11
  Duracao: 5,0s

[ESTATISTICAS]
  Total de eventos: 186
  Informacoes: 186 (100,0%)
  Avisos: 0 (0,0%)
  Erros: 0 (0,0%)

[PERFORMANCE]
  Eventos/segundo: 37,2
  Tempo medio/evento: 26,9ms

================================================================================
FIM DO LOG
================================================================================
