================================================================================
Z7_STDPROPOSERS - LOG DE PROCESSAMENTO DE DOCUMENTO
================================================================================

[SESSAO]
  Inicio: 30/04/2026 13:24:42
  ID: 20260430132442

[AMBIENTE]
  Usuario: csantos
  Computador: NOTEPROCLEG01
  Dominio: CMSBONET
  SO: Windows Windows_NT
  Word: 16.0 (Word 2016/2019/2021/365)

[DOCUMENTO]
  Nome: siscam_indica_ao_poder_executivo_municipal_operacao_“tapa_buraco”_em_toda_extensao_avenida_mogi_guacu_no_bairro_jardim_laranjeirasylmmpq2b.docx
  Caminho: C:\Users\csantos\AppData\Local\Temp
  Tamanho: 1,6 KB
  Paragrafos: 19
  Paginas: 1
  Protecao: Sem protecao
  Idioma: 1046

[CONFIGURACAO]
  Debug: Desativado
  Log: C:\Users\csantos\AppData\Local\Z7\Apps\Z7_StdProposers\source\logs\z7_stdproposers_20260430_132442_siscam_indica_ao_poder_executivo_municipal_operaca.log
  Backup: C:\Users\csantos\AppData\Local\Temp\.z7_stdproposers\props\backups\

================================================================================



--------------------------------------------------------------------------------
SECAO: VERIFICACOES INICIAIS
--------------------------------------------------------------------------------
13:24:42.824 [00:00,0] INFO  ? ? Iniciando: Validacao de documento
13:24:42.824 [00:00,0] INFO  ? Tipo de propositura identificado: INDICAÇÃO
13:24:42.824 [00:00,0] INFO  ? Verificacao LGPD (estrito): nenhum achado grave
13:24:42.824 [00:00,0] INFO  ? ? Concluido: Validacao de documento | Todas as verificacoes passaram
13:24:42.824 [00:00,0] INFO  ? Verificacoes de seguranca concluidas com sucesso
13:24:43.008 [00:01,0] INFO  ? Backup criado com sucesso: siscam_indica_ao_poder_executivo_municipal_operacao_“tapa_buraco”_em_toda_extensao_avenida_mogi_guacu_no_bairro_jardim_laranjeirasylmmpq2b_backup_2026-04-30_132442.docx
13:24:43.102 [00:01,0] INFO  ? Backup das configuracoes de visualizacao concluido
13:24:43.152 [00:01,0] INFO  ? Backup de propriedades de imagens concluido: 1 imagens catalogadas
13:24:43.160 [00:01,0] INFO  ? Nenhuma lista encontrada no documento
13:24:43.160 [00:01,0] INFO  ? UndoRecord iniciado
13:24:43.160 [00:01,0] INFO  ? === PIPELINE DE FORMATACAO (2 PASSAGENS) ===
13:24:43.188 [00:01,0] INFO  ? Iniciando construcao do cache de paragrafos...
13:24:43.199 [00:01,0] INFO  ? Cache construido: 19 paragrafos em 0,01s
13:24:43.199 [00:01,0] INFO  ? Identificando estrutura do documento...
13:24:43.211 [00:01,0] INFO  ? Titulo da Justificativa identificado no paragrafo 11
13:24:43.211 [00:01,0] INFO  ? Data (Plenario) identificada no paragrafo 15
13:24:43.215 [00:01,0] INFO  ? === ESTRUTURA DO DOCUMENTO IDENTIFICADA ===
13:24:43.215 [00:01,0] INFO  ? Titulo: paragrafo 0
13:24:43.215 [00:01,0] INFO  ? Ementa: paragrafo 0
13:24:43.215 [00:01,0] INFO  ? Proposicao: paragrafos 0 a 0
13:24:43.215 [00:01,0] INFO  ? Titulo Justificativa: paragrafo 11
13:24:43.215 [00:01,0] INFO  ? Justificativa: paragrafos 12 a 14
13:24:43.215 [00:01,0] INFO  ? Data: paragrafo 15
13:24:43.215 [00:01,0] INFO  ? Assinatura: paragrafos 0 a 0
13:24:43.215 [00:01,0] INFO  ? Titulo Anexo: paragrafo 0
13:24:43.215 [00:01,0] INFO  ? Anexo: paragrafos 0 a 0
13:24:43.215 [00:01,0] INFO  ? ==========================================
13:24:43.215 [00:01,0] INFO  ? === PASSAGEM 1 DE 2 ===


--------------------------------------------------------------------------------
SECAO: LIMPEZA E FORMATACAO
--------------------------------------------------------------------------------
13:24:43.957 [00:01,0] INFO  ? ? Iniciando: Limpeza de formatacao
13:24:44.391 [00:02,0] INFO  ? Formatacao limpa: 19 paragrafos resetados
13:24:44.391 [00:02,0] INFO  ? ? Concluido: Limpeza de formatacao
13:24:44.391 [00:02,0] INFO  ? ? Iniciando: Normalizacao de quebras
13:24:44.395 [00:02,0] INFO  ? ? Concluido: Normalizacao de quebras
13:24:44.395 [00:02,0] INFO  ? ? Iniciando: Limpeza estrutural
13:24:44.410 [00:02,0] INFO  ? ? Concluido: Limpeza estrutural
13:24:44.410 [00:02,0] INFO  ? ? Iniciando: Limpeza de prefixo da ementa
13:24:44.410 [00:02,0] INFO  ? ? Concluido: Limpeza de prefixo da ementa
13:24:44.410 [00:02,0] INFO  ? ? Iniciando: Limpeza de sufixo da ementa
13:24:44.410 [00:02,0] INFO  ? ? Concluido: Limpeza de sufixo da ementa
13:24:44.410 [00:02,0] INFO  ? ? Iniciando: Formatacao de titulo
13:24:44.414 [00:02,0] INFO  ? Titulo de proposicao formatado: INDICAÇÃO Nº $NUMERO$/$ANO$ (centralizado, caixa alta, negrito, sublinhado)
13:24:44.414 [00:02,0] INFO  ? ? Concluido: Formatacao de titulo
13:24:44.414 [00:02,0] INFO  ? ? Iniciando: Aplicacao de fonte padrao
13:24:44.414 [00:02,0] INFO  ? Aplicando fonte padrao (modo otimizado com cache)...
13:24:44.434 [00:02,0] INFO  ? Fonte padrao aplicada: 8 paragrafos em 0,02s
13:24:44.434 [00:02,0] INFO  ? ? Concluido: Aplicacao de fonte padrao | 18 paragrafos
13:24:44.434 [00:02,0] INFO  ? ? Iniciando: Aplicacao de formatacao de paragrafos
13:24:44.609 [00:02,0] INFO  ? Paragrafos formatados: 18 (incluindo 1 com protecao de imagens)
13:24:44.609 [00:02,0] INFO  ? ? Concluido: Aplicacao de formatacao de paragrafos


--------------------------------------------------------------------------------
SECAO: FORMATACOES ESPECIFICAS
--------------------------------------------------------------------------------
13:24:44.617 [00:02,0] INFO  ? ? Iniciando: Formatacao de paragrafos 1 e 2
13:24:44.633 [00:02,0] INFO  ? 2 paragrafo formatado com 2 linhas em branco antes e depois (posicao: 4)
13:24:44.633 [00:02,0] INFO  ? ? Concluido: Formatacao de paragrafos 1 e 2
13:24:44.633 [00:02,0] INFO  ? ? Iniciando: Formatacao de considerandos
13:24:44.637 [00:02,0] INFO  ? ? Concluido: Formatacao de considerandos
13:24:44.637 [00:02,0] INFO  ? ? Iniciando: Aplicacao de substituicoes de texto
13:24:44.816 [00:02,0] INFO  ? Substituicoes de texto: nenhuma ocorrencia encontrada
13:24:45.613 [00:03,0] INFO  ? Substituicao aplicada: ' Setor Competente ' -> ' setor competente ' (500x)
13:24:45.691 [00:03,0] INFO  ? Substituicao aplicada: variantes de 'tapa-buracos' normalizadas (2x)
13:24:45.715 [00:03,0] INFO  ? ? Concluido: Aplicacao de substituicoes de texto
13:24:45.715 [00:03,0] INFO  ? ? Iniciando: Remocao de marca d'agua e insercao de carimbo
13:24:45.953 [00:03,0] INFO  ? ? Concluido: Remocao de marca d'agua e insercao de carimbo


--------------------------------------------------------------------------------
SECAO: LIMPEZA FINAL
--------------------------------------------------------------------------------
13:24:45.965 [00:03,0] INFO  ? ? Iniciando: Limpeza de espacos multiplos
13:24:46.016 [00:04,0] INFO  ? Limpeza de espacos concluida: 1 correcoes aplicadas (com protecao CONSIDERANDO)
13:24:46.016 [00:04,0] INFO  ? ? Concluido: Limpeza de espacos multiplos
13:24:46.016 [00:04,0] INFO  ? ? Iniciando: Controle de linhas em branco
13:24:46.055 [00:04,0] INFO  ? Controle de linhas vazias concluido em 2 passada(s): 3 linhas excedentes removidas (maximo 1 sequencial)
13:24:46.055 [00:04,0] INFO  ? ? Concluido: Controle de linhas em branco
13:24:46.055 [00:04,0] INFO  ? ? Iniciando: Substituicao de datas do plenario
13:24:46.062 [00:04,0] INFO  ? Paragrafo de plenario substituido e formatado
13:24:46.062 [00:04,0] INFO  ? ? Concluido: Substituicao de datas do plenario


--------------------------------------------------------------------------------
SECAO: FINALIZACAO
--------------------------------------------------------------------------------
13:24:46.074 [00:04,0] INFO  ? ? Iniciando: Configuracao de visualizacao
13:24:46.078 [00:04,0] INFO  ? Visualizacao configurada: zoom definido para 120%, demais configuracoes preservadas
13:24:46.078 [00:04,0] INFO  ? ? Concluido: Configuracao de visualizacao
13:24:46.078 [00:04,0] INFO  ? ? Iniciando: Insercao de rodape
13:24:46.105 [00:04,0] INFO  ? ? Concluido: Insercao de rodape
13:24:46.105 [00:04,0] INFO  ? ? Iniciando: Ajustes finais de negrito e formatacao
13:24:46.125 [00:04,0] INFO  ? Negrito e alinhamento aplicados a 1 paragrafos especiais
13:24:46.129 [00:04,0] INFO  ? ? Concluido: Ajustes finais de negrito e formatacao
13:24:46.129 [00:04,0] INFO  ? ? Iniciando: Formatacoes especiais (diante do exposto, requeiro)
13:24:46.156 [00:04,0] INFO  ? ? Concluido: Formatacoes especiais (diante do exposto, requeiro)
13:24:46.156 [00:04,0] INFO  ? ? Iniciando: Remocao de realces e bordas
13:24:46.164 [00:04,0] INFO  ? Realce removido do documento completo
13:24:46.188 [00:04,0] INFO  ? Realces e bordas removidos: 1 realces, 17 paragrafos com bordas
13:24:46.188 [00:04,0] INFO  ? ? Concluido: Remocao de realces e bordas
13:24:46.188 [00:04,0] INFO  ? ? Iniciando: Remocao de paginas vazias no final
13:24:46.203 [00:04,0] INFO  ? Nenhuma pagina vazia no final do documento
13:24:46.203 [00:04,0] INFO  ? ? Concluido: Remocao de paginas vazias no final
13:24:46.203 [00:04,0] INFO  ? ? Iniciando: Aplicacao de formatacao final universal
13:24:46.203 [00:04,0] INFO  ? Aplicando formatacao final universal: Arial 12, espacamento 1.0, 1 linha entre paragrafos...
13:24:46.211 [00:04,0] INFO  ? Formatacao final aplicada: 17 de 17 paragrafos
13:24:46.211 [00:04,0] INFO  ? ? Concluido: Aplicacao de formatacao final universal
13:24:46.211 [00:04,0] INFO  ? ? Iniciando: Adicao de espacamento especial (ementa, justificativa, data)
13:24:46.211 [00:04,0] INFO  ? Adicionando espacamento especial para ementa, justificativa e data...
13:24:46.215 [00:04,0] INFO  ? Espacamento especial aplicado a 2 elementos
13:24:46.215 [00:04,0] INFO  ? ? Concluido: Adicao de espacamento especial (ementa, justificativa, data)
13:24:46.215 [00:04,0] INFO  ? ? Iniciando: Ajuste final de recuos para Vereador (travessoes)
13:24:46.215 [00:04,0] INFO  ? ? Concluido: Ajuste final de recuos para Vereador (travessoes)
13:24:46.215 [00:04,0] INFO  ? Formatacao completa aplicada com sucesso
13:24:46.215 [00:04,0] INFO  ? ?? Total de paragrafos: 17
13:24:46.254 [00:04,0] INFO  ? Verificacao de imagens concluida: 1 imagens integras
13:24:46.254 [00:04,0] INFO  ? === PASSAGEM 2 DE 2 ===


--------------------------------------------------------------------------------
SECAO: LIMPEZA E FORMATACAO
--------------------------------------------------------------------------------
13:24:46.387 [00:04,0] INFO  ? ? Iniciando: Limpeza de formatacao
13:24:46.684 [00:04,0] INFO  ? Formatacao limpa: 17 paragrafos resetados
13:24:46.684 [00:04,0] INFO  ? ? Concluido: Limpeza de formatacao
13:24:46.684 [00:04,0] INFO  ? ? Iniciando: Normalizacao de quebras
13:24:46.691 [00:04,0] INFO  ? ? Concluido: Normalizacao de quebras
13:24:46.691 [00:04,0] INFO  ? ? Iniciando: Limpeza estrutural
13:24:46.703 [00:04,0] INFO  ? ? Concluido: Limpeza estrutural
13:24:46.703 [00:04,0] INFO  ? ? Iniciando: Limpeza de prefixo da ementa
13:24:46.703 [00:04,0] INFO  ? ? Concluido: Limpeza de prefixo da ementa
13:24:46.703 [00:04,0] INFO  ? ? Iniciando: Limpeza de sufixo da ementa
13:24:46.703 [00:04,0] INFO  ? ? Concluido: Limpeza de sufixo da ementa
13:24:46.703 [00:04,0] INFO  ? ? Iniciando: Formatacao de titulo
13:24:46.707 [00:04,0] INFO  ? Titulo de proposicao formatado: INDICAÇÃO Nº $NUMERO$/$ANO$ (centralizado, caixa alta, negrito, sublinhado)
13:24:46.707 [00:04,0] INFO  ? ? Concluido: Formatacao de titulo
13:24:46.707 [00:04,0] INFO  ? ? Iniciando: Aplicacao de fonte padrao
13:24:46.707 [00:04,0] INFO  ? Aplicando fonte padrao (modo otimizado com cache)...
13:24:46.719 [00:04,0] WARN  ? Erro: Indice de paragrafo invalido (17)
13:24:46.719 [00:04,0] INFO  ? Fonte padrao aplicada: 7 paragrafos em 0,01s
13:24:46.719 [00:04,0] INFO  ? ? Concluido: Aplicacao de fonte padrao | 16 paragrafos
13:24:46.719 [00:04,0] INFO  ? ? Iniciando: Aplicacao de formatacao de paragrafos
13:24:46.879 [00:04,0] INFO  ? Paragrafos formatados: 16 (incluindo 1 com protecao de imagens)
13:24:46.879 [00:04,0] INFO  ? ? Concluido: Aplicacao de formatacao de paragrafos


--------------------------------------------------------------------------------
SECAO: FORMATACOES ESPECIFICAS
--------------------------------------------------------------------------------
13:24:46.887 [00:04,0] INFO  ? ? Iniciando: Formatacao de paragrafos 1 e 2
13:24:46.898 [00:04,0] INFO  ? 2 paragrafo formatado com 2 linhas em branco antes e depois (posicao: 4)
13:24:46.898 [00:04,0] INFO  ? ? Concluido: Formatacao de paragrafos 1 e 2
13:24:46.898 [00:04,0] INFO  ? ? Iniciando: Formatacao de considerandos
13:24:46.910 [00:04,0] INFO  ? ? Concluido: Formatacao de considerandos
13:24:46.910 [00:04,0] INFO  ? ? Iniciando: Aplicacao de substituicoes de texto
13:24:47.098 [00:05,0] INFO  ? Substituicoes de texto: nenhuma ocorrencia encontrada
13:24:47.910 [00:05,0] INFO  ? Substituicao aplicada: ' Setor Competente ' -> ' setor competente ' (500x)
13:24:48.012 [00:06,0] INFO  ? ? Concluido: Aplicacao de substituicoes de texto
13:24:48.012 [00:06,0] INFO  ? ? Iniciando: Remocao de marca d'agua e insercao de carimbo
13:24:48.238 [00:06,0] INFO  ? ? Concluido: Remocao de marca d'agua e insercao de carimbo


--------------------------------------------------------------------------------
SECAO: LIMPEZA FINAL
--------------------------------------------------------------------------------
13:24:48.246 [00:06,0] INFO  ? ? Iniciando: Limpeza de espacos multiplos
13:24:48.281 [00:06,0] INFO  ? Limpeza de espacos concluida: 0 correcoes aplicadas (com protecao CONSIDERANDO)
13:24:48.281 [00:06,0] INFO  ? ? Concluido: Limpeza de espacos multiplos
13:24:48.281 [00:06,0] INFO  ? ? Iniciando: Controle de linhas em branco
13:24:48.324 [00:06,0] INFO  ? Controle de linhas vazias concluido em 2 passada(s): 2 linhas excedentes removidas (maximo 1 sequencial)
13:24:48.324 [00:06,0] INFO  ? ? Concluido: Controle de linhas em branco
13:24:48.324 [00:06,0] INFO  ? ? Iniciando: Substituicao de datas do plenario
13:24:48.332 [00:06,0] INFO  ? Paragrafo de plenario substituido e formatado
13:24:48.332 [00:06,0] INFO  ? ? Concluido: Substituicao de datas do plenario


--------------------------------------------------------------------------------
SECAO: FINALIZACAO
--------------------------------------------------------------------------------
13:24:48.340 [00:06,0] INFO  ? ? Iniciando: Configuracao de visualizacao
13:24:48.348 [00:06,0] INFO  ? Visualizacao configurada: zoom definido para 120%, demais configuracoes preservadas
13:24:48.348 [00:06,0] INFO  ? ? Concluido: Configuracao de visualizacao
13:24:48.348 [00:06,0] INFO  ? ? Iniciando: Insercao de rodape
13:24:48.375 [00:06,0] INFO  ? ? Concluido: Insercao de rodape
13:24:48.375 [00:06,0] INFO  ? ? Iniciando: Ajustes finais de negrito e formatacao
13:24:48.395 [00:06,0] INFO  ? Negrito e alinhamento aplicados a 1 paragrafos especiais
13:24:48.406 [00:06,0] INFO  ? ? Concluido: Ajustes finais de negrito e formatacao
13:24:48.406 [00:06,0] INFO  ? ? Iniciando: Formatacoes especiais (diante do exposto, requeiro)
13:24:48.434 [00:06,0] INFO  ? ? Concluido: Formatacoes especiais (diante do exposto, requeiro)
13:24:48.434 [00:06,0] INFO  ? ? Iniciando: Remocao de realces e bordas
13:24:48.445 [00:06,0] INFO  ? Realce removido do documento completo
13:24:48.469 [00:06,0] INFO  ? Realces e bordas removidos: 1 realces, 17 paragrafos com bordas
13:24:48.469 [00:06,0] INFO  ? ? Concluido: Remocao de realces e bordas
13:24:48.469 [00:06,0] INFO  ? ? Iniciando: Remocao de paginas vazias no final
13:24:48.484 [00:06,0] INFO  ? Nenhuma pagina vazia no final do documento
13:24:48.484 [00:06,0] INFO  ? ? Concluido: Remocao de paginas vazias no final
13:24:48.484 [00:06,0] INFO  ? ? Iniciando: Aplicacao de formatacao final universal
13:24:48.488 [00:06,0] INFO  ? Aplicando formatacao final universal: Arial 12, espacamento 1.0, 1 linha entre paragrafos...
13:24:48.492 [00:06,0] INFO  ? Formatacao final aplicada: 17 de 17 paragrafos
13:24:48.492 [00:06,0] INFO  ? ? Concluido: Aplicacao de formatacao final universal
13:24:48.492 [00:06,0] INFO  ? ? Iniciando: Adicao de espacamento especial (ementa, justificativa, data)
13:24:48.492 [00:06,0] INFO  ? Adicionando espacamento especial para ementa, justificativa e data...
13:24:48.496 [00:06,0] INFO  ? Espacamento especial aplicado a 2 elementos
13:24:48.496 [00:06,0] INFO  ? ? Concluido: Adicao de espacamento especial (ementa, justificativa, data)
13:24:48.496 [00:06,0] INFO  ? ? Iniciando: Ajuste final de recuos para Vereador (travessoes)
13:24:48.500 [00:06,0] INFO  ? ? Concluido: Ajuste final de recuos para Vereador (travessoes)
13:24:48.500 [00:06,0] INFO  ? Formatacao completa aplicada com sucesso
13:24:48.500 [00:06,0] INFO  ? ?? Total de paragrafos: 17
13:24:48.551 [00:06,0] INFO  ? Verificacao de imagens concluida: 1 imagens integras
13:24:48.609 [00:06,0] INFO  ? Removendo linhas em branco extras e aplicando ajustes...
13:24:48.824 [00:06,0] INFO  ? Linhas em branco removidas: 0, substituicoes: 0
13:24:48.895 [00:06,0] INFO  ? Paragrafos iniciados com marcador formatados com recuo de lista: 1
13:24:48.930 [00:06,0] INFO  ? Fonte final garantida: Arial 12pt em todo o documento
13:24:49.285 [00:07,0] INFO  ? Configuracoes de visualizacao originais restauradas (zoom mantido em 120%)
13:24:49.297 [00:07,0] INFO  ? Documento padronizado com sucesso
13:24:49.301 [00:07,0] INFO  ? UndoRecord finalizado com sucesso
13:24:49.312 [00:07,0] INFO  ? Variaveis de protecao de imagens limpas
13:24:49.312 [00:07,0] INFO  ? Variaveis de configuracoes de visualizacao limpas


================================================================================
RESUMO DA SESSAO
================================================================================

[STATUS]
  Final: CONCLUIDO COM AVISOS ?
  Termino: 30/04/2026 13:24:49
  Duracao: 7,0s

[ESTATISTICAS]
  Total de eventos: 182
  Informacoes: 181 (99,5%)
  Avisos: 1 (0,5%)
  Erros: 0 (0,0%)

[PERFORMANCE]
  Eventos/segundo: 26,0
  Tempo medio/evento: 38,5ms

================================================================================
FIM DO LOG
================================================================================
