================================================================================
Z7_STDPROPOSERS - LOG DE PROCESSAMENTO DE DOCUMENTO
================================================================================

[SESSAO]
  Inicio: 30/04/2026 13:31:36
  ID: 20260430133136

[AMBIENTE]
  Usuario: csantos
  Computador: NOTEPROCLEG01
  Dominio: CMSBONET
  SO: Windows Windows_NT
  Word: 16.0 (Word 2016/2019/2021/365)

[DOCUMENTO]
  Nome: siscam_indica_ao_poder_executivo_municipal_por_meio_dae_manutencao_na_rua_itatiba_em_frente_ao_numero_214_no_jardim_turmalinasrhtlfxsb.docx
  Caminho: C:\Users\csantos\AppData\Local\Temp
  Tamanho: 1,6 KB
  Paragrafos: 35
  Paginas: 2
  Protecao: Sem protecao
  Idioma: 1046

[CONFIGURACAO]
  Debug: Desativado
  Log: C:\Users\csantos\AppData\Local\Z7\Apps\Z7_StdProposers\source\logs\z7_stdproposers_20260430_133136_siscam_indica_ao_poder_executivo_municipal_por_mei.log
  Backup: C:\Users\csantos\AppData\Local\Temp\.z7_stdproposers\props\backups\

================================================================================



--------------------------------------------------------------------------------
SECAO: VERIFICACOES INICIAIS
--------------------------------------------------------------------------------
13:31:36.715 [00:00,0] INFO  ? ? Iniciando: Validacao de documento
13:31:36.715 [00:00,0] INFO  ? Tipo de propositura identificado: INDICAÇÃO
13:31:36.723 [00:00,0] INFO  ? Verificacao LGPD (estrito): nenhum achado grave
13:31:36.723 [00:00,0] INFO  ? ? Concluido: Validacao de documento | Todas as verificacoes passaram
13:31:36.723 [00:00,0] INFO  ? Verificacoes de seguranca concluidas com sucesso
13:31:36.977 [00:00,0] INFO  ? Backup criado com sucesso: siscam_indica_ao_poder_executivo_municipal_por_meio_dae_manutencao_na_rua_itatiba_em_frente_ao_numero_214_no_jardim_turmalinasrhtlfxsb_backup_2026-04-30_133136.docx
13:31:37.121 [00:01,0] INFO  ? Backup das configuracoes de visualizacao concluido
13:31:37.242 [00:01,0] INFO  ? Backup de propriedades de imagens concluido: 2 imagens catalogadas
13:31:37.270 [00:01,0] INFO  ? Nenhuma lista encontrada no documento
13:31:37.270 [00:01,0] INFO  ? UndoRecord iniciado
13:31:37.270 [00:01,0] INFO  ? === PIPELINE DE FORMATACAO (2 PASSAGENS) ===
13:31:37.273 [00:01,0] INFO  ? Iniciando construcao do cache de paragrafos...
13:31:37.309 [00:01,0] INFO  ? Cache construido: 35 paragrafos em 0,04s
13:31:37.309 [00:01,0] INFO  ? Identificando estrutura do documento...
13:31:37.312 [00:01,0] INFO  ? Titulo da Justificativa identificado no paragrafo 9
13:31:37.320 [00:01,0] INFO  ? Data (Plenario) identificada no paragrafo 14
13:31:37.355 [00:01,0] INFO  ? === ESTRUTURA DO DOCUMENTO IDENTIFICADA ===
13:31:37.355 [00:01,0] INFO  ? Titulo: paragrafo 0
13:31:37.355 [00:01,0] INFO  ? Ementa: paragrafo 0
13:31:37.355 [00:01,0] INFO  ? Proposicao: paragrafos 0 a 0
13:31:37.355 [00:01,0] INFO  ? Titulo Justificativa: paragrafo 9
13:31:37.355 [00:01,0] INFO  ? Justificativa: paragrafos 10 a 13
13:31:37.355 [00:01,0] INFO  ? Data: paragrafo 14
13:31:37.355 [00:01,0] INFO  ? Assinatura: paragrafos 0 a 0
13:31:37.355 [00:01,0] INFO  ? Titulo Anexo: paragrafo 0
13:31:37.355 [00:01,0] INFO  ? Anexo: paragrafos 0 a 0
13:31:37.355 [00:01,0] INFO  ? ==========================================
13:31:37.355 [00:01,0] INFO  ? === PASSAGEM 1 DE 2 ===


--------------------------------------------------------------------------------
SECAO: LIMPEZA E FORMATACAO
--------------------------------------------------------------------------------
13:31:38.207 [00:02,0] INFO  ? ? Iniciando: Limpeza de formatacao
13:31:39.117 [00:03,0] INFO  ? Formatacao limpa: 35 paragrafos resetados
13:31:39.117 [00:03,0] INFO  ? ? Concluido: Limpeza de formatacao
13:31:39.117 [00:03,0] INFO  ? ? Iniciando: Normalizacao de quebras
13:31:39.129 [00:03,0] INFO  ? ? Concluido: Normalizacao de quebras
13:31:39.129 [00:03,0] INFO  ? ? Iniciando: Limpeza estrutural
13:31:39.184 [00:03,0] INFO  ? ? Concluido: Limpeza estrutural
13:31:39.184 [00:03,0] INFO  ? ? Iniciando: Limpeza de prefixo da ementa
13:31:39.184 [00:03,0] INFO  ? ? Concluido: Limpeza de prefixo da ementa
13:31:39.184 [00:03,0] INFO  ? ? Iniciando: Limpeza de sufixo da ementa
13:31:39.184 [00:03,0] INFO  ? ? Concluido: Limpeza de sufixo da ementa
13:31:39.184 [00:03,0] INFO  ? ? Iniciando: Formatacao de titulo
13:31:39.188 [00:03,0] INFO  ? Titulo de proposicao formatado: INDICAÇÃO Nº $NUMERO$/$ANO$ (centralizado, caixa alta, negrito, sublinhado)
13:31:39.188 [00:03,0] INFO  ? ? Concluido: Formatacao de titulo
13:31:39.188 [00:03,0] INFO  ? ? Iniciando: Aplicacao de fonte padrao
13:31:39.188 [00:03,0] INFO  ? Aplicando fonte padrao (modo otimizado com cache)...
13:31:39.215 [00:03,0] INFO  ? Fonte padrao aplicada: 8 paragrafos em 0,03s
13:31:39.219 [00:03,0] INFO  ? ? Concluido: Aplicacao de fonte padrao | 34 paragrafos
13:31:39.219 [00:03,0] INFO  ? ? Iniciando: Aplicacao de formatacao de paragrafos
13:31:39.703 [00:03,0] INFO  ? Paragrafos formatados: 34 (incluindo 2 com protecao de imagens)
13:31:39.703 [00:03,0] INFO  ? ? Concluido: Aplicacao de formatacao de paragrafos


--------------------------------------------------------------------------------
SECAO: FORMATACOES ESPECIFICAS
--------------------------------------------------------------------------------
13:31:39.715 [00:03,0] INFO  ? ? Iniciando: Formatacao de paragrafos 1 e 2
13:31:39.738 [00:03,0] INFO  ? 2 paragrafo formatado com 2 linhas em branco antes e depois (posicao: 4)
13:31:39.738 [00:03,0] INFO  ? ? Concluido: Formatacao de paragrafos 1 e 2
13:31:39.738 [00:03,0] INFO  ? ? Iniciando: Formatacao de considerandos
13:31:39.773 [00:03,0] INFO  ? ? Concluido: Formatacao de considerandos
13:31:39.773 [00:03,0] INFO  ? ? Iniciando: Aplicacao de substituicoes de texto
13:31:40.008 [00:04,0] INFO  ? Substituicoes de texto: nenhuma ocorrencia encontrada
13:31:40.211 [00:04,0] INFO  ? ? Concluido: Aplicacao de substituicoes de texto
13:31:40.211 [00:04,0] INFO  ? ? Iniciando: Remocao de marca d'agua e insercao de carimbo
13:31:40.484 [00:04,0] INFO  ? ? Concluido: Remocao de marca d'agua e insercao de carimbo


--------------------------------------------------------------------------------
SECAO: LIMPEZA FINAL
--------------------------------------------------------------------------------
13:31:40.496 [00:04,0] INFO  ? ? Iniciando: Limpeza de espacos multiplos
13:31:40.598 [00:04,0] INFO  ? Limpeza de espacos concluida: 2 correcoes aplicadas (com protecao CONSIDERANDO)
13:31:40.602 [00:04,0] INFO  ? ? Concluido: Limpeza de espacos multiplos
13:31:40.602 [00:04,0] INFO  ? ? Iniciando: Controle de linhas em branco
13:31:42.727 [00:06,0] INFO  ? Controle de linhas vazias concluido em 5 passada(s): 802 linhas excedentes removidas (maximo 1 sequencial)
13:31:42.727 [00:06,0] INFO  ? ? Concluido: Controle de linhas em branco
13:31:42.727 [00:06,0] INFO  ? ? Iniciando: Substituicao de datas do plenario
13:31:42.734 [00:06,0] INFO  ? Paragrafo de plenario substituido e formatado
13:31:42.738 [00:06,0] INFO  ? ? Concluido: Substituicao de datas do plenario


--------------------------------------------------------------------------------
SECAO: FINALIZACAO
--------------------------------------------------------------------------------
13:31:42.750 [00:06,0] INFO  ? ? Iniciando: Configuracao de visualizacao
13:31:42.754 [00:06,0] INFO  ? Visualizacao configurada: zoom definido para 120%, demais configuracoes preservadas
13:31:42.754 [00:06,0] INFO  ? ? Concluido: Configuracao de visualizacao
13:31:42.754 [00:06,0] INFO  ? ? Iniciando: Insercao de rodape
13:31:42.797 [00:06,0] INFO  ? ? Concluido: Insercao de rodape
13:31:42.797 [00:06,0] INFO  ? ? Iniciando: Ajustes finais de negrito e formatacao
13:31:42.824 [00:06,0] INFO  ? Negrito e alinhamento aplicados a 1 paragrafos especiais
13:31:42.832 [00:06,0] INFO  ? ? Concluido: Ajustes finais de negrito e formatacao
13:31:42.832 [00:06,0] INFO  ? ? Iniciando: Formatacoes especiais (diante do exposto, requeiro)
13:31:42.867 [00:06,0] INFO  ? ? Concluido: Formatacoes especiais (diante do exposto, requeiro)
13:31:42.867 [00:06,0] INFO  ? ? Iniciando: Remocao de realces e bordas
13:31:42.883 [00:06,0] INFO  ? Realce removido do documento completo
13:31:42.910 [00:06,0] INFO  ? Realces e bordas removidos: 1 realces, 19 paragrafos com bordas
13:31:42.910 [00:06,0] INFO  ? ? Concluido: Remocao de realces e bordas
13:31:42.910 [00:06,0] INFO  ? ? Iniciando: Remocao de paginas vazias no final
13:31:42.934 [00:06,0] INFO  ? Nenhuma pagina vazia no final do documento
13:31:42.934 [00:06,0] INFO  ? ? Concluido: Remocao de paginas vazias no final
13:31:42.934 [00:06,0] INFO  ? ? Iniciando: Aplicacao de formatacao final universal
13:31:42.934 [00:06,0] INFO  ? Aplicando formatacao final universal: Arial 12, espacamento 1.0, 1 linha entre paragrafos...
13:31:42.941 [00:06,0] INFO  ? Formatacao final aplicada: 19 de 19 paragrafos
13:31:42.941 [00:06,0] INFO  ? ? Concluido: Aplicacao de formatacao final universal
13:31:42.941 [00:06,0] INFO  ? ? Iniciando: Adicao de espacamento especial (ementa, justificativa, data)
13:31:42.941 [00:06,0] INFO  ? Adicionando espacamento especial para ementa, justificativa e data...
13:31:42.945 [00:06,0] INFO  ? Espacamento especial aplicado a 2 elementos
13:31:42.945 [00:06,0] INFO  ? ? Concluido: Adicao de espacamento especial (ementa, justificativa, data)
13:31:42.945 [00:06,0] INFO  ? ? Iniciando: Ajuste final de recuos para Vereador (travessoes)
13:31:42.949 [00:06,0] INFO  ? ? Concluido: Ajuste final de recuos para Vereador (travessoes)
13:31:42.949 [00:06,0] INFO  ? Formatacao completa aplicada com sucesso
13:31:42.949 [00:06,0] INFO  ? ?? Total de paragrafos: 19
13:31:42.980 [00:06,0] INFO  ? Verificacao de imagens concluida: 1 imagens integras
13:31:42.980 [00:06,0] INFO  ? === PASSAGEM 2 DE 2 ===


--------------------------------------------------------------------------------
SECAO: LIMPEZA E FORMATACAO
--------------------------------------------------------------------------------
13:31:43.086 [00:07,0] INFO  ? ? Iniciando: Limpeza de formatacao
13:31:43.344 [00:07,0] INFO  ? Formatacao limpa: 19 paragrafos resetados
13:31:43.344 [00:07,0] INFO  ? ? Concluido: Limpeza de formatacao
13:31:43.344 [00:07,0] INFO  ? ? Iniciando: Normalizacao de quebras
13:31:43.348 [00:07,0] INFO  ? ? Concluido: Normalizacao de quebras
13:31:43.348 [00:07,0] INFO  ? ? Iniciando: Limpeza estrutural
13:31:43.363 [00:07,0] INFO  ? ? Concluido: Limpeza estrutural
13:31:43.363 [00:07,0] INFO  ? ? Iniciando: Limpeza de prefixo da ementa
13:31:43.363 [00:07,0] INFO  ? ? Concluido: Limpeza de prefixo da ementa
13:31:43.363 [00:07,0] INFO  ? ? Iniciando: Limpeza de sufixo da ementa
13:31:43.363 [00:07,0] INFO  ? ? Concluido: Limpeza de sufixo da ementa
13:31:43.363 [00:07,0] INFO  ? ? Iniciando: Formatacao de titulo
13:31:43.367 [00:07,0] INFO  ? Titulo de proposicao formatado: INDICAÇÃO Nº $NUMERO$/$ANO$ (centralizado, caixa alta, negrito, sublinhado)
13:31:43.367 [00:07,0] INFO  ? ? Concluido: Formatacao de titulo
13:31:43.367 [00:07,0] INFO  ? ? Iniciando: Aplicacao de fonte padrao
13:31:43.367 [00:07,0] INFO  ? Aplicando fonte padrao (modo otimizado com cache)...
13:31:43.383 [00:07,0] INFO  ? Fonte padrao aplicada: 8 paragrafos em 0,02s
13:31:43.383 [00:07,0] INFO  ? ? Concluido: Aplicacao de fonte padrao | 18 paragrafos
13:31:43.383 [00:07,0] INFO  ? ? Iniciando: Aplicacao de formatacao de paragrafos
13:31:43.555 [00:07,0] INFO  ? Paragrafos formatados: 18 (incluindo 2 com protecao de imagens)
13:31:43.555 [00:07,0] INFO  ? ? Concluido: Aplicacao de formatacao de paragrafos


--------------------------------------------------------------------------------
SECAO: FORMATACOES ESPECIFICAS
--------------------------------------------------------------------------------
13:31:43.562 [00:07,0] INFO  ? ? Iniciando: Formatacao de paragrafos 1 e 2
13:31:43.578 [00:07,0] INFO  ? 2 paragrafo formatado com 2 linhas em branco antes e depois (posicao: 4)
13:31:43.578 [00:07,0] INFO  ? ? Concluido: Formatacao de paragrafos 1 e 2
13:31:43.578 [00:07,0] INFO  ? ? Iniciando: Formatacao de considerandos
13:31:43.590 [00:07,0] INFO  ? ? Concluido: Formatacao de considerandos
13:31:43.590 [00:07,0] INFO  ? ? Iniciando: Aplicacao de substituicoes de texto
13:31:43.789 [00:07,0] INFO  ? Substituicoes de texto: nenhuma ocorrencia encontrada
13:31:43.898 [00:07,0] INFO  ? ? Concluido: Aplicacao de substituicoes de texto
13:31:43.898 [00:07,0] INFO  ? ? Iniciando: Remocao de marca d'agua e insercao de carimbo
13:31:44.168 [00:08,0] INFO  ? ? Concluido: Remocao de marca d'agua e insercao de carimbo


--------------------------------------------------------------------------------
SECAO: LIMPEZA FINAL
--------------------------------------------------------------------------------
13:31:44.180 [00:08,0] INFO  ? ? Iniciando: Limpeza de espacos multiplos
13:31:44.227 [00:08,0] INFO  ? Limpeza de espacos concluida: 0 correcoes aplicadas (com protecao CONSIDERANDO)
13:31:44.227 [00:08,0] INFO  ? ? Concluido: Limpeza de espacos multiplos
13:31:44.227 [00:08,0] INFO  ? ? Iniciando: Controle de linhas em branco
13:31:44.273 [00:08,0] INFO  ? Controle de linhas vazias concluido em 2 passada(s): 2 linhas excedentes removidas (maximo 1 sequencial)
13:31:44.273 [00:08,0] INFO  ? ? Concluido: Controle de linhas em branco
13:31:44.273 [00:08,0] INFO  ? ? Iniciando: Substituicao de datas do plenario
13:31:44.281 [00:08,0] INFO  ? Paragrafo de plenario substituido e formatado
13:31:44.281 [00:08,0] INFO  ? ? Concluido: Substituicao de datas do plenario


--------------------------------------------------------------------------------
SECAO: FINALIZACAO
--------------------------------------------------------------------------------
13:31:44.293 [00:08,0] INFO  ? ? Iniciando: Configuracao de visualizacao
13:31:44.297 [00:08,0] INFO  ? Visualizacao configurada: zoom definido para 120%, demais configuracoes preservadas
13:31:44.297 [00:08,0] INFO  ? ? Concluido: Configuracao de visualizacao
13:31:44.297 [00:08,0] INFO  ? ? Iniciando: Insercao de rodape
13:31:44.328 [00:08,0] INFO  ? ? Concluido: Insercao de rodape
13:31:44.328 [00:08,0] INFO  ? ? Iniciando: Ajustes finais de negrito e formatacao
13:31:44.355 [00:08,0] INFO  ? Negrito e alinhamento aplicados a 1 paragrafos especiais
13:31:44.367 [00:08,0] INFO  ? ? Concluido: Ajustes finais de negrito e formatacao
13:31:44.367 [00:08,0] INFO  ? ? Iniciando: Formatacoes especiais (diante do exposto, requeiro)
13:31:44.402 [00:08,0] INFO  ? ? Concluido: Formatacoes especiais (diante do exposto, requeiro)
13:31:44.402 [00:08,0] INFO  ? ? Iniciando: Remocao de realces e bordas
13:31:44.414 [00:08,0] INFO  ? Realce removido do documento completo
13:31:44.441 [00:08,0] INFO  ? Realces e bordas removidos: 1 realces, 19 paragrafos com bordas
13:31:44.441 [00:08,0] INFO  ? ? Concluido: Remocao de realces e bordas
13:31:44.441 [00:08,0] INFO  ? ? Iniciando: Remocao de paginas vazias no final
13:31:44.465 [00:08,0] INFO  ? Nenhuma pagina vazia no final do documento
13:31:44.465 [00:08,0] INFO  ? ? Concluido: Remocao de paginas vazias no final
13:31:44.465 [00:08,0] INFO  ? ? Iniciando: Aplicacao de formatacao final universal
13:31:44.465 [00:08,0] INFO  ? Aplicando formatacao final universal: Arial 12, espacamento 1.0, 1 linha entre paragrafos...
13:31:44.473 [00:08,0] INFO  ? Formatacao final aplicada: 19 de 19 paragrafos
13:31:44.473 [00:08,0] INFO  ? ? Concluido: Aplicacao de formatacao final universal
13:31:44.473 [00:08,0] INFO  ? ? Iniciando: Adicao de espacamento especial (ementa, justificativa, data)
13:31:44.473 [00:08,0] INFO  ? Adicionando espacamento especial para ementa, justificativa e data...
13:31:44.477 [00:08,0] INFO  ? Espacamento especial aplicado a 2 elementos
13:31:44.477 [00:08,0] INFO  ? ? Concluido: Adicao de espacamento especial (ementa, justificativa, data)
13:31:44.477 [00:08,0] INFO  ? ? Iniciando: Ajuste final de recuos para Vereador (travessoes)
13:31:44.480 [00:08,0] INFO  ? ? Concluido: Ajuste final de recuos para Vereador (travessoes)
13:31:44.480 [00:08,0] INFO  ? Formatacao completa aplicada com sucesso
13:31:44.480 [00:08,0] INFO  ? ?? Total de paragrafos: 19
13:31:44.520 [00:08,0] INFO  ? Verificacao de imagens concluida: 1 imagens integras
13:31:44.551 [00:08,0] INFO  ? Removendo linhas em branco extras e aplicando ajustes...
13:31:44.719 [00:08,0] INFO  ? Linhas em branco removidas: 0, substituicoes: 0
13:31:44.785 [00:08,0] INFO  ? Paragrafos iniciados com marcador formatados com recuo de lista: 1
13:31:44.793 [00:08,0] INFO  ? Recuos de paragrafos com imagens formatados: 1 paragrafos
13:31:44.809 [00:08,0] INFO  ? Imagem centralizada na linha 5 apos Plenario
13:31:44.809 [00:08,0] INFO  ? Imagens centralizadas apos Plenario: 1
13:31:44.816 [00:08,0] INFO  ? Fonte final garantida: Arial 12pt em todo o documento
13:31:45.164 [00:09,0] INFO  ? Configuracoes de visualizacao originais restauradas (zoom mantido em 120%)
13:31:45.180 [00:09,0] INFO  ? Documento padronizado com sucesso
13:31:45.184 [00:09,0] INFO  ? UndoRecord finalizado com sucesso
13:31:45.195 [00:09,0] INFO  ? Variaveis de protecao de imagens limpas
13:31:45.195 [00:09,0] INFO  ? Variaveis de configuracoes de visualizacao limpas


================================================================================
RESUMO DA SESSAO
================================================================================

[STATUS]
  Final: CONCLUIDO COM SUCESSO ?
  Termino: 30/04/2026 13:31:45
  Duracao: 9,0s

[ESTATISTICAS]
  Total de eventos: 181
  Informacoes: 181 (100,0%)
  Avisos: 0 (0,0%)
  Erros: 0 (0,0%)

[PERFORMANCE]
  Eventos/segundo: 20,1
  Tempo medio/evento: 49,7ms

================================================================================
FIM DO LOG
================================================================================
