================================================================================
Z7_STDPROPOSERS - LOG DE PROCESSAMENTO DE DOCUMENTO
================================================================================

[SESSAO]
  Inicio: 30/04/2026 13:37:15
  ID: 20260430133715

[AMBIENTE]
  Usuario: csantos
  Computador: NOTEPROCLEG01
  Dominio: CMSBONET
  SO: Windows Windows_NT
  Word: 16.0 (Word 2016/2019/2021/365)

[DOCUMENTO]
  Nome: siscam_indicacao_lampada_queimada_rua_jose_jorge_patricio_n_855_no_bairro_mollon_4jyqwzcfs.doc
  Caminho: C:\Users\csantos\AppData\Local\Temp
  Tamanho: 1,3 KB
  Paragrafos: 17
  Paginas: 1
  Protecao: Sem protecao
  Idioma: 1046

[CONFIGURACAO]
  Debug: Desativado
  Log: C:\Users\csantos\AppData\Local\Z7\Apps\Z7_StdProposers\source\logs\z7_stdproposers_20260430_133715_siscam_indicacao_lampada_queimada_rua_jose_jorge_p.log
  Backup: C:\Users\csantos\AppData\Local\Temp\.z7_stdproposers\props\backups\

================================================================================



--------------------------------------------------------------------------------
SECAO: VERIFICACOES INICIAIS
--------------------------------------------------------------------------------
13:37:15.867 [00:00,0] INFO  ? ? Iniciando: Validacao de documento
13:37:15.867 [00:00,0] INFO  ? Tipo de propositura identificado: INDICAÇÃO
13:37:15.867 [00:00,0] INFO  ? Verificacao LGPD (estrito): nenhum achado grave
13:37:15.867 [00:00,0] INFO  ? ? Concluido: Validacao de documento | Todas as verificacoes passaram
13:37:15.867 [00:00,0] INFO  ? Verificacoes de seguranca concluidas com sucesso
13:37:15.996 [00:00,0] INFO  ? Backup criado com sucesso: siscam_indicacao_lampada_queimada_rua_jose_jorge_patricio_n_855_no_bairro_mollon_4jyqwzcfs_backup_2026-04-30_133715.doc
13:37:16.023 [00:01,0] INFO  ? Backup das configuracoes de visualizacao concluido
13:37:16.043 [00:01,0] INFO  ? Backup de propriedades de imagens concluido: 0 imagens catalogadas
13:37:16.055 [00:01,0] INFO  ? Nenhuma lista encontrada no documento
13:37:16.055 [00:01,0] INFO  ? UndoRecord iniciado
13:37:16.055 [00:01,0] INFO  ? === PIPELINE DE FORMATACAO (2 PASSAGENS) ===
13:37:16.059 [00:01,0] INFO  ? Iniciando construcao do cache de paragrafos...
13:37:16.070 [00:01,0] INFO  ? Cache construido: 17 paragrafos em 0,01s
13:37:16.070 [00:01,0] INFO  ? Identificando estrutura do documento...
13:37:16.078 [00:01,0] INFO  ? Titulo da Justificativa identificado no paragrafo 9
13:37:16.082 [00:01,0] INFO  ? Data (Plenario) identificada no paragrafo 13
13:37:16.090 [00:01,0] INFO  ? === ESTRUTURA DO DOCUMENTO IDENTIFICADA ===
13:37:16.090 [00:01,0] INFO  ? Titulo: paragrafo 0
13:37:16.090 [00:01,0] INFO  ? Ementa: paragrafo 0
13:37:16.090 [00:01,0] INFO  ? Proposicao: paragrafos 0 a 0
13:37:16.090 [00:01,0] INFO  ? Titulo Justificativa: paragrafo 9
13:37:16.090 [00:01,0] INFO  ? Justificativa: paragrafos 10 a 12
13:37:16.090 [00:01,0] INFO  ? Data: paragrafo 13
13:37:16.090 [00:01,0] INFO  ? Assinatura: paragrafos 0 a 0
13:37:16.090 [00:01,0] INFO  ? Titulo Anexo: paragrafo 0
13:37:16.090 [00:01,0] INFO  ? Anexo: paragrafos 0 a 0
13:37:16.090 [00:01,0] INFO  ? ==========================================
13:37:16.090 [00:01,0] INFO  ? === PASSAGEM 1 DE 2 ===


--------------------------------------------------------------------------------
SECAO: LIMPEZA E FORMATACAO
--------------------------------------------------------------------------------
13:37:16.156 [00:01,0] INFO  ? ? Iniciando: Limpeza de formatacao
13:37:16.234 [00:01,0] INFO  ? Formatacao limpa: 17 paragrafos resetados
13:37:16.234 [00:01,0] INFO  ? ? Concluido: Limpeza de formatacao
13:37:16.234 [00:01,0] INFO  ? ? Iniciando: Normalizacao de quebras
13:37:16.238 [00:01,0] INFO  ? ? Concluido: Normalizacao de quebras
13:37:16.238 [00:01,0] INFO  ? ? Iniciando: Limpeza estrutural
13:37:16.258 [00:01,0] INFO  ? ? Concluido: Limpeza estrutural
13:37:16.258 [00:01,0] INFO  ? ? Iniciando: Limpeza de prefixo da ementa
13:37:16.258 [00:01,0] INFO  ? ? Concluido: Limpeza de prefixo da ementa
13:37:16.258 [00:01,0] INFO  ? ? Iniciando: Limpeza de sufixo da ementa
13:37:16.258 [00:01,0] INFO  ? ? Concluido: Limpeza de sufixo da ementa
13:37:16.258 [00:01,0] INFO  ? ? Iniciando: Formatacao de titulo
13:37:16.262 [00:01,0] INFO  ? Titulo de proposicao formatado: INDICAÇÃO Nº $NUMERO$/$ANO$ (centralizado, caixa alta, negrito, sublinhado)
13:37:16.262 [00:01,0] INFO  ? ? Concluido: Formatacao de titulo
13:37:16.262 [00:01,0] INFO  ? ? Iniciando: Aplicacao de fonte padrao
13:37:16.262 [00:01,0] INFO  ? Aplicando fonte padrao (modo otimizado com cache)...
13:37:16.277 [00:01,0] INFO  ? Fonte padrao aplicada: 9 paragrafos em 0,02s
13:37:16.277 [00:01,0] INFO  ? ? Concluido: Aplicacao de fonte padrao | 16 paragrafos
13:37:16.277 [00:01,0] INFO  ? ? Iniciando: Aplicacao de formatacao de paragrafos
13:37:16.355 [00:01,0] INFO  ? ? Concluido: Aplicacao de formatacao de paragrafos


--------------------------------------------------------------------------------
SECAO: FORMATACOES ESPECIFICAS
--------------------------------------------------------------------------------
13:37:16.363 [00:01,0] INFO  ? ? Iniciando: Formatacao de paragrafos 1 e 2
13:37:16.375 [00:01,0] INFO  ? 2 paragrafo formatado com 2 linhas em branco antes e depois (posicao: 4)
13:37:16.375 [00:01,0] INFO  ? ? Concluido: Formatacao de paragrafos 1 e 2
13:37:16.375 [00:01,0] INFO  ? ? Iniciando: Formatacao de considerandos
13:37:16.387 [00:01,0] INFO  ? ? Concluido: Formatacao de considerandos
13:37:16.387 [00:01,0] INFO  ? ? Iniciando: Aplicacao de substituicoes de texto
13:37:16.547 [00:01,0] INFO  ? Substituicoes de texto: nenhuma ocorrencia encontrada
13:37:16.570 [00:01,0] INFO  ? Substituicao aplicada: abertura Art. 108 normalizada no 1 paragrafo apos a ementa (1x)
13:37:16.637 [00:01,0] INFO  ? ? Concluido: Aplicacao de substituicoes de texto
13:37:16.637 [00:01,0] INFO  ? ? Iniciando: Remocao de marca d'agua e insercao de carimbo
13:37:16.785 [00:01,0] INFO  ? ? Concluido: Remocao de marca d'agua e insercao de carimbo


--------------------------------------------------------------------------------
SECAO: LIMPEZA FINAL
--------------------------------------------------------------------------------
13:37:16.793 [00:01,0] INFO  ? ? Iniciando: Limpeza de espacos multiplos
13:37:16.836 [00:01,0] INFO  ? Limpeza de espacos concluida: 0 correcoes aplicadas (com protecao CONSIDERANDO)
13:37:16.836 [00:01,0] INFO  ? ? Concluido: Limpeza de espacos multiplos
13:37:16.836 [00:01,0] INFO  ? ? Iniciando: Controle de linhas em branco
13:37:16.895 [00:01,0] INFO  ? Controle de linhas vazias concluido em 2 passada(s): 2 linhas excedentes removidas (maximo 1 sequencial)
13:37:16.895 [00:01,0] INFO  ? ? Concluido: Controle de linhas em branco
13:37:16.895 [00:01,0] INFO  ? ? Iniciando: Substituicao de datas do plenario
13:37:16.902 [00:01,0] INFO  ? Paragrafo de plenario substituido e formatado
13:37:16.906 [00:01,0] INFO  ? ? Concluido: Substituicao de datas do plenario


--------------------------------------------------------------------------------
SECAO: FINALIZACAO
--------------------------------------------------------------------------------
13:37:16.914 [00:01,0] INFO  ? ? Iniciando: Configuracao de visualizacao
13:37:16.980 [00:01,0] INFO  ? Visualizacao configurada: zoom definido para 120%, demais configuracoes preservadas
13:37:16.980 [00:01,0] INFO  ? ? Concluido: Configuracao de visualizacao
13:37:16.980 [00:01,0] INFO  ? ? Iniciando: Insercao de rodape
13:37:17.023 [00:02,0] INFO  ? ? Concluido: Insercao de rodape
13:37:17.023 [00:02,0] INFO  ? ? Iniciando: Ajustes finais de negrito e formatacao
13:37:17.039 [00:02,0] INFO  ? Negrito e alinhamento aplicados a 1 paragrafos especiais
13:37:17.078 [00:02,0] INFO  ? Paragrafo 'Vereador' formatado (sem negrito) com linhas adjacentes centralizadas (posicao: 16)
13:37:17.078 [00:02,0] INFO  ? Formatacao 'Vereador': 1 ocorrencias formatadas
13:37:17.078 [00:02,0] INFO  ? ? Concluido: Ajustes finais de negrito e formatacao
13:37:17.078 [00:02,0] INFO  ? ? Iniciando: Formatacoes especiais (diante do exposto, requeiro)
13:37:17.102 [00:02,0] INFO  ? ? Concluido: Formatacoes especiais (diante do exposto, requeiro)
13:37:17.102 [00:02,0] INFO  ? ? Iniciando: Remocao de realces e bordas
13:37:17.109 [00:02,0] INFO  ? Realce removido do documento completo
13:37:17.129 [00:02,0] INFO  ? Realces e bordas removidos: 1 realces, 17 paragrafos com bordas
13:37:17.129 [00:02,0] INFO  ? ? Concluido: Remocao de realces e bordas
13:37:17.129 [00:02,0] INFO  ? ? Iniciando: Remocao de paginas vazias no final
13:37:17.148 [00:02,0] INFO  ? Nenhuma pagina vazia no final do documento
13:37:17.148 [00:02,0] INFO  ? ? Concluido: Remocao de paginas vazias no final
13:37:17.148 [00:02,0] INFO  ? ? Iniciando: Aplicacao de formatacao final universal
13:37:17.148 [00:02,0] INFO  ? Aplicando formatacao final universal: Arial 12, espacamento 1.0, 1 linha entre paragrafos...
13:37:17.172 [00:02,0] INFO  ? Formatacao final aplicada: 17 de 17 paragrafos
13:37:17.172 [00:02,0] INFO  ? ? Concluido: Aplicacao de formatacao final universal
13:37:17.172 [00:02,0] INFO  ? ? Iniciando: Adicao de espacamento especial (ementa, justificativa, data)
13:37:17.172 [00:02,0] INFO  ? Adicionando espacamento especial para ementa, justificativa e data...
13:37:17.176 [00:02,0] INFO  ? Espacamento especial aplicado a 2 elementos
13:37:17.176 [00:02,0] INFO  ? ? Concluido: Adicao de espacamento especial (ementa, justificativa, data)
13:37:17.176 [00:02,0] INFO  ? ? Iniciando: Ajuste final de recuos para Vereador (travessoes)
13:37:17.184 [00:02,0] INFO  ? Recuos ajustados para 1 paragrafo(s) de Vereador/Vereadora
13:37:17.184 [00:02,0] INFO  ? ? Concluido: Ajuste final de recuos para Vereador (travessoes)
13:37:17.184 [00:02,0] INFO  ? Formatacao completa aplicada com sucesso
13:37:17.184 [00:02,0] INFO  ? ?? Total de paragrafos: 17
13:37:17.199 [00:02,0] INFO  ? === PASSAGEM 2 DE 2 ===


--------------------------------------------------------------------------------
SECAO: LIMPEZA E FORMATACAO
--------------------------------------------------------------------------------
13:37:17.414 [00:02,0] INFO  ? ? Iniciando: Limpeza de formatacao
13:37:17.496 [00:02,0] INFO  ? Formatacao limpa: 17 paragrafos resetados
13:37:17.496 [00:02,0] INFO  ? ? Concluido: Limpeza de formatacao
13:37:17.496 [00:02,0] INFO  ? ? Iniciando: Normalizacao de quebras
13:37:17.504 [00:02,0] INFO  ? ? Concluido: Normalizacao de quebras
13:37:17.504 [00:02,0] INFO  ? ? Iniciando: Limpeza estrutural
13:37:17.523 [00:02,0] INFO  ? ? Concluido: Limpeza estrutural
13:37:17.523 [00:02,0] INFO  ? ? Iniciando: Limpeza de prefixo da ementa
13:37:17.523 [00:02,0] INFO  ? ? Concluido: Limpeza de prefixo da ementa
13:37:17.523 [00:02,0] INFO  ? ? Iniciando: Limpeza de sufixo da ementa
13:37:17.523 [00:02,0] INFO  ? ? Concluido: Limpeza de sufixo da ementa
13:37:17.523 [00:02,0] INFO  ? ? Iniciando: Formatacao de titulo
13:37:17.527 [00:02,0] INFO  ? Titulo de proposicao formatado: INDICAÇÃO Nº $NUMERO$/$ANO$ (centralizado, caixa alta, negrito, sublinhado)
13:37:17.527 [00:02,0] INFO  ? ? Concluido: Formatacao de titulo
13:37:17.527 [00:02,0] INFO  ? ? Iniciando: Aplicacao de fonte padrao
13:37:17.527 [00:02,0] INFO  ? Aplicando fonte padrao (modo otimizado com cache)...
13:37:17.547 [00:02,0] INFO  ? Fonte padrao aplicada: 9 paragrafos em 0,02s
13:37:17.547 [00:02,0] INFO  ? ? Concluido: Aplicacao de fonte padrao | 16 paragrafos
13:37:17.547 [00:02,0] INFO  ? ? Iniciando: Aplicacao de formatacao de paragrafos
13:37:17.625 [00:02,0] INFO  ? ? Concluido: Aplicacao de formatacao de paragrafos


--------------------------------------------------------------------------------
SECAO: FORMATACOES ESPECIFICAS
--------------------------------------------------------------------------------
13:37:17.637 [00:02,0] INFO  ? ? Iniciando: Formatacao de paragrafos 1 e 2
13:37:17.648 [00:02,0] INFO  ? 2 paragrafo formatado com 2 linhas em branco antes e depois (posicao: 4)
13:37:17.648 [00:02,0] INFO  ? ? Concluido: Formatacao de paragrafos 1 e 2
13:37:17.648 [00:02,0] INFO  ? ? Iniciando: Formatacao de considerandos
13:37:17.660 [00:02,0] INFO  ? ? Concluido: Formatacao de considerandos
13:37:17.660 [00:02,0] INFO  ? ? Iniciando: Aplicacao de substituicoes de texto
13:37:17.836 [00:02,0] INFO  ? Substituicoes de texto: nenhuma ocorrencia encontrada
13:37:17.863 [00:02,0] INFO  ? Substituicao aplicada: abertura Art. 108 normalizada no 1 paragrafo apos a ementa (1x)
13:37:17.930 [00:02,0] INFO  ? ? Concluido: Aplicacao de substituicoes de texto
13:37:17.930 [00:02,0] INFO  ? ? Iniciando: Remocao de marca d'agua e insercao de carimbo
13:37:18.082 [00:03,0] INFO  ? ? Concluido: Remocao de marca d'agua e insercao de carimbo


--------------------------------------------------------------------------------
SECAO: LIMPEZA FINAL
--------------------------------------------------------------------------------
13:37:18.094 [00:03,0] INFO  ? ? Iniciando: Limpeza de espacos multiplos
13:37:18.133 [00:03,0] INFO  ? Limpeza de espacos concluida: 0 correcoes aplicadas (com protecao CONSIDERANDO)
13:37:18.133 [00:03,0] INFO  ? ? Concluido: Limpeza de espacos multiplos
13:37:18.133 [00:03,0] INFO  ? ? Iniciando: Controle de linhas em branco
13:37:18.176 [00:03,0] INFO  ? Controle de linhas vazias concluido em 2 passada(s): 2 linhas excedentes removidas (maximo 1 sequencial)
13:37:18.176 [00:03,0] INFO  ? ? Concluido: Controle de linhas em branco
13:37:18.176 [00:03,0] INFO  ? ? Iniciando: Substituicao de datas do plenario
13:37:18.184 [00:03,0] INFO  ? Paragrafo de plenario substituido e formatado
13:37:18.188 [00:03,0] INFO  ? ? Concluido: Substituicao de datas do plenario


--------------------------------------------------------------------------------
SECAO: FINALIZACAO
--------------------------------------------------------------------------------
13:37:18.199 [00:03,0] INFO  ? ? Iniciando: Configuracao de visualizacao
13:37:18.203 [00:03,0] INFO  ? Visualizacao configurada: zoom definido para 120%, demais configuracoes preservadas
13:37:18.203 [00:03,0] INFO  ? ? Concluido: Configuracao de visualizacao
13:37:18.203 [00:03,0] INFO  ? ? Iniciando: Insercao de rodape
13:37:18.230 [00:03,0] INFO  ? ? Concluido: Insercao de rodape
13:37:18.230 [00:03,0] INFO  ? ? Iniciando: Ajustes finais de negrito e formatacao
13:37:18.246 [00:03,0] INFO  ? Negrito e alinhamento aplicados a 1 paragrafos especiais
13:37:18.277 [00:03,0] INFO  ? Paragrafo 'Vereador' formatado (sem negrito) com linhas adjacentes centralizadas (posicao: 16)
13:37:18.277 [00:03,0] INFO  ? Formatacao 'Vereador': 1 ocorrencias formatadas
13:37:18.277 [00:03,0] INFO  ? ? Concluido: Ajustes finais de negrito e formatacao
13:37:18.277 [00:03,0] INFO  ? ? Iniciando: Formatacoes especiais (diante do exposto, requeiro)
13:37:18.301 [00:03,0] INFO  ? ? Concluido: Formatacoes especiais (diante do exposto, requeiro)
13:37:18.301 [00:03,0] INFO  ? ? Iniciando: Remocao de realces e bordas
13:37:18.309 [00:03,0] INFO  ? Realce removido do documento completo
13:37:18.328 [00:03,0] INFO  ? Realces e bordas removidos: 1 realces, 17 paragrafos com bordas
13:37:18.328 [00:03,0] INFO  ? ? Concluido: Remocao de realces e bordas
13:37:18.328 [00:03,0] INFO  ? ? Iniciando: Remocao de paginas vazias no final
13:37:18.348 [00:03,0] INFO  ? Nenhuma pagina vazia no final do documento
13:37:18.348 [00:03,0] INFO  ? ? Concluido: Remocao de paginas vazias no final
13:37:18.348 [00:03,0] INFO  ? ? Iniciando: Aplicacao de formatacao final universal
13:37:18.348 [00:03,0] INFO  ? Aplicando formatacao final universal: Arial 12, espacamento 1.0, 1 linha entre paragrafos...
13:37:18.379 [00:03,0] INFO  ? Formatacao final aplicada: 17 de 17 paragrafos
13:37:18.379 [00:03,0] INFO  ? ? Concluido: Aplicacao de formatacao final universal
13:37:18.379 [00:03,0] INFO  ? ? Iniciando: Adicao de espacamento especial (ementa, justificativa, data)
13:37:18.379 [00:03,0] INFO  ? Adicionando espacamento especial para ementa, justificativa e data...
13:37:18.383 [00:03,0] INFO  ? Espacamento especial aplicado a 2 elementos
13:37:18.383 [00:03,0] INFO  ? ? Concluido: Adicao de espacamento especial (ementa, justificativa, data)
13:37:18.383 [00:03,0] INFO  ? ? Iniciando: Ajuste final de recuos para Vereador (travessoes)
13:37:18.387 [00:03,0] INFO  ? Recuos ajustados para 1 paragrafo(s) de Vereador/Vereadora
13:37:18.391 [00:03,0] INFO  ? ? Concluido: Ajuste final de recuos para Vereador (travessoes)
13:37:18.391 [00:03,0] INFO  ? Formatacao completa aplicada com sucesso
13:37:18.391 [00:03,0] INFO  ? ?? Total de paragrafos: 17
13:37:18.535 [00:03,0] INFO  ? Removendo linhas em branco extras e aplicando ajustes...
13:37:18.672 [00:03,0] INFO  ? Linhas em branco removidas: 0, substituicoes: 0
13:37:18.734 [00:03,0] INFO  ? Fonte final garantida: Arial 12pt em todo o documento
13:37:19.031 [00:04,0] INFO  ? Configuracoes de visualizacao originais restauradas (zoom mantido em 120%)
13:37:19.039 [00:04,0] INFO  ? Documento padronizado com sucesso
13:37:19.047 [00:04,0] INFO  ? UndoRecord finalizado com sucesso
13:37:19.102 [00:04,0] INFO  ? Variaveis de protecao de imagens limpas
13:37:19.102 [00:04,0] INFO  ? Variaveis de configuracoes de visualizacao limpas


================================================================================
RESUMO DA SESSAO
================================================================================

[STATUS]
  Final: CONCLUIDO COM SUCESSO ?
  Termino: 30/04/2026 13:37:19
  Duracao: 4,0s

[ESTATISTICAS]
  Total de eventos: 181
  Informacoes: 181 (100,0%)
  Avisos: 0 (0,0%)
  Erros: 0 (0,0%)

[PERFORMANCE]
  Eventos/segundo: 45,2
  Tempo medio/evento: 22,1ms

================================================================================
FIM DO LOG
================================================================================
