================================================================================
Z7_STDPROPOSERS - LOG DE PROCESSAMENTO DE DOCUMENTO
================================================================================

[SESSAO]
  Inicio: 30/04/2026 13:21:35
  ID: 20260430132135

[AMBIENTE]
  Usuario: csantos
  Computador: NOTEPROCLEG01
  Dominio: CMSBONET
  SO: Windows Windows_NT
  Word: 16.0 (Word 2016/2019/2021/365)

[DOCUMENTO]
  Nome: siscam_indica_ao_poder_executivo_municipal_operacao_“tapa_buraco”_em_toda_extensao_rua_monte_alegre_sul_no_bairro_jardim_laranjeirasxeguttel.docx
  Caminho: C:\Users\csantos\AppData\Local\Temp
  Tamanho: 1,6 KB
  Paragrafos: 19
  Paginas: 1
  Protecao: Sem protecao
  Idioma: 1046

[CONFIGURACAO]
  Debug: Desativado
  Log: C:\Users\csantos\AppData\Local\Z7\Apps\Z7_StdProposers\source\logs\z7_stdproposers_20260430_132135_siscam_indica_ao_poder_executivo_municipal_operaca.log
  Backup: C:\Users\csantos\AppData\Local\Temp\.z7_stdproposers\props\backups\

================================================================================



--------------------------------------------------------------------------------
SECAO: VERIFICACOES INICIAIS
--------------------------------------------------------------------------------
13:21:35.656 [00:00,0] INFO  ? ? Iniciando: Validacao de documento
13:21:35.656 [00:00,0] INFO  ? Tipo de propositura identificado: INDICAÇÃO
13:21:35.660 [00:00,0] INFO  ? Verificacao LGPD (estrito): nenhum achado grave
13:21:35.660 [00:00,0] INFO  ? ? Concluido: Validacao de documento | Todas as verificacoes passaram
13:21:35.660 [00:00,0] INFO  ? Verificacoes de seguranca concluidas com sucesso
13:21:35.891 [00:00,0] INFO  ? Backup criado com sucesso: siscam_indica_ao_poder_executivo_municipal_operacao_“tapa_buraco”_em_toda_extensao_rua_monte_alegre_sul_no_bairro_jardim_laranjeirasxeguttel_backup_2026-04-30_132135.docx
13:21:36.023 [00:01,0] INFO  ? Backup das configuracoes de visualizacao concluido
13:21:36.105 [00:01,0] INFO  ? Backup de propriedades de imagens concluido: 1 imagens catalogadas
13:21:36.117 [00:01,0] INFO  ? Nenhuma lista encontrada no documento
13:21:36.117 [00:01,0] INFO  ? UndoRecord iniciado
13:21:36.117 [00:01,0] INFO  ? === PIPELINE DE FORMATACAO (2 PASSAGENS) ===
13:21:36.164 [00:01,0] INFO  ? Iniciando construcao do cache de paragrafos...
13:21:36.180 [00:01,0] INFO  ? Cache construido: 19 paragrafos em 0,02s
13:21:36.180 [00:01,0] INFO  ? Identificando estrutura do documento...
13:21:36.195 [00:01,0] INFO  ? Titulo da Justificativa identificado no paragrafo 11
13:21:36.199 [00:01,0] INFO  ? Data (Plenario) identificada no paragrafo 15
13:21:36.207 [00:01,0] INFO  ? === ESTRUTURA DO DOCUMENTO IDENTIFICADA ===
13:21:36.207 [00:01,0] INFO  ? Titulo: paragrafo 0
13:21:36.207 [00:01,0] INFO  ? Ementa: paragrafo 0
13:21:36.207 [00:01,0] INFO  ? Proposicao: paragrafos 0 a 0
13:21:36.207 [00:01,0] INFO  ? Titulo Justificativa: paragrafo 11
13:21:36.207 [00:01,0] INFO  ? Justificativa: paragrafos 12 a 14
13:21:36.207 [00:01,0] INFO  ? Data: paragrafo 15
13:21:36.207 [00:01,0] INFO  ? Assinatura: paragrafos 0 a 0
13:21:36.207 [00:01,0] INFO  ? Titulo Anexo: paragrafo 0
13:21:36.207 [00:01,0] INFO  ? Anexo: paragrafos 0 a 0
13:21:36.207 [00:01,0] INFO  ? ==========================================
13:21:36.207 [00:01,0] INFO  ? === PASSAGEM 1 DE 2 ===


--------------------------------------------------------------------------------
SECAO: LIMPEZA E FORMATACAO
--------------------------------------------------------------------------------
13:21:37.066 [00:02,0] INFO  ? ? Iniciando: Limpeza de formatacao
13:21:37.586 [00:02,0] INFO  ? Formatacao limpa: 19 paragrafos resetados
13:21:37.590 [00:02,0] INFO  ? ? Concluido: Limpeza de formatacao
13:21:37.590 [00:02,0] INFO  ? ? Iniciando: Normalizacao de quebras
13:21:37.594 [00:02,0] INFO  ? ? Concluido: Normalizacao de quebras
13:21:37.594 [00:02,0] INFO  ? ? Iniciando: Limpeza estrutural
13:21:37.605 [00:02,0] INFO  ? ? Concluido: Limpeza estrutural
13:21:37.605 [00:02,0] INFO  ? ? Iniciando: Limpeza de prefixo da ementa
13:21:37.605 [00:02,0] INFO  ? ? Concluido: Limpeza de prefixo da ementa
13:21:37.605 [00:02,0] INFO  ? ? Iniciando: Limpeza de sufixo da ementa
13:21:37.605 [00:02,0] INFO  ? ? Concluido: Limpeza de sufixo da ementa
13:21:37.605 [00:02,0] INFO  ? ? Iniciando: Formatacao de titulo
13:21:37.609 [00:02,0] INFO  ? Titulo de proposicao formatado: INDICAÇÃO Nº $NUMERO$/$ANO$ (centralizado, caixa alta, negrito, sublinhado)
13:21:37.609 [00:02,0] INFO  ? ? Concluido: Formatacao de titulo
13:21:37.609 [00:02,0] INFO  ? ? Iniciando: Aplicacao de fonte padrao
13:21:37.609 [00:02,0] INFO  ? Aplicando fonte padrao (modo otimizado com cache)...
13:21:37.621 [00:02,0] INFO  ? Fonte padrao aplicada: 8 paragrafos em 0,01s
13:21:37.621 [00:02,0] INFO  ? ? Concluido: Aplicacao de fonte padrao | 18 paragrafos
13:21:37.621 [00:02,0] INFO  ? ? Iniciando: Aplicacao de formatacao de paragrafos
13:21:37.789 [00:02,0] INFO  ? Paragrafos formatados: 18 (incluindo 1 com protecao de imagens)
13:21:37.789 [00:02,0] INFO  ? ? Concluido: Aplicacao de formatacao de paragrafos


--------------------------------------------------------------------------------
SECAO: FORMATACOES ESPECIFICAS
--------------------------------------------------------------------------------
13:21:37.801 [00:02,0] INFO  ? ? Iniciando: Formatacao de paragrafos 1 e 2
13:21:37.812 [00:02,0] INFO  ? 2 paragrafo formatado com 2 linhas em branco antes e depois (posicao: 4)
13:21:37.812 [00:02,0] INFO  ? ? Concluido: Formatacao de paragrafos 1 e 2
13:21:37.812 [00:02,0] INFO  ? ? Iniciando: Formatacao de considerandos
13:21:37.820 [00:02,0] INFO  ? ? Concluido: Formatacao de considerandos
13:21:37.820 [00:02,0] INFO  ? ? Iniciando: Aplicacao de substituicoes de texto
13:21:37.996 [00:02,0] INFO  ? Substituicoes de texto: nenhuma ocorrencia encontrada
13:21:38.816 [00:03,0] INFO  ? Substituicao aplicada: ' Setor Competente ' -> ' setor competente ' (500x)
13:21:38.895 [00:03,0] INFO  ? Substituicao aplicada: variantes de 'tapa-buracos' normalizadas (2x)
13:21:38.914 [00:03,0] INFO  ? ? Concluido: Aplicacao de substituicoes de texto
13:21:38.914 [00:03,0] INFO  ? ? Iniciando: Remocao de marca d'agua e insercao de carimbo
13:21:39.148 [00:04,0] INFO  ? ? Concluido: Remocao de marca d'agua e insercao de carimbo


--------------------------------------------------------------------------------
SECAO: LIMPEZA FINAL
--------------------------------------------------------------------------------
13:21:39.156 [00:04,0] INFO  ? ? Iniciando: Limpeza de espacos multiplos
13:21:39.211 [00:04,0] INFO  ? Limpeza de espacos concluida: 1 correcoes aplicadas (com protecao CONSIDERANDO)
13:21:39.211 [00:04,0] INFO  ? ? Concluido: Limpeza de espacos multiplos
13:21:39.211 [00:04,0] INFO  ? ? Iniciando: Controle de linhas em branco
13:21:39.246 [00:04,0] INFO  ? Controle de linhas vazias concluido em 2 passada(s): 3 linhas excedentes removidas (maximo 1 sequencial)
13:21:39.246 [00:04,0] INFO  ? ? Concluido: Controle de linhas em branco
13:21:39.246 [00:04,0] INFO  ? ? Iniciando: Substituicao de datas do plenario
13:21:39.254 [00:04,0] INFO  ? Paragrafo de plenario substituido e formatado
13:21:39.254 [00:04,0] INFO  ? ? Concluido: Substituicao de datas do plenario


--------------------------------------------------------------------------------
SECAO: FINALIZACAO
--------------------------------------------------------------------------------
13:21:39.262 [00:04,0] INFO  ? ? Iniciando: Configuracao de visualizacao
13:21:39.266 [00:04,0] INFO  ? Visualizacao configurada: zoom definido para 120%, demais configuracoes preservadas
13:21:39.266 [00:04,0] INFO  ? ? Concluido: Configuracao de visualizacao
13:21:39.266 [00:04,0] INFO  ? ? Iniciando: Insercao de rodape
13:21:39.293 [00:04,0] INFO  ? ? Concluido: Insercao de rodape
13:21:39.293 [00:04,0] INFO  ? ? Iniciando: Ajustes finais de negrito e formatacao
13:21:39.312 [00:04,0] INFO  ? Negrito e alinhamento aplicados a 1 paragrafos especiais
13:21:39.320 [00:04,0] INFO  ? ? Concluido: Ajustes finais de negrito e formatacao
13:21:39.320 [00:04,0] INFO  ? ? Iniciando: Formatacoes especiais (diante do exposto, requeiro)
13:21:39.344 [00:04,0] INFO  ? ? Concluido: Formatacoes especiais (diante do exposto, requeiro)
13:21:39.344 [00:04,0] INFO  ? ? Iniciando: Remocao de realces e bordas
13:21:39.355 [00:04,0] INFO  ? Realce removido do documento completo
13:21:39.375 [00:04,0] INFO  ? Realces e bordas removidos: 1 realces, 17 paragrafos com bordas
13:21:39.375 [00:04,0] INFO  ? ? Concluido: Remocao de realces e bordas
13:21:39.375 [00:04,0] INFO  ? ? Iniciando: Remocao de paginas vazias no final
13:21:39.391 [00:04,0] INFO  ? Nenhuma pagina vazia no final do documento
13:21:39.391 [00:04,0] INFO  ? ? Concluido: Remocao de paginas vazias no final
13:21:39.391 [00:04,0] INFO  ? ? Iniciando: Aplicacao de formatacao final universal
13:21:39.391 [00:04,0] INFO  ? Aplicando formatacao final universal: Arial 12, espacamento 1.0, 1 linha entre paragrafos...
13:21:39.398 [00:04,0] INFO  ? Formatacao final aplicada: 17 de 17 paragrafos
13:21:39.398 [00:04,0] INFO  ? ? Concluido: Aplicacao de formatacao final universal
13:21:39.398 [00:04,0] INFO  ? ? Iniciando: Adicao de espacamento especial (ementa, justificativa, data)
13:21:39.398 [00:04,0] INFO  ? Adicionando espacamento especial para ementa, justificativa e data...
13:21:39.398 [00:04,0] INFO  ? Espacamento especial aplicado a 2 elementos
13:21:39.398 [00:04,0] INFO  ? ? Concluido: Adicao de espacamento especial (ementa, justificativa, data)
13:21:39.398 [00:04,0] INFO  ? ? Iniciando: Ajuste final de recuos para Vereador (travessoes)
13:21:39.402 [00:04,0] INFO  ? ? Concluido: Ajuste final de recuos para Vereador (travessoes)
13:21:39.402 [00:04,0] INFO  ? Formatacao completa aplicada com sucesso
13:21:39.402 [00:04,0] INFO  ? ?? Total de paragrafos: 17
13:21:39.441 [00:04,0] INFO  ? Verificacao de imagens concluida: 1 imagens integras
13:21:39.441 [00:04,0] INFO  ? === PASSAGEM 2 DE 2 ===


--------------------------------------------------------------------------------
SECAO: LIMPEZA E FORMATACAO
--------------------------------------------------------------------------------
13:21:39.617 [00:04,0] INFO  ? ? Iniciando: Limpeza de formatacao
13:21:39.000 [00:04,0] INFO  ? Formatacao limpa: 17 paragrafos resetados
13:21:39.000 [00:04,0] INFO  ? ? Concluido: Limpeza de formatacao
13:21:39.000 [00:04,0] INFO  ? ? Iniciando: Normalizacao de quebras
13:21:40.008 [00:05,0] INFO  ? ? Concluido: Normalizacao de quebras
13:21:40.008 [00:05,0] INFO  ? ? Iniciando: Limpeza estrutural
13:21:40.027 [00:05,0] INFO  ? ? Concluido: Limpeza estrutural
13:21:40.027 [00:05,0] INFO  ? ? Iniciando: Limpeza de prefixo da ementa
13:21:40.027 [00:05,0] INFO  ? ? Concluido: Limpeza de prefixo da ementa
13:21:40.027 [00:05,0] INFO  ? ? Iniciando: Limpeza de sufixo da ementa
13:21:40.027 [00:05,0] INFO  ? ? Concluido: Limpeza de sufixo da ementa
13:21:40.027 [00:05,0] INFO  ? ? Iniciando: Formatacao de titulo
13:21:40.031 [00:05,0] INFO  ? Titulo de proposicao formatado: INDICAÇÃO Nº $NUMERO$/$ANO$ (centralizado, caixa alta, negrito, sublinhado)
13:21:40.031 [00:05,0] INFO  ? ? Concluido: Formatacao de titulo
13:21:40.031 [00:05,0] INFO  ? ? Iniciando: Aplicacao de fonte padrao
13:21:40.031 [00:05,0] INFO  ? Aplicando fonte padrao (modo otimizado com cache)...
13:21:40.047 [00:05,0] WARN  ? Erro: Indice de paragrafo invalido (17)
13:21:40.047 [00:05,0] INFO  ? Fonte padrao aplicada: 7 paragrafos em 0,02s
13:21:40.047 [00:05,0] INFO  ? ? Concluido: Aplicacao de fonte padrao | 16 paragrafos
13:21:40.047 [00:05,0] INFO  ? ? Iniciando: Aplicacao de formatacao de paragrafos
13:21:40.211 [00:05,0] INFO  ? Paragrafos formatados: 16 (incluindo 1 com protecao de imagens)
13:21:40.211 [00:05,0] INFO  ? ? Concluido: Aplicacao de formatacao de paragrafos


--------------------------------------------------------------------------------
SECAO: FORMATACOES ESPECIFICAS
--------------------------------------------------------------------------------
13:21:40.219 [00:05,0] INFO  ? ? Iniciando: Formatacao de paragrafos 1 e 2
13:21:40.230 [00:05,0] INFO  ? 2 paragrafo formatado com 2 linhas em branco antes e depois (posicao: 4)
13:21:40.230 [00:05,0] INFO  ? ? Concluido: Formatacao de paragrafos 1 e 2
13:21:40.230 [00:05,0] INFO  ? ? Iniciando: Formatacao de considerandos
13:21:40.238 [00:05,0] INFO  ? ? Concluido: Formatacao de considerandos
13:21:40.238 [00:05,0] INFO  ? ? Iniciando: Aplicacao de substituicoes de texto
13:21:40.430 [00:05,0] INFO  ? Substituicoes de texto: nenhuma ocorrencia encontrada
13:21:41.430 [00:06,0] INFO  ? Substituicao aplicada: ' Setor Competente ' -> ' setor competente ' (500x)
13:21:41.566 [00:06,0] INFO  ? ? Concluido: Aplicacao de substituicoes de texto
13:21:41.566 [00:06,0] INFO  ? ? Iniciando: Remocao de marca d'agua e insercao de carimbo
13:21:41.836 [00:06,0] INFO  ? ? Concluido: Remocao de marca d'agua e insercao de carimbo


--------------------------------------------------------------------------------
SECAO: LIMPEZA FINAL
--------------------------------------------------------------------------------
13:21:41.848 [00:06,0] INFO  ? ? Iniciando: Limpeza de espacos multiplos
13:21:41.883 [00:06,0] INFO  ? Limpeza de espacos concluida: 0 correcoes aplicadas (com protecao CONSIDERANDO)
13:21:41.883 [00:06,0] INFO  ? ? Concluido: Limpeza de espacos multiplos
13:21:41.883 [00:06,0] INFO  ? ? Iniciando: Controle de linhas em branco
13:21:41.922 [00:06,0] INFO  ? Controle de linhas vazias concluido em 2 passada(s): 2 linhas excedentes removidas (maximo 1 sequencial)
13:21:41.922 [00:06,0] INFO  ? ? Concluido: Controle de linhas em branco
13:21:41.922 [00:06,0] INFO  ? ? Iniciando: Substituicao de datas do plenario
13:21:41.930 [00:06,0] INFO  ? Paragrafo de plenario substituido e formatado
13:21:41.930 [00:06,0] INFO  ? ? Concluido: Substituicao de datas do plenario


--------------------------------------------------------------------------------
SECAO: FINALIZACAO
--------------------------------------------------------------------------------
13:21:41.941 [00:06,0] INFO  ? ? Iniciando: Configuracao de visualizacao
13:21:41.945 [00:06,0] INFO  ? Visualizacao configurada: zoom definido para 120%, demais configuracoes preservadas
13:21:41.945 [00:06,0] INFO  ? ? Concluido: Configuracao de visualizacao
13:21:41.945 [00:06,0] INFO  ? ? Iniciando: Insercao de rodape
13:21:41.977 [00:06,0] INFO  ? ? Concluido: Insercao de rodape
13:21:41.977 [00:06,0] INFO  ? ? Iniciando: Ajustes finais de negrito e formatacao
13:21:41.000 [00:06,0] INFO  ? Negrito e alinhamento aplicados a 1 paragrafos especiais
13:21:42.004 [00:07,0] INFO  ? ? Concluido: Ajustes finais de negrito e formatacao
13:21:42.004 [00:07,0] INFO  ? ? Iniciando: Formatacoes especiais (diante do exposto, requeiro)
13:21:42.039 [00:07,0] INFO  ? ? Concluido: Formatacoes especiais (diante do exposto, requeiro)
13:21:42.039 [00:07,0] INFO  ? ? Iniciando: Remocao de realces e bordas
13:21:42.051 [00:07,0] INFO  ? Realce removido do documento completo
13:21:42.074 [00:07,0] INFO  ? Realces e bordas removidos: 1 realces, 17 paragrafos com bordas
13:21:42.074 [00:07,0] INFO  ? ? Concluido: Remocao de realces e bordas
13:21:42.074 [00:07,0] INFO  ? ? Iniciando: Remocao de paginas vazias no final
13:21:42.094 [00:07,0] INFO  ? Nenhuma pagina vazia no final do documento
13:21:42.094 [00:07,0] INFO  ? ? Concluido: Remocao de paginas vazias no final
13:21:42.094 [00:07,0] INFO  ? ? Iniciando: Aplicacao de formatacao final universal
13:21:42.094 [00:07,0] INFO  ? Aplicando formatacao final universal: Arial 12, espacamento 1.0, 1 linha entre paragrafos...
13:21:42.102 [00:07,0] INFO  ? Formatacao final aplicada: 17 de 17 paragrafos
13:21:42.102 [00:07,0] INFO  ? ? Concluido: Aplicacao de formatacao final universal
13:21:42.102 [00:07,0] INFO  ? ? Iniciando: Adicao de espacamento especial (ementa, justificativa, data)
13:21:42.102 [00:07,0] INFO  ? Adicionando espacamento especial para ementa, justificativa e data...
13:21:42.105 [00:07,0] INFO  ? Espacamento especial aplicado a 2 elementos
13:21:42.105 [00:07,0] INFO  ? ? Concluido: Adicao de espacamento especial (ementa, justificativa, data)
13:21:42.105 [00:07,0] INFO  ? ? Iniciando: Ajuste final de recuos para Vereador (travessoes)
13:21:42.105 [00:07,0] INFO  ? ? Concluido: Ajuste final de recuos para Vereador (travessoes)
13:21:42.105 [00:07,0] INFO  ? Formatacao completa aplicada com sucesso
13:21:42.109 [00:07,0] INFO  ? ?? Total de paragrafos: 17
13:21:42.156 [00:07,0] INFO  ? Verificacao de imagens concluida: 1 imagens integras
13:21:42.203 [00:07,0] INFO  ? Removendo linhas em branco extras e aplicando ajustes...
13:21:42.391 [00:07,0] INFO  ? Linhas em branco removidas: 0, substituicoes: 0
13:21:42.445 [00:07,0] INFO  ? Paragrafos iniciados com marcador formatados com recuo de lista: 1
13:21:42.469 [00:07,0] INFO  ? Fonte final garantida: Arial 12pt em todo o documento
13:21:42.824 [00:07,0] INFO  ? Configuracoes de visualizacao originais restauradas (zoom mantido em 120%)
13:21:42.836 [00:07,0] INFO  ? Documento padronizado com sucesso
13:21:42.840 [00:07,0] INFO  ? UndoRecord finalizado com sucesso
13:21:42.852 [00:07,0] INFO  ? Variaveis de protecao de imagens limpas
13:21:42.852 [00:07,0] INFO  ? Variaveis de configuracoes de visualizacao limpas


================================================================================
RESUMO DA SESSAO
================================================================================

[STATUS]
  Final: CONCLUIDO COM AVISOS ?
  Termino: 30/04/2026 13:21:42
  Duracao: 7,0s

[ESTATISTICAS]
  Total de eventos: 182
  Informacoes: 181 (99,5%)
  Avisos: 1 (0,5%)
  Erros: 0 (0,0%)

[PERFORMANCE]
  Eventos/segundo: 26,0
  Tempo medio/evento: 38,5ms

================================================================================
FIM DO LOG
================================================================================
