================================================================================
Z7_STDPROPOSERS - LOG DE PROCESSAMENTO DE DOCUMENTO
================================================================================

[SESSAO]
  Inicio: 30/04/2026 12:55:21
  ID: 20260430125521

[AMBIENTE]
  Usuario: csantos
  Computador: NOTEPROCLEG01
  Dominio: CMSBONET
  SO: Windows Windows_NT
  Word: 16.0 (Word 2016/2019/2021/365)

[DOCUMENTO]
  Nome: siscam_indica_ao_poder_executivo_municipal_operacao_“tapa_buraco”_em_toda_extensao_rua_mombuca_no_bairro_jardim_laranjeirasoxrwtjax.docx
  Caminho: C:\Users\csantos\AppData\Local\Temp
  Tamanho: 1,6 KB
  Paragrafos: 19
  Paginas: 1
  Protecao: Sem protecao
  Idioma: 1046

[CONFIGURACAO]
  Debug: Desativado
  Log: C:\Users\csantos\AppData\Local\Z7\Apps\Z7_StdProposers\source\logs\z7_stdproposers_20260430_125521_siscam_indica_ao_poder_executivo_municipal_operaca.log
  Backup: C:\Users\csantos\AppData\Local\Temp\.z7_stdproposers\props\backups\

================================================================================



--------------------------------------------------------------------------------
SECAO: VERIFICACOES INICIAIS
--------------------------------------------------------------------------------
12:55:21.215 [00:00,0] INFO  ? ? Iniciando: Validacao de documento
12:55:21.215 [00:00,0] INFO  ? Tipo de propositura identificado: INDICAÇÃO
12:55:21.219 [00:00,0] INFO  ? Verificacao LGPD (estrito): nenhum achado grave
12:55:21.219 [00:00,0] INFO  ? ? Concluido: Validacao de documento | Todas as verificacoes passaram
12:55:21.219 [00:00,0] INFO  ? Verificacoes de seguranca concluidas com sucesso
12:55:21.438 [00:00,0] INFO  ? Backup criado com sucesso: siscam_indica_ao_poder_executivo_municipal_operacao_“tapa_buraco”_em_toda_extensao_rua_mombuca_no_bairro_jardim_laranjeirasoxrwtjax_backup_2026-04-30_125521.docx
12:55:21.527 [00:00,0] INFO  ? Backup das configuracoes de visualizacao concluido
12:55:21.578 [00:00,0] INFO  ? Backup de propriedades de imagens concluido: 1 imagens catalogadas
12:55:21.590 [00:00,0] INFO  ? Nenhuma lista encontrada no documento
12:55:21.590 [00:00,0] INFO  ? UndoRecord iniciado
12:55:21.590 [00:00,0] INFO  ? === PIPELINE DE FORMATACAO (2 PASSAGENS) ===
12:55:21.617 [00:00,0] INFO  ? Iniciando construcao do cache de paragrafos...
12:55:21.629 [00:00,0] INFO  ? Cache construido: 19 paragrafos em 0,01s
12:55:21.629 [00:00,0] INFO  ? Identificando estrutura do documento...
12:55:21.637 [00:00,0] INFO  ? Titulo da Justificativa identificado no paragrafo 11
12:55:21.641 [00:00,0] INFO  ? Data (Plenario) identificada no paragrafo 15
12:55:21.645 [00:00,0] INFO  ? === ESTRUTURA DO DOCUMENTO IDENTIFICADA ===
12:55:21.645 [00:00,0] INFO  ? Titulo: paragrafo 0
12:55:21.645 [00:00,0] INFO  ? Ementa: paragrafo 0
12:55:21.645 [00:00,0] INFO  ? Proposicao: paragrafos 0 a 0
12:55:21.645 [00:00,0] INFO  ? Titulo Justificativa: paragrafo 11
12:55:21.645 [00:00,0] INFO  ? Justificativa: paragrafos 12 a 14
12:55:21.645 [00:00,0] INFO  ? Data: paragrafo 15
12:55:21.645 [00:00,0] INFO  ? Assinatura: paragrafos 0 a 0
12:55:21.645 [00:00,0] INFO  ? Titulo Anexo: paragrafo 0
12:55:21.645 [00:00,0] INFO  ? Anexo: paragrafos 0 a 0
12:55:21.645 [00:00,0] INFO  ? ==========================================
12:55:21.645 [00:00,0] INFO  ? === PASSAGEM 1 DE 2 ===


--------------------------------------------------------------------------------
SECAO: LIMPEZA E FORMATACAO
--------------------------------------------------------------------------------
12:55:22.375 [00:01,0] INFO  ? ? Iniciando: Limpeza de formatacao
12:55:22.789 [00:01,0] INFO  ? Formatacao limpa: 19 paragrafos resetados
12:55:22.789 [00:01,0] INFO  ? ? Concluido: Limpeza de formatacao
12:55:22.789 [00:01,0] INFO  ? ? Iniciando: Normalizacao de quebras
12:55:22.801 [00:01,0] INFO  ? ? Concluido: Normalizacao de quebras
12:55:22.801 [00:01,0] INFO  ? ? Iniciando: Limpeza estrutural
12:55:22.816 [00:01,0] INFO  ? ? Concluido: Limpeza estrutural
12:55:22.816 [00:01,0] INFO  ? ? Iniciando: Limpeza de prefixo da ementa
12:55:22.816 [00:01,0] INFO  ? ? Concluido: Limpeza de prefixo da ementa
12:55:22.816 [00:01,0] INFO  ? ? Iniciando: Limpeza de sufixo da ementa
12:55:22.816 [00:01,0] INFO  ? ? Concluido: Limpeza de sufixo da ementa
12:55:22.816 [00:01,0] INFO  ? ? Iniciando: Formatacao de titulo
12:55:22.820 [00:01,0] INFO  ? Titulo de proposicao formatado: INDICAÇÃO Nº $NUMERO$/$ANO$ (centralizado, caixa alta, negrito, sublinhado)
12:55:22.820 [00:01,0] INFO  ? ? Concluido: Formatacao de titulo
12:55:22.820 [00:01,0] INFO  ? ? Iniciando: Aplicacao de fonte padrao
12:55:22.820 [00:01,0] INFO  ? Aplicando fonte padrao (modo otimizado com cache)...
12:55:22.836 [00:01,0] INFO  ? Fonte padrao aplicada: 8 paragrafos em 0,02s
12:55:22.836 [00:01,0] INFO  ? ? Concluido: Aplicacao de fonte padrao | 18 paragrafos
12:55:22.836 [00:01,0] INFO  ? ? Iniciando: Aplicacao de formatacao de paragrafos
12:55:22.996 [00:01,0] INFO  ? Paragrafos formatados: 18 (incluindo 1 com protecao de imagens)
12:55:22.996 [00:01,0] INFO  ? ? Concluido: Aplicacao de formatacao de paragrafos


--------------------------------------------------------------------------------
SECAO: FORMATACOES ESPECIFICAS
--------------------------------------------------------------------------------
12:55:23.008 [00:02,0] INFO  ? ? Iniciando: Formatacao de paragrafos 1 e 2
12:55:23.023 [00:02,0] INFO  ? 2 paragrafo formatado com 2 linhas em branco antes e depois (posicao: 4)
12:55:23.023 [00:02,0] INFO  ? ? Concluido: Formatacao de paragrafos 1 e 2
12:55:23.023 [00:02,0] INFO  ? ? Iniciando: Formatacao de considerandos
12:55:23.027 [00:02,0] INFO  ? ? Concluido: Formatacao de considerandos
12:55:23.027 [00:02,0] INFO  ? ? Iniciando: Aplicacao de substituicoes de texto
12:55:23.168 [00:02,0] INFO  ? Substituicoes de texto: nenhuma ocorrencia encontrada
12:55:23.996 [00:02,0] INFO  ? Substituicao aplicada: ' Setor Competente ' -> ' setor competente ' (500x)
12:55:24.082 [00:03,0] INFO  ? Substituicao aplicada: variantes de 'tapa-buracos' normalizadas (2x)
12:55:24.102 [00:03,0] INFO  ? ? Concluido: Aplicacao de substituicoes de texto
12:55:24.102 [00:03,0] INFO  ? ? Iniciando: Remocao de marca d'agua e insercao de carimbo
12:55:24.395 [00:03,0] INFO  ? ? Concluido: Remocao de marca d'agua e insercao de carimbo


--------------------------------------------------------------------------------
SECAO: LIMPEZA FINAL
--------------------------------------------------------------------------------
12:55:24.402 [00:03,0] INFO  ? ? Iniciando: Limpeza de espacos multiplos
12:55:24.461 [00:03,0] INFO  ? Limpeza de espacos concluida: 1 correcoes aplicadas (com protecao CONSIDERANDO)
12:55:24.461 [00:03,0] INFO  ? ? Concluido: Limpeza de espacos multiplos
12:55:24.461 [00:03,0] INFO  ? ? Iniciando: Controle de linhas em branco
12:55:24.496 [00:03,0] INFO  ? Controle de linhas vazias concluido em 2 passada(s): 3 linhas excedentes removidas (maximo 1 sequencial)
12:55:24.496 [00:03,0] INFO  ? ? Concluido: Controle de linhas em branco
12:55:24.496 [00:03,0] INFO  ? ? Iniciando: Substituicao de datas do plenario
12:55:24.504 [00:03,0] INFO  ? Paragrafo de plenario substituido e formatado
12:55:24.504 [00:03,0] INFO  ? ? Concluido: Substituicao de datas do plenario


--------------------------------------------------------------------------------
SECAO: FINALIZACAO
--------------------------------------------------------------------------------
12:55:24.512 [00:03,0] INFO  ? ? Iniciando: Configuracao de visualizacao
12:55:24.516 [00:03,0] INFO  ? Visualizacao configurada: zoom definido para 120%, demais configuracoes preservadas
12:55:24.516 [00:03,0] INFO  ? ? Concluido: Configuracao de visualizacao
12:55:24.516 [00:03,0] INFO  ? ? Iniciando: Insercao de rodape
12:55:24.547 [00:03,0] INFO  ? ? Concluido: Insercao de rodape
12:55:24.547 [00:03,0] INFO  ? ? Iniciando: Ajustes finais de negrito e formatacao
12:55:24.566 [00:03,0] INFO  ? Negrito e alinhamento aplicados a 1 paragrafos especiais
12:55:24.574 [00:03,0] INFO  ? ? Concluido: Ajustes finais de negrito e formatacao
12:55:24.574 [00:03,0] INFO  ? ? Iniciando: Formatacoes especiais (diante do exposto, requeiro)
12:55:24.602 [00:03,0] INFO  ? ? Concluido: Formatacoes especiais (diante do exposto, requeiro)
12:55:24.602 [00:03,0] INFO  ? ? Iniciando: Remocao de realces e bordas
12:55:24.613 [00:03,0] INFO  ? Realce removido do documento completo
12:55:24.641 [00:03,0] INFO  ? Realces e bordas removidos: 1 realces, 17 paragrafos com bordas
12:55:24.641 [00:03,0] INFO  ? ? Concluido: Remocao de realces e bordas
12:55:24.641 [00:03,0] INFO  ? ? Iniciando: Remocao de paginas vazias no final
12:55:24.656 [00:03,0] INFO  ? Nenhuma pagina vazia no final do documento
12:55:24.656 [00:03,0] INFO  ? ? Concluido: Remocao de paginas vazias no final
12:55:24.656 [00:03,0] INFO  ? ? Iniciando: Aplicacao de formatacao final universal
12:55:24.656 [00:03,0] INFO  ? Aplicando formatacao final universal: Arial 12, espacamento 1.0, 1 linha entre paragrafos...
12:55:24.664 [00:03,0] INFO  ? Formatacao final aplicada: 17 de 17 paragrafos
12:55:24.664 [00:03,0] INFO  ? ? Concluido: Aplicacao de formatacao final universal
12:55:24.664 [00:03,0] INFO  ? ? Iniciando: Adicao de espacamento especial (ementa, justificativa, data)
12:55:24.664 [00:03,0] INFO  ? Adicionando espacamento especial para ementa, justificativa e data...
12:55:24.664 [00:03,0] INFO  ? Espacamento especial aplicado a 2 elementos
12:55:24.664 [00:03,0] INFO  ? ? Concluido: Adicao de espacamento especial (ementa, justificativa, data)
12:55:24.664 [00:03,0] INFO  ? ? Iniciando: Ajuste final de recuos para Vereador (travessoes)
12:55:24.668 [00:03,0] INFO  ? ? Concluido: Ajuste final de recuos para Vereador (travessoes)
12:55:24.668 [00:03,0] INFO  ? Formatacao completa aplicada com sucesso
12:55:24.668 [00:03,0] INFO  ? ?? Total de paragrafos: 17
12:55:24.711 [00:03,0] INFO  ? Verificacao de imagens concluida: 1 imagens integras
12:55:24.711 [00:03,0] INFO  ? === PASSAGEM 2 DE 2 ===


--------------------------------------------------------------------------------
SECAO: LIMPEZA E FORMATACAO
--------------------------------------------------------------------------------
12:55:24.914 [00:03,0] INFO  ? ? Iniciando: Limpeza de formatacao
12:55:25.141 [00:04,0] INFO  ? Formatacao limpa: 17 paragrafos resetados
12:55:25.141 [00:04,0] INFO  ? ? Concluido: Limpeza de formatacao
12:55:25.141 [00:04,0] INFO  ? ? Iniciando: Normalizacao de quebras
12:55:25.145 [00:04,0] INFO  ? ? Concluido: Normalizacao de quebras
12:55:25.145 [00:04,0] INFO  ? ? Iniciando: Limpeza estrutural
12:55:25.156 [00:04,0] INFO  ? ? Concluido: Limpeza estrutural
12:55:25.156 [00:04,0] INFO  ? ? Iniciando: Limpeza de prefixo da ementa
12:55:25.156 [00:04,0] INFO  ? ? Concluido: Limpeza de prefixo da ementa
12:55:25.156 [00:04,0] INFO  ? ? Iniciando: Limpeza de sufixo da ementa
12:55:25.156 [00:04,0] INFO  ? ? Concluido: Limpeza de sufixo da ementa
12:55:25.156 [00:04,0] INFO  ? ? Iniciando: Formatacao de titulo
12:55:25.160 [00:04,0] INFO  ? Titulo de proposicao formatado: INDICAÇÃO Nº $NUMERO$/$ANO$ (centralizado, caixa alta, negrito, sublinhado)
12:55:25.160 [00:04,0] INFO  ? ? Concluido: Formatacao de titulo
12:55:25.160 [00:04,0] INFO  ? ? Iniciando: Aplicacao de fonte padrao
12:55:25.160 [00:04,0] INFO  ? Aplicando fonte padrao (modo otimizado com cache)...
12:55:25.172 [00:04,0] WARN  ? Erro: Indice de paragrafo invalido (17)
12:55:25.172 [00:04,0] INFO  ? Fonte padrao aplicada: 7 paragrafos em 0,01s
12:55:25.172 [00:04,0] INFO  ? ? Concluido: Aplicacao de fonte padrao | 16 paragrafos
12:55:25.172 [00:04,0] INFO  ? ? Iniciando: Aplicacao de formatacao de paragrafos
12:55:25.324 [00:04,0] INFO  ? Paragrafos formatados: 16 (incluindo 1 com protecao de imagens)
12:55:25.324 [00:04,0] INFO  ? ? Concluido: Aplicacao de formatacao de paragrafos


--------------------------------------------------------------------------------
SECAO: FORMATACOES ESPECIFICAS
--------------------------------------------------------------------------------
12:55:25.336 [00:04,0] INFO  ? ? Iniciando: Formatacao de paragrafos 1 e 2
12:55:25.348 [00:04,0] INFO  ? 2 paragrafo formatado com 2 linhas em branco antes e depois (posicao: 4)
12:55:25.348 [00:04,0] INFO  ? ? Concluido: Formatacao de paragrafos 1 e 2
12:55:25.348 [00:04,0] INFO  ? ? Iniciando: Formatacao de considerandos
12:55:25.355 [00:04,0] INFO  ? ? Concluido: Formatacao de considerandos
12:55:25.355 [00:04,0] INFO  ? ? Iniciando: Aplicacao de substituicoes de texto
12:55:25.500 [00:04,0] INFO  ? Substituicoes de texto: nenhuma ocorrencia encontrada
12:55:26.324 [00:05,0] INFO  ? Substituicao aplicada: ' Setor Competente ' -> ' setor competente ' (500x)
12:55:26.418 [00:05,0] INFO  ? ? Concluido: Aplicacao de substituicoes de texto
12:55:26.418 [00:05,0] INFO  ? ? Iniciando: Remocao de marca d'agua e insercao de carimbo
12:55:26.652 [00:05,0] INFO  ? ? Concluido: Remocao de marca d'agua e insercao de carimbo


--------------------------------------------------------------------------------
SECAO: LIMPEZA FINAL
--------------------------------------------------------------------------------
12:55:26.664 [00:05,0] INFO  ? ? Iniciando: Limpeza de espacos multiplos
12:55:26.699 [00:05,0] INFO  ? Limpeza de espacos concluida: 0 correcoes aplicadas (com protecao CONSIDERANDO)
12:55:26.699 [00:05,0] INFO  ? ? Concluido: Limpeza de espacos multiplos
12:55:26.699 [00:05,0] INFO  ? ? Iniciando: Controle de linhas em branco
12:55:26.742 [00:05,0] INFO  ? Controle de linhas vazias concluido em 2 passada(s): 2 linhas excedentes removidas (maximo 1 sequencial)
12:55:26.742 [00:05,0] INFO  ? ? Concluido: Controle de linhas em branco
12:55:26.742 [00:05,0] INFO  ? ? Iniciando: Substituicao de datas do plenario
12:55:26.746 [00:05,0] INFO  ? Paragrafo de plenario substituido e formatado
12:55:26.750 [00:05,0] INFO  ? ? Concluido: Substituicao de datas do plenario


--------------------------------------------------------------------------------
SECAO: FINALIZACAO
--------------------------------------------------------------------------------
12:55:26.758 [00:05,0] INFO  ? ? Iniciando: Configuracao de visualizacao
12:55:26.762 [00:05,0] INFO  ? Visualizacao configurada: zoom definido para 120%, demais configuracoes preservadas
12:55:26.762 [00:05,0] INFO  ? ? Concluido: Configuracao de visualizacao
12:55:26.762 [00:05,0] INFO  ? ? Iniciando: Insercao de rodape
12:55:26.793 [00:05,0] INFO  ? ? Concluido: Insercao de rodape
12:55:26.793 [00:05,0] INFO  ? ? Iniciando: Ajustes finais de negrito e formatacao
12:55:26.812 [00:05,0] INFO  ? Negrito e alinhamento aplicados a 1 paragrafos especiais
12:55:26.820 [00:05,0] INFO  ? ? Concluido: Ajustes finais de negrito e formatacao
12:55:26.820 [00:05,0] INFO  ? ? Iniciando: Formatacoes especiais (diante do exposto, requeiro)
12:55:26.852 [00:05,0] INFO  ? ? Concluido: Formatacoes especiais (diante do exposto, requeiro)
12:55:26.852 [00:05,0] INFO  ? ? Iniciando: Remocao de realces e bordas
12:55:26.863 [00:05,0] INFO  ? Realce removido do documento completo
12:55:26.883 [00:05,0] INFO  ? Realces e bordas removidos: 1 realces, 17 paragrafos com bordas
12:55:26.883 [00:05,0] INFO  ? ? Concluido: Remocao de realces e bordas
12:55:26.883 [00:05,0] INFO  ? ? Iniciando: Remocao de paginas vazias no final
12:55:26.898 [00:05,0] INFO  ? Nenhuma pagina vazia no final do documento
12:55:26.898 [00:05,0] INFO  ? ? Concluido: Remocao de paginas vazias no final
12:55:26.898 [00:05,0] INFO  ? ? Iniciando: Aplicacao de formatacao final universal
12:55:26.902 [00:05,0] INFO  ? Aplicando formatacao final universal: Arial 12, espacamento 1.0, 1 linha entre paragrafos...
12:55:26.906 [00:05,0] INFO  ? Formatacao final aplicada: 17 de 17 paragrafos
12:55:26.906 [00:05,0] INFO  ? ? Concluido: Aplicacao de formatacao final universal
12:55:26.906 [00:05,0] INFO  ? ? Iniciando: Adicao de espacamento especial (ementa, justificativa, data)
12:55:26.906 [00:05,0] INFO  ? Adicionando espacamento especial para ementa, justificativa e data...
12:55:26.910 [00:05,0] INFO  ? Espacamento especial aplicado a 2 elementos
12:55:26.910 [00:05,0] INFO  ? ? Concluido: Adicao de espacamento especial (ementa, justificativa, data)
12:55:26.910 [00:05,0] INFO  ? ? Iniciando: Ajuste final de recuos para Vereador (travessoes)
12:55:26.914 [00:05,0] INFO  ? ? Concluido: Ajuste final de recuos para Vereador (travessoes)
12:55:26.914 [00:05,0] INFO  ? Formatacao completa aplicada com sucesso
12:55:26.914 [00:05,0] INFO  ? ?? Total de paragrafos: 17
12:55:26.961 [00:05,0] INFO  ? Verificacao de imagens concluida: 1 imagens integras
12:55:27.164 [00:06,0] INFO  ? Removendo linhas em branco extras e aplicando ajustes...
12:55:27.262 [00:06,0] INFO  ? Linhas em branco removidas: 0, substituicoes: 0
12:55:27.285 [00:06,0] INFO  ? Paragrafos iniciados com marcador formatados com recuo de lista: 1
12:55:27.316 [00:06,0] INFO  ? Fonte final garantida: Arial 12pt em todo o documento
12:55:27.664 [00:06,0] INFO  ? Configuracoes de visualizacao originais restauradas (zoom mantido em 120%)
12:55:27.676 [00:06,0] INFO  ? Documento padronizado com sucesso
12:55:27.684 [00:06,0] INFO  ? UndoRecord finalizado com sucesso
12:55:27.707 [00:06,0] INFO  ? Variaveis de protecao de imagens limpas
12:55:27.707 [00:06,0] INFO  ? Variaveis de configuracoes de visualizacao limpas


================================================================================
RESUMO DA SESSAO
================================================================================

[STATUS]
  Final: CONCLUIDO COM AVISOS ?
  Termino: 30/04/2026 12:55:27
  Duracao: 6,0s

[ESTATISTICAS]
  Total de eventos: 182
  Informacoes: 181 (99,5%)
  Avisos: 1 (0,5%)
  Erros: 0 (0,0%)

[PERFORMANCE]
  Eventos/segundo: 30,3
  Tempo medio/evento: 33,0ms

================================================================================
FIM DO LOG
================================================================================
