================================================================================
Z7_STDPROPOSERS - LOG DE PROCESSAMENTO DE DOCUMENTO
================================================================================

[SESSAO]
  Inicio: 30/04/2026 13:34:00
  ID: 20260430133400

[AMBIENTE]
  Usuario: csantos
  Computador: NOTEPROCLEG01
  Dominio: CMSBONET
  SO: Windows Windows_NT
  Word: 16.0 (Word 2016/2019/2021/365)

[DOCUMENTO]
  Nome: siscam_indica_ao_poder_executivo_municipal_por_meio_dae_manutencao_na_rua_itatiba_em_frente_ao_numero_214_no_jardim_turmalinasrhtlfxsb.docx
  Caminho: C:\Users\csantos\AppData\Local\Temp
  Tamanho: 1,6 KB
  Paragrafos: 20
  Paginas: 2
  Protecao: Sem protecao
  Idioma: 1046

[CONFIGURACAO]
  Debug: Desativado
  Log: C:\Users\csantos\AppData\Local\Z7\Apps\Z7_StdProposers\source\logs\z7_stdproposers_20260430_133400_siscam_indica_ao_poder_executivo_municipal_por_mei.log
  Backup: C:\Users\csantos\AppData\Local\Temp\.z7_stdproposers\props\backups\

================================================================================



--------------------------------------------------------------------------------
SECAO: VERIFICACOES INICIAIS
--------------------------------------------------------------------------------
13:34:00.578 [00:00,0] INFO  ? ? Iniciando: Validacao de documento
13:34:00.578 [00:00,0] INFO  ? Tipo de propositura identificado: INDICAÇÃO
13:34:00.582 [00:00,0] INFO  ? Verificacao LGPD (estrito): nenhum achado grave
13:34:00.582 [00:00,0] INFO  ? ? Concluido: Validacao de documento | Todas as verificacoes passaram
13:34:00.582 [00:00,0] INFO  ? Verificacoes de seguranca concluidas com sucesso
13:34:00.695 [00:00,0] INFO  ? Backup criado com sucesso: siscam_indica_ao_poder_executivo_municipal_por_meio_dae_manutencao_na_rua_itatiba_em_frente_ao_numero_214_no_jardim_turmalinasrhtlfxsb_backup_2026-04-30_133400.docx
13:34:00.734 [00:00,0] INFO  ? Backup das configuracoes de visualizacao concluido
13:34:00.812 [00:00,0] INFO  ? Backup de propriedades de imagens concluido: 2 imagens catalogadas
13:34:00.828 [00:00,0] INFO  ? Nenhuma lista encontrada no documento
13:34:00.828 [00:00,0] INFO  ? UndoRecord iniciado
13:34:00.828 [00:00,0] INFO  ? === PIPELINE DE FORMATACAO (2 PASSAGENS) ===
13:34:00.863 [00:00,0] INFO  ? Iniciando construcao do cache de paragrafos...
13:34:00.895 [00:00,0] INFO  ? Cache construido: 20 paragrafos em 0,03s
13:34:00.895 [00:00,0] INFO  ? Identificando estrutura do documento...
13:34:00.902 [00:00,0] INFO  ? Titulo da Justificativa identificado no paragrafo 9
13:34:00.910 [00:00,0] INFO  ? Data (Plenario) identificada no paragrafo 14
13:34:00.922 [00:00,0] INFO  ? === ESTRUTURA DO DOCUMENTO IDENTIFICADA ===
13:34:00.922 [00:00,0] INFO  ? Titulo: paragrafo 0
13:34:00.922 [00:00,0] INFO  ? Ementa: paragrafo 0
13:34:00.922 [00:00,0] INFO  ? Proposicao: paragrafos 0 a 0
13:34:00.922 [00:00,0] INFO  ? Titulo Justificativa: paragrafo 9
13:34:00.922 [00:00,0] INFO  ? Justificativa: paragrafos 10 a 13
13:34:00.922 [00:00,0] INFO  ? Data: paragrafo 14
13:34:00.922 [00:00,0] INFO  ? Assinatura: paragrafos 0 a 0
13:34:00.922 [00:00,0] INFO  ? Titulo Anexo: paragrafo 0
13:34:00.922 [00:00,0] INFO  ? Anexo: paragrafos 0 a 0
13:34:00.922 [00:00,0] INFO  ? ==========================================
13:34:00.922 [00:00,0] INFO  ? === PASSAGEM 1 DE 2 ===


--------------------------------------------------------------------------------
SECAO: LIMPEZA E FORMATACAO
--------------------------------------------------------------------------------
13:34:01.004 [00:01,0] INFO  ? ? Iniciando: Limpeza de formatacao
13:34:01.309 [00:01,0] INFO  ? Formatacao limpa: 20 paragrafos resetados
13:34:01.309 [00:01,0] INFO  ? ? Concluido: Limpeza de formatacao
13:34:01.309 [00:01,0] INFO  ? ? Iniciando: Normalizacao de quebras
13:34:01.312 [00:01,0] INFO  ? ? Concluido: Normalizacao de quebras
13:34:01.312 [00:01,0] INFO  ? ? Iniciando: Limpeza estrutural
13:34:01.332 [00:01,0] INFO  ? ? Concluido: Limpeza estrutural
13:34:01.332 [00:01,0] INFO  ? ? Iniciando: Limpeza de prefixo da ementa
13:34:01.332 [00:01,0] INFO  ? ? Concluido: Limpeza de prefixo da ementa
13:34:01.332 [00:01,0] INFO  ? ? Iniciando: Limpeza de sufixo da ementa
13:34:01.332 [00:01,0] INFO  ? ? Concluido: Limpeza de sufixo da ementa
13:34:01.332 [00:01,0] INFO  ? ? Iniciando: Formatacao de titulo
13:34:01.336 [00:01,0] INFO  ? Titulo de proposicao formatado: INDICAÇÃO Nº $NUMERO$/$ANO$ (centralizado, caixa alta, negrito, sublinhado)
13:34:01.336 [00:01,0] INFO  ? ? Concluido: Formatacao de titulo
13:34:01.336 [00:01,0] INFO  ? ? Iniciando: Aplicacao de fonte padrao
13:34:01.336 [00:01,0] INFO  ? Aplicando fonte padrao (modo otimizado com cache)...
13:34:01.359 [00:01,0] INFO  ? Fonte padrao aplicada: 9 paragrafos em 0,02s
13:34:01.359 [00:01,0] INFO  ? ? Concluido: Aplicacao de fonte padrao | 19 paragrafos
13:34:01.359 [00:01,0] INFO  ? ? Iniciando: Aplicacao de formatacao de paragrafos
13:34:01.602 [00:01,0] INFO  ? Paragrafos formatados: 19 (incluindo 2 com protecao de imagens)
13:34:01.602 [00:01,0] INFO  ? ? Concluido: Aplicacao de formatacao de paragrafos


--------------------------------------------------------------------------------
SECAO: FORMATACOES ESPECIFICAS
--------------------------------------------------------------------------------
13:34:01.613 [00:01,0] INFO  ? ? Iniciando: Formatacao de paragrafos 1 e 2
13:34:01.637 [00:01,0] INFO  ? 2 paragrafo formatado com 2 linhas em branco antes e depois (posicao: 4)
13:34:01.637 [00:01,0] INFO  ? ? Concluido: Formatacao de paragrafos 1 e 2
13:34:01.637 [00:01,0] INFO  ? ? Iniciando: Formatacao de considerandos
13:34:01.656 [00:01,0] INFO  ? ? Concluido: Formatacao de considerandos
13:34:01.656 [00:01,0] INFO  ? ? Iniciando: Aplicacao de substituicoes de texto
13:34:01.930 [00:01,0] INFO  ? Substituicoes de texto: nenhuma ocorrencia encontrada
13:34:02.074 [00:02,0] INFO  ? ? Concluido: Aplicacao de substituicoes de texto
13:34:02.074 [00:02,0] INFO  ? ? Iniciando: Remocao de marca d'agua e insercao de carimbo
13:34:02.371 [00:02,0] INFO  ? ? Concluido: Remocao de marca d'agua e insercao de carimbo


--------------------------------------------------------------------------------
SECAO: LIMPEZA FINAL
--------------------------------------------------------------------------------
13:34:02.379 [00:02,0] INFO  ? ? Iniciando: Limpeza de espacos multiplos
13:34:02.449 [00:02,0] INFO  ? Limpeza de espacos concluida: 1 correcoes aplicadas (com protecao CONSIDERANDO)
13:34:02.449 [00:02,0] INFO  ? ? Concluido: Limpeza de espacos multiplos
13:34:02.449 [00:02,0] INFO  ? ? Iniciando: Controle de linhas em branco
13:34:02.508 [00:02,0] INFO  ? Controle de linhas vazias concluido em 2 passada(s): 2 linhas excedentes removidas (maximo 1 sequencial)
13:34:02.508 [00:02,0] INFO  ? ? Concluido: Controle de linhas em branco
13:34:02.508 [00:02,0] INFO  ? ? Iniciando: Substituicao de datas do plenario
13:34:02.516 [00:02,0] INFO  ? Paragrafo de plenario substituido e formatado
13:34:02.516 [00:02,0] INFO  ? ? Concluido: Substituicao de datas do plenario


--------------------------------------------------------------------------------
SECAO: FINALIZACAO
--------------------------------------------------------------------------------
13:34:02.527 [00:02,0] INFO  ? ? Iniciando: Configuracao de visualizacao
13:34:02.570 [00:02,0] INFO  ? Visualizacao configurada: zoom definido para 120%, demais configuracoes preservadas
13:34:02.570 [00:02,0] INFO  ? ? Concluido: Configuracao de visualizacao
13:34:02.570 [00:02,0] INFO  ? ? Iniciando: Insercao de rodape
13:34:02.613 [00:02,0] INFO  ? ? Concluido: Insercao de rodape
13:34:02.613 [00:02,0] INFO  ? ? Iniciando: Ajustes finais de negrito e formatacao
13:34:02.652 [00:02,0] INFO  ? Negrito e alinhamento aplicados a 1 paragrafos especiais
13:34:02.668 [00:02,0] INFO  ? ? Concluido: Ajustes finais de negrito e formatacao
13:34:02.668 [00:02,0] INFO  ? ? Iniciando: Formatacoes especiais (diante do exposto, requeiro)
13:34:02.719 [00:02,0] INFO  ? ? Concluido: Formatacoes especiais (diante do exposto, requeiro)
13:34:02.719 [00:02,0] INFO  ? ? Iniciando: Remocao de realces e bordas
13:34:02.734 [00:02,0] INFO  ? Realce removido do documento completo
13:34:02.766 [00:02,0] INFO  ? Realces e bordas removidos: 1 realces, 20 paragrafos com bordas
13:34:02.766 [00:02,0] INFO  ? ? Concluido: Remocao de realces e bordas
13:34:02.766 [00:02,0] INFO  ? ? Iniciando: Remocao de paginas vazias no final
13:34:02.789 [00:02,0] INFO  ? Nenhuma pagina vazia no final do documento
13:34:02.789 [00:02,0] INFO  ? ? Concluido: Remocao de paginas vazias no final
13:34:02.789 [00:02,0] INFO  ? ? Iniciando: Aplicacao de formatacao final universal
13:34:02.789 [00:02,0] INFO  ? Aplicando formatacao final universal: Arial 12, espacamento 1.0, 1 linha entre paragrafos...
13:34:02.836 [00:02,0] INFO  ? Formatacao final aplicada: 20 de 20 paragrafos
13:34:02.836 [00:02,0] INFO  ? ? Concluido: Aplicacao de formatacao final universal
13:34:02.836 [00:02,0] INFO  ? ? Iniciando: Adicao de espacamento especial (ementa, justificativa, data)
13:34:02.836 [00:02,0] INFO  ? Adicionando espacamento especial para ementa, justificativa e data...
13:34:02.844 [00:02,0] INFO  ? Espacamento especial aplicado a 2 elementos
13:34:02.844 [00:02,0] INFO  ? ? Concluido: Adicao de espacamento especial (ementa, justificativa, data)
13:34:02.844 [00:02,0] INFO  ? ? Iniciando: Ajuste final de recuos para Vereador (travessoes)
13:34:02.848 [00:02,0] INFO  ? ? Concluido: Ajuste final de recuos para Vereador (travessoes)
13:34:02.848 [00:02,0] INFO  ? Formatacao completa aplicada com sucesso
13:34:02.852 [00:02,0] INFO  ? ?? Total de paragrafos: 20
13:34:02.969 [00:02,0] INFO  ? Verificacao de imagens concluida: 2 imagens integras
13:34:02.969 [00:02,0] INFO  ? === PASSAGEM 2 DE 2 ===


--------------------------------------------------------------------------------
SECAO: LIMPEZA E FORMATACAO
--------------------------------------------------------------------------------
13:34:03.086 [00:03,0] INFO  ? ? Iniciando: Limpeza de formatacao
13:34:03.492 [00:03,0] INFO  ? Formatacao limpa: 20 paragrafos resetados
13:34:03.492 [00:03,0] INFO  ? ? Concluido: Limpeza de formatacao
13:34:03.492 [00:03,0] INFO  ? ? Iniciando: Normalizacao de quebras
13:34:03.504 [00:03,0] INFO  ? ? Concluido: Normalizacao de quebras
13:34:03.504 [00:03,0] INFO  ? ? Iniciando: Limpeza estrutural
13:34:03.531 [00:03,0] INFO  ? ? Concluido: Limpeza estrutural
13:34:03.531 [00:03,0] INFO  ? ? Iniciando: Limpeza de prefixo da ementa
13:34:03.531 [00:03,0] INFO  ? ? Concluido: Limpeza de prefixo da ementa
13:34:03.531 [00:03,0] INFO  ? ? Iniciando: Limpeza de sufixo da ementa
13:34:03.531 [00:03,0] INFO  ? ? Concluido: Limpeza de sufixo da ementa
13:34:03.531 [00:03,0] INFO  ? ? Iniciando: Formatacao de titulo
13:34:03.535 [00:03,0] INFO  ? Titulo de proposicao formatado: INDICAÇÃO Nº $NUMERO$/$ANO$ (centralizado, caixa alta, negrito, sublinhado)
13:34:03.535 [00:03,0] INFO  ? ? Concluido: Formatacao de titulo
13:34:03.535 [00:03,0] INFO  ? ? Iniciando: Aplicacao de fonte padrao
13:34:03.535 [00:03,0] INFO  ? Aplicando fonte padrao (modo otimizado com cache)...
13:34:03.559 [00:03,0] INFO  ? Fonte padrao aplicada: 9 paragrafos em 0,02s
13:34:03.562 [00:03,0] INFO  ? ? Concluido: Aplicacao de fonte padrao | 19 paragrafos
13:34:03.562 [00:03,0] INFO  ? ? Iniciando: Aplicacao de formatacao de paragrafos
13:34:03.785 [00:03,0] INFO  ? Paragrafos formatados: 19 (incluindo 2 com protecao de imagens)
13:34:03.785 [00:03,0] INFO  ? ? Concluido: Aplicacao de formatacao de paragrafos


--------------------------------------------------------------------------------
SECAO: FORMATACOES ESPECIFICAS
--------------------------------------------------------------------------------
13:34:03.797 [00:03,0] INFO  ? ? Iniciando: Formatacao de paragrafos 1 e 2
13:34:03.812 [00:03,0] INFO  ? 2 paragrafo formatado com 2 linhas em branco antes e depois (posicao: 4)
13:34:03.812 [00:03,0] INFO  ? ? Concluido: Formatacao de paragrafos 1 e 2
13:34:03.812 [00:03,0] INFO  ? ? Iniciando: Formatacao de considerandos
13:34:03.828 [00:03,0] INFO  ? ? Concluido: Formatacao de considerandos
13:34:03.828 [00:03,0] INFO  ? ? Iniciando: Aplicacao de substituicoes de texto
13:34:04.051 [00:04,0] INFO  ? Substituicoes de texto: nenhuma ocorrencia encontrada
13:34:04.199 [00:04,0] INFO  ? ? Concluido: Aplicacao de substituicoes de texto
13:34:04.199 [00:04,0] INFO  ? ? Iniciando: Remocao de marca d'agua e insercao de carimbo
13:34:04.520 [00:04,0] INFO  ? ? Concluido: Remocao de marca d'agua e insercao de carimbo


--------------------------------------------------------------------------------
SECAO: LIMPEZA FINAL
--------------------------------------------------------------------------------
13:34:04.527 [00:04,0] INFO  ? ? Iniciando: Limpeza de espacos multiplos
13:34:04.574 [00:04,0] INFO  ? Limpeza de espacos concluida: 0 correcoes aplicadas (com protecao CONSIDERANDO)
13:34:04.574 [00:04,0] INFO  ? ? Concluido: Limpeza de espacos multiplos
13:34:04.574 [00:04,0] INFO  ? ? Iniciando: Controle de linhas em branco
13:34:04.629 [00:04,0] INFO  ? Controle de linhas vazias concluido em 2 passada(s): 2 linhas excedentes removidas (maximo 1 sequencial)
13:34:04.629 [00:04,0] INFO  ? ? Concluido: Controle de linhas em branco
13:34:04.629 [00:04,0] INFO  ? ? Iniciando: Substituicao de datas do plenario
13:34:04.637 [00:04,0] INFO  ? Paragrafo de plenario substituido e formatado
13:34:04.641 [00:04,0] INFO  ? ? Concluido: Substituicao de datas do plenario


--------------------------------------------------------------------------------
SECAO: FINALIZACAO
--------------------------------------------------------------------------------
13:34:04.648 [00:04,0] INFO  ? ? Iniciando: Configuracao de visualizacao
13:34:04.652 [00:04,0] INFO  ? Visualizacao configurada: zoom definido para 120%, demais configuracoes preservadas
13:34:04.652 [00:04,0] INFO  ? ? Concluido: Configuracao de visualizacao
13:34:04.652 [00:04,0] INFO  ? ? Iniciando: Insercao de rodape
13:34:04.688 [00:04,0] INFO  ? ? Concluido: Insercao de rodape
13:34:04.688 [00:04,0] INFO  ? ? Iniciando: Ajustes finais de negrito e formatacao
13:34:04.723 [00:04,0] INFO  ? Negrito e alinhamento aplicados a 1 paragrafos especiais
13:34:04.738 [00:04,0] INFO  ? ? Concluido: Ajustes finais de negrito e formatacao
13:34:04.738 [00:04,0] INFO  ? ? Iniciando: Formatacoes especiais (diante do exposto, requeiro)
13:34:04.789 [00:04,0] INFO  ? ? Concluido: Formatacoes especiais (diante do exposto, requeiro)
13:34:04.789 [00:04,0] INFO  ? ? Iniciando: Remocao de realces e bordas
13:34:04.805 [00:04,0] INFO  ? Realce removido do documento completo
13:34:04.836 [00:04,0] INFO  ? Realces e bordas removidos: 1 realces, 20 paragrafos com bordas
13:34:04.836 [00:04,0] INFO  ? ? Concluido: Remocao de realces e bordas
13:34:04.836 [00:04,0] INFO  ? ? Iniciando: Remocao de paginas vazias no final
13:34:04.859 [00:04,0] INFO  ? Nenhuma pagina vazia no final do documento
13:34:04.859 [00:04,0] INFO  ? ? Concluido: Remocao de paginas vazias no final
13:34:04.859 [00:04,0] INFO  ? ? Iniciando: Aplicacao de formatacao final universal
13:34:04.859 [00:04,0] INFO  ? Aplicando formatacao final universal: Arial 12, espacamento 1.0, 1 linha entre paragrafos...
13:34:04.914 [00:04,0] INFO  ? Formatacao final aplicada: 20 de 20 paragrafos
13:34:04.914 [00:04,0] INFO  ? ? Concluido: Aplicacao de formatacao final universal
13:34:04.914 [00:04,0] INFO  ? ? Iniciando: Adicao de espacamento especial (ementa, justificativa, data)
13:34:04.914 [00:04,0] INFO  ? Adicionando espacamento especial para ementa, justificativa e data...
13:34:04.922 [00:04,0] INFO  ? Espacamento especial aplicado a 2 elementos
13:34:04.922 [00:04,0] INFO  ? ? Concluido: Adicao de espacamento especial (ementa, justificativa, data)
13:34:04.922 [00:04,0] INFO  ? ? Iniciando: Ajuste final de recuos para Vereador (travessoes)
13:34:04.930 [00:04,0] INFO  ? ? Concluido: Ajuste final de recuos para Vereador (travessoes)
13:34:04.930 [00:04,0] INFO  ? Formatacao completa aplicada com sucesso
13:34:04.930 [00:04,0] INFO  ? ?? Total de paragrafos: 20
13:34:05.055 [00:05,0] INFO  ? Verificacao de imagens concluida: 2 imagens integras
13:34:05.059 [00:05,0] INFO  ? Removendo linhas em branco extras e aplicando ajustes...
13:34:05.262 [00:05,0] INFO  ? Linhas em branco removidas: 0, substituicoes: 0
13:34:05.348 [00:05,0] INFO  ? Paragrafos iniciados com marcador formatados com recuo de lista: 1
13:34:05.359 [00:05,0] INFO  ? Recuos de paragrafos com imagens formatados: 1 paragrafos
13:34:05.375 [00:05,0] INFO  ? Imagem centralizada na linha 5 apos Plenario
13:34:05.375 [00:05,0] INFO  ? Imagens centralizadas apos Plenario: 1
13:34:05.391 [00:05,0] INFO  ? Fonte final garantida: Arial 12pt em todo o documento
13:34:05.691 [00:05,0] INFO  ? Configuracoes de visualizacao originais restauradas (zoom mantido em 120%)
13:34:05.707 [00:05,0] INFO  ? Documento padronizado com sucesso
13:34:05.715 [00:05,0] INFO  ? UndoRecord finalizado com sucesso
13:34:05.734 [00:05,0] INFO  ? Variaveis de protecao de imagens limpas
13:34:05.734 [00:05,0] INFO  ? Variaveis de configuracoes de visualizacao limpas


================================================================================
RESUMO DA SESSAO
================================================================================

[STATUS]
  Final: CONCLUIDO COM SUCESSO ?
  Termino: 30/04/2026 13:34:05
  Duracao: 5,0s

[ESTATISTICAS]
  Total de eventos: 181
  Informacoes: 181 (100,0%)
  Avisos: 0 (0,0%)
  Erros: 0 (0,0%)

[PERFORMANCE]
  Eventos/segundo: 36,2
  Tempo medio/evento: 27,6ms

================================================================================
FIM DO LOG
================================================================================
