================================================================================
Z7_STDPROPOSERS - LOG DE PROCESSAMENTO DE DOCUMENTO
================================================================================

[SESSAO]
  Inicio: 30/04/2026 13:25:58
  ID: 20260430132558

[AMBIENTE]
  Usuario: csantos
  Computador: NOTEPROCLEG01
  Dominio: CMSBONET
  SO: Windows Windows_NT
  Word: 16.0 (Word 2016/2019/2021/365)

[DOCUMENTO]
  Nome: siscam_indica_ao_poder_executivo_municipal_operacao_“tapa_buraco”_em_toda_extensao_avenida_barretos_no_bairro_jardim_laranjeirasvhpynwii.docx
  Caminho: C:\Users\csantos\AppData\Local\Temp
  Tamanho: 1,6 KB
  Paragrafos: 19
  Paginas: 1
  Protecao: Sem protecao
  Idioma: 1046

[CONFIGURACAO]
  Debug: Desativado
  Log: C:\Users\csantos\AppData\Local\Z7\Apps\Z7_StdProposers\source\logs\z7_stdproposers_20260430_132558_siscam_indica_ao_poder_executivo_municipal_operaca.log
  Backup: C:\Users\csantos\AppData\Local\Temp\.z7_stdproposers\props\backups\

================================================================================



--------------------------------------------------------------------------------
SECAO: VERIFICACOES INICIAIS
--------------------------------------------------------------------------------
13:25:58.273 [00:00,0] INFO  ? ? Iniciando: Validacao de documento
13:25:58.273 [00:00,0] INFO  ? Tipo de propositura identificado: INDICAÇÃO
13:25:58.273 [00:00,0] INFO  ? Verificacao LGPD (estrito): nenhum achado grave
13:25:58.273 [00:00,0] INFO  ? ? Concluido: Validacao de documento | Todas as verificacoes passaram
13:25:58.273 [00:00,0] INFO  ? Verificacoes de seguranca concluidas com sucesso
13:25:58.473 [00:00,0] INFO  ? Backup criado com sucesso: siscam_indica_ao_poder_executivo_municipal_operacao_“tapa_buraco”_em_toda_extensao_avenida_barretos_no_bairro_jardim_laranjeirasvhpynwii_backup_2026-04-30_132558.docx
13:25:58.570 [00:00,0] INFO  ? Backup das configuracoes de visualizacao concluido
13:25:58.621 [00:00,0] INFO  ? Backup de propriedades de imagens concluido: 1 imagens catalogadas
13:25:58.629 [00:00,0] INFO  ? Nenhuma lista encontrada no documento
13:25:58.629 [00:00,0] INFO  ? UndoRecord iniciado
13:25:58.629 [00:00,0] INFO  ? === PIPELINE DE FORMATACAO (2 PASSAGENS) ===
13:25:58.656 [00:00,0] INFO  ? Iniciando construcao do cache de paragrafos...
13:25:58.664 [00:00,0] INFO  ? Cache construido: 19 paragrafos em 0,01s
13:25:58.664 [00:00,0] INFO  ? Identificando estrutura do documento...
13:25:58.672 [00:00,0] INFO  ? Titulo da Justificativa identificado no paragrafo 11
13:25:58.676 [00:00,0] INFO  ? Data (Plenario) identificada no paragrafo 15
13:25:58.680 [00:00,0] INFO  ? === ESTRUTURA DO DOCUMENTO IDENTIFICADA ===
13:25:58.680 [00:00,0] INFO  ? Titulo: paragrafo 0
13:25:58.680 [00:00,0] INFO  ? Ementa: paragrafo 0
13:25:58.680 [00:00,0] INFO  ? Proposicao: paragrafos 0 a 0
13:25:58.680 [00:00,0] INFO  ? Titulo Justificativa: paragrafo 11
13:25:58.680 [00:00,0] INFO  ? Justificativa: paragrafos 12 a 14
13:25:58.680 [00:00,0] INFO  ? Data: paragrafo 15
13:25:58.680 [00:00,0] INFO  ? Assinatura: paragrafos 0 a 0
13:25:58.680 [00:00,0] INFO  ? Titulo Anexo: paragrafo 0
13:25:58.680 [00:00,0] INFO  ? Anexo: paragrafos 0 a 0
13:25:58.680 [00:00,0] INFO  ? ==========================================
13:25:58.680 [00:00,0] INFO  ? === PASSAGEM 1 DE 2 ===


--------------------------------------------------------------------------------
SECAO: LIMPEZA E FORMATACAO
--------------------------------------------------------------------------------
13:25:59.176 [00:01,0] INFO  ? ? Iniciando: Limpeza de formatacao
13:25:59.484 [00:01,0] INFO  ? Formatacao limpa: 19 paragrafos resetados
13:25:59.484 [00:01,0] INFO  ? ? Concluido: Limpeza de formatacao
13:25:59.484 [00:01,0] INFO  ? ? Iniciando: Normalizacao de quebras
13:25:59.488 [00:01,0] INFO  ? ? Concluido: Normalizacao de quebras
13:25:59.488 [00:01,0] INFO  ? ? Iniciando: Limpeza estrutural
13:25:59.512 [00:01,0] INFO  ? ? Concluido: Limpeza estrutural
13:25:59.512 [00:01,0] INFO  ? ? Iniciando: Limpeza de prefixo da ementa
13:25:59.512 [00:01,0] INFO  ? ? Concluido: Limpeza de prefixo da ementa
13:25:59.512 [00:01,0] INFO  ? ? Iniciando: Limpeza de sufixo da ementa
13:25:59.512 [00:01,0] INFO  ? ? Concluido: Limpeza de sufixo da ementa
13:25:59.512 [00:01,0] INFO  ? ? Iniciando: Formatacao de titulo
13:25:59.516 [00:01,0] INFO  ? Titulo de proposicao formatado: INDICAÇÃO Nº $NUMERO$/$ANO$ (centralizado, caixa alta, negrito, sublinhado)
13:25:59.516 [00:01,0] INFO  ? ? Concluido: Formatacao de titulo
13:25:59.516 [00:01,0] INFO  ? ? Iniciando: Aplicacao de fonte padrao
13:25:59.516 [00:01,0] INFO  ? Aplicando fonte padrao (modo otimizado com cache)...
13:25:59.531 [00:01,0] INFO  ? Fonte padrao aplicada: 8 paragrafos em 0,02s
13:25:59.531 [00:01,0] INFO  ? ? Concluido: Aplicacao de fonte padrao | 18 paragrafos
13:25:59.531 [00:01,0] INFO  ? ? Iniciando: Aplicacao de formatacao de paragrafos
13:25:59.703 [00:01,0] INFO  ? Paragrafos formatados: 18 (incluindo 1 com protecao de imagens)
13:25:59.703 [00:01,0] INFO  ? ? Concluido: Aplicacao de formatacao de paragrafos


--------------------------------------------------------------------------------
SECAO: FORMATACOES ESPECIFICAS
--------------------------------------------------------------------------------
13:25:59.715 [00:01,0] INFO  ? ? Iniciando: Formatacao de paragrafos 1 e 2
13:25:59.730 [00:01,0] INFO  ? 2 paragrafo formatado com 2 linhas em branco antes e depois (posicao: 4)
13:25:59.730 [00:01,0] INFO  ? ? Concluido: Formatacao de paragrafos 1 e 2
13:25:59.730 [00:01,0] INFO  ? ? Iniciando: Formatacao de considerandos
13:25:59.734 [00:01,0] INFO  ? ? Concluido: Formatacao de considerandos
13:25:59.734 [00:01,0] INFO  ? ? Iniciando: Aplicacao de substituicoes de texto
13:25:59.910 [00:01,0] INFO  ? Substituicoes de texto: nenhuma ocorrencia encontrada
13:26:00.738 [00:02,0] INFO  ? Substituicao aplicada: ' Setor Competente ' -> ' setor competente ' (500x)
13:26:00.879 [00:02,0] INFO  ? Substituicao aplicada: variantes de 'tapa-buracos' normalizadas (2x)
13:26:00.926 [00:02,0] INFO  ? ? Concluido: Aplicacao de substituicoes de texto
13:26:00.926 [00:02,0] INFO  ? ? Iniciando: Remocao de marca d'agua e insercao de carimbo
13:26:01.324 [00:03,0] INFO  ? ? Concluido: Remocao de marca d'agua e insercao de carimbo


--------------------------------------------------------------------------------
SECAO: LIMPEZA FINAL
--------------------------------------------------------------------------------
13:26:01.336 [00:03,0] INFO  ? ? Iniciando: Limpeza de espacos multiplos
13:26:01.426 [00:03,0] INFO  ? Limpeza de espacos concluida: 1 correcoes aplicadas (com protecao CONSIDERANDO)
13:26:01.426 [00:03,0] INFO  ? ? Concluido: Limpeza de espacos multiplos
13:26:01.426 [00:03,0] INFO  ? ? Iniciando: Controle de linhas em branco
13:26:01.484 [00:03,0] INFO  ? Controle de linhas vazias concluido em 2 passada(s): 3 linhas excedentes removidas (maximo 1 sequencial)
13:26:01.484 [00:03,0] INFO  ? ? Concluido: Controle de linhas em branco
13:26:01.484 [00:03,0] INFO  ? ? Iniciando: Substituicao de datas do plenario
13:26:01.492 [00:03,0] INFO  ? Paragrafo de plenario substituido e formatado
13:26:01.492 [00:03,0] INFO  ? ? Concluido: Substituicao de datas do plenario


--------------------------------------------------------------------------------
SECAO: FINALIZACAO
--------------------------------------------------------------------------------
13:26:01.500 [00:03,0] INFO  ? ? Iniciando: Configuracao de visualizacao
13:26:01.508 [00:03,0] INFO  ? Visualizacao configurada: zoom definido para 120%, demais configuracoes preservadas
13:26:01.508 [00:03,0] INFO  ? ? Concluido: Configuracao de visualizacao
13:26:01.508 [00:03,0] INFO  ? ? Iniciando: Insercao de rodape
13:26:01.539 [00:03,0] INFO  ? ? Concluido: Insercao de rodape
13:26:01.539 [00:03,0] INFO  ? ? Iniciando: Ajustes finais de negrito e formatacao
13:26:01.559 [00:03,0] INFO  ? Negrito e alinhamento aplicados a 1 paragrafos especiais
13:26:01.562 [00:03,0] INFO  ? ? Concluido: Ajustes finais de negrito e formatacao
13:26:01.562 [00:03,0] INFO  ? ? Iniciando: Formatacoes especiais (diante do exposto, requeiro)
13:26:01.590 [00:03,0] INFO  ? ? Concluido: Formatacoes especiais (diante do exposto, requeiro)
13:26:01.590 [00:03,0] INFO  ? ? Iniciando: Remocao de realces e bordas
13:26:01.598 [00:03,0] INFO  ? Realce removido do documento completo
13:26:01.621 [00:03,0] INFO  ? Realces e bordas removidos: 1 realces, 17 paragrafos com bordas
13:26:01.621 [00:03,0] INFO  ? ? Concluido: Remocao de realces e bordas
13:26:01.621 [00:03,0] INFO  ? ? Iniciando: Remocao de paginas vazias no final
13:26:01.641 [00:03,0] INFO  ? Nenhuma pagina vazia no final do documento
13:26:01.641 [00:03,0] INFO  ? ? Concluido: Remocao de paginas vazias no final
13:26:01.641 [00:03,0] INFO  ? ? Iniciando: Aplicacao de formatacao final universal
13:26:01.641 [00:03,0] INFO  ? Aplicando formatacao final universal: Arial 12, espacamento 1.0, 1 linha entre paragrafos...
13:26:01.645 [00:03,0] INFO  ? Formatacao final aplicada: 17 de 17 paragrafos
13:26:01.645 [00:03,0] INFO  ? ? Concluido: Aplicacao de formatacao final universal
13:26:01.645 [00:03,0] INFO  ? ? Iniciando: Adicao de espacamento especial (ementa, justificativa, data)
13:26:01.645 [00:03,0] INFO  ? Adicionando espacamento especial para ementa, justificativa e data...
13:26:01.648 [00:03,0] INFO  ? Espacamento especial aplicado a 2 elementos
13:26:01.648 [00:03,0] INFO  ? ? Concluido: Adicao de espacamento especial (ementa, justificativa, data)
13:26:01.648 [00:03,0] INFO  ? ? Iniciando: Ajuste final de recuos para Vereador (travessoes)
13:26:01.648 [00:03,0] INFO  ? ? Concluido: Ajuste final de recuos para Vereador (travessoes)
13:26:01.648 [00:03,0] INFO  ? Formatacao completa aplicada com sucesso
13:26:01.648 [00:03,0] INFO  ? ?? Total de paragrafos: 17
13:26:01.695 [00:03,0] INFO  ? Verificacao de imagens concluida: 1 imagens integras
13:26:01.695 [00:03,0] INFO  ? === PASSAGEM 2 DE 2 ===


--------------------------------------------------------------------------------
SECAO: LIMPEZA E FORMATACAO
--------------------------------------------------------------------------------
13:26:01.836 [00:03,0] INFO  ? ? Iniciando: Limpeza de formatacao
13:26:02.223 [00:04,0] INFO  ? Formatacao limpa: 17 paragrafos resetados
13:26:02.223 [00:04,0] INFO  ? ? Concluido: Limpeza de formatacao
13:26:02.223 [00:04,0] INFO  ? ? Iniciando: Normalizacao de quebras
13:26:02.234 [00:04,0] INFO  ? ? Concluido: Normalizacao de quebras
13:26:02.234 [00:04,0] INFO  ? ? Iniciando: Limpeza estrutural
13:26:02.266 [00:04,0] INFO  ? ? Concluido: Limpeza estrutural
13:26:02.266 [00:04,0] INFO  ? ? Iniciando: Limpeza de prefixo da ementa
13:26:02.266 [00:04,0] INFO  ? ? Concluido: Limpeza de prefixo da ementa
13:26:02.266 [00:04,0] INFO  ? ? Iniciando: Limpeza de sufixo da ementa
13:26:02.266 [00:04,0] INFO  ? ? Concluido: Limpeza de sufixo da ementa
13:26:02.266 [00:04,0] INFO  ? ? Iniciando: Formatacao de titulo
13:26:02.273 [00:04,0] INFO  ? Titulo de proposicao formatado: INDICAÇÃO Nº $NUMERO$/$ANO$ (centralizado, caixa alta, negrito, sublinhado)
13:26:02.273 [00:04,0] INFO  ? ? Concluido: Formatacao de titulo
13:26:02.273 [00:04,0] INFO  ? ? Iniciando: Aplicacao de fonte padrao
13:26:02.273 [00:04,0] INFO  ? Aplicando fonte padrao (modo otimizado com cache)...
13:26:02.297 [00:04,0] WARN  ? Erro: Indice de paragrafo invalido (17)
13:26:02.297 [00:04,0] INFO  ? Fonte padrao aplicada: 7 paragrafos em 0,02s
13:26:02.297 [00:04,0] INFO  ? ? Concluido: Aplicacao de fonte padrao | 16 paragrafos
13:26:02.297 [00:04,0] INFO  ? ? Iniciando: Aplicacao de formatacao de paragrafos
13:26:02.559 [00:04,0] INFO  ? Paragrafos formatados: 16 (incluindo 1 com protecao de imagens)
13:26:02.559 [00:04,0] INFO  ? ? Concluido: Aplicacao de formatacao de paragrafos


--------------------------------------------------------------------------------
SECAO: FORMATACOES ESPECIFICAS
--------------------------------------------------------------------------------
13:26:02.574 [00:04,0] INFO  ? ? Iniciando: Formatacao de paragrafos 1 e 2
13:26:02.594 [00:04,0] INFO  ? 2 paragrafo formatado com 2 linhas em branco antes e depois (posicao: 4)
13:26:02.594 [00:04,0] INFO  ? ? Concluido: Formatacao de paragrafos 1 e 2
13:26:02.594 [00:04,0] INFO  ? ? Iniciando: Formatacao de considerandos
13:26:02.613 [00:04,0] INFO  ? ? Concluido: Formatacao de considerandos
13:26:02.613 [00:04,0] INFO  ? ? Iniciando: Aplicacao de substituicoes de texto
13:26:02.906 [00:04,0] INFO  ? Substituicoes de texto: nenhuma ocorrencia encontrada
13:26:04.199 [00:06,0] INFO  ? Substituicao aplicada: ' Setor Competente ' -> ' setor competente ' (500x)
13:26:04.340 [00:06,0] INFO  ? ? Concluido: Aplicacao de substituicoes de texto
13:26:04.340 [00:06,0] INFO  ? ? Iniciando: Remocao de marca d'agua e insercao de carimbo
13:26:04.621 [00:06,0] INFO  ? ? Concluido: Remocao de marca d'agua e insercao de carimbo


--------------------------------------------------------------------------------
SECAO: LIMPEZA FINAL
--------------------------------------------------------------------------------
13:26:04.633 [00:06,0] INFO  ? ? Iniciando: Limpeza de espacos multiplos
13:26:04.680 [00:06,0] INFO  ? Limpeza de espacos concluida: 0 correcoes aplicadas (com protecao CONSIDERANDO)
13:26:04.680 [00:06,0] INFO  ? ? Concluido: Limpeza de espacos multiplos
13:26:04.680 [00:06,0] INFO  ? ? Iniciando: Controle de linhas em branco
13:26:04.742 [00:06,0] INFO  ? Controle de linhas vazias concluido em 2 passada(s): 2 linhas excedentes removidas (maximo 1 sequencial)
13:26:04.742 [00:06,0] INFO  ? ? Concluido: Controle de linhas em branco
13:26:04.742 [00:06,0] INFO  ? ? Iniciando: Substituicao de datas do plenario
13:26:04.754 [00:06,0] INFO  ? Paragrafo de plenario substituido e formatado
13:26:04.754 [00:06,0] INFO  ? ? Concluido: Substituicao de datas do plenario


--------------------------------------------------------------------------------
SECAO: FINALIZACAO
--------------------------------------------------------------------------------
13:26:04.766 [00:06,0] INFO  ? ? Iniciando: Configuracao de visualizacao
13:26:04.770 [00:06,0] INFO  ? Visualizacao configurada: zoom definido para 120%, demais configuracoes preservadas
13:26:04.770 [00:06,0] INFO  ? ? Concluido: Configuracao de visualizacao
13:26:04.770 [00:06,0] INFO  ? ? Iniciando: Insercao de rodape
13:26:04.805 [00:06,0] INFO  ? ? Concluido: Insercao de rodape
13:26:04.805 [00:06,0] INFO  ? ? Iniciando: Ajustes finais de negrito e formatacao
13:26:04.828 [00:06,0] INFO  ? Negrito e alinhamento aplicados a 1 paragrafos especiais
13:26:04.836 [00:06,0] INFO  ? ? Concluido: Ajustes finais de negrito e formatacao
13:26:04.836 [00:06,0] INFO  ? ? Iniciando: Formatacoes especiais (diante do exposto, requeiro)
13:26:04.867 [00:06,0] INFO  ? ? Concluido: Formatacoes especiais (diante do exposto, requeiro)
13:26:04.867 [00:06,0] INFO  ? ? Iniciando: Remocao de realces e bordas
13:26:04.875 [00:06,0] INFO  ? Realce removido do documento completo
13:26:04.898 [00:06,0] INFO  ? Realces e bordas removidos: 1 realces, 17 paragrafos com bordas
13:26:04.898 [00:06,0] INFO  ? ? Concluido: Remocao de realces e bordas
13:26:04.898 [00:06,0] INFO  ? ? Iniciando: Remocao de paginas vazias no final
13:26:04.914 [00:06,0] INFO  ? Nenhuma pagina vazia no final do documento
13:26:04.914 [00:06,0] INFO  ? ? Concluido: Remocao de paginas vazias no final
13:26:04.914 [00:06,0] INFO  ? ? Iniciando: Aplicacao de formatacao final universal
13:26:04.914 [00:06,0] INFO  ? Aplicando formatacao final universal: Arial 12, espacamento 1.0, 1 linha entre paragrafos...
13:26:04.926 [00:06,0] INFO  ? Formatacao final aplicada: 17 de 17 paragrafos
13:26:04.926 [00:06,0] INFO  ? ? Concluido: Aplicacao de formatacao final universal
13:26:04.926 [00:06,0] INFO  ? ? Iniciando: Adicao de espacamento especial (ementa, justificativa, data)
13:26:04.926 [00:06,0] INFO  ? Adicionando espacamento especial para ementa, justificativa e data...
13:26:04.926 [00:06,0] INFO  ? Espacamento especial aplicado a 2 elementos
13:26:04.926 [00:06,0] INFO  ? ? Concluido: Adicao de espacamento especial (ementa, justificativa, data)
13:26:04.926 [00:06,0] INFO  ? ? Iniciando: Ajuste final de recuos para Vereador (travessoes)
13:26:04.930 [00:06,0] INFO  ? ? Concluido: Ajuste final de recuos para Vereador (travessoes)
13:26:04.930 [00:06,0] INFO  ? Formatacao completa aplicada com sucesso
13:26:04.930 [00:06,0] INFO  ? ?? Total de paragrafos: 17
13:26:04.980 [00:06,0] INFO  ? Verificacao de imagens concluida: 1 imagens integras
13:26:05.215 [00:07,0] INFO  ? Removendo linhas em branco extras e aplicando ajustes...
13:26:05.383 [00:07,0] INFO  ? Linhas em branco removidas: 0, substituicoes: 0
13:26:05.414 [00:07,0] INFO  ? Paragrafos iniciados com marcador formatados com recuo de lista: 1
13:26:05.453 [00:07,0] INFO  ? Fonte final garantida: Arial 12pt em todo o documento
13:26:05.871 [00:07,0] INFO  ? Configuracoes de visualizacao originais restauradas (zoom mantido em 120%)
13:26:05.883 [00:07,0] INFO  ? Documento padronizado com sucesso
13:26:05.891 [00:07,0] INFO  ? UndoRecord finalizado com sucesso
13:26:05.938 [00:07,0] INFO  ? Variaveis de protecao de imagens limpas
13:26:05.938 [00:07,0] INFO  ? Variaveis de configuracoes de visualizacao limpas


================================================================================
RESUMO DA SESSAO
================================================================================

[STATUS]
  Final: CONCLUIDO COM AVISOS ?
  Termino: 30/04/2026 13:26:05
  Duracao: 7,0s

[ESTATISTICAS]
  Total de eventos: 182
  Informacoes: 181 (99,5%)
  Avisos: 1 (0,5%)
  Erros: 0 (0,0%)

[PERFORMANCE]
  Eventos/segundo: 26,0
  Tempo medio/evento: 38,5ms

================================================================================
FIM DO LOG
================================================================================
