================================================================================
Z7_STDPROPOSERS - LOG DE PROCESSAMENTO DE DOCUMENTO
================================================================================

[SESSAO]
  Inicio: 30/04/2026 13:29:14
  ID: 20260430132914

[AMBIENTE]
  Usuario: csantos
  Computador: NOTEPROCLEG01
  Dominio: CMSBONET
  SO: Windows Windows_NT
  Word: 16.0 (Word 2016/2019/2021/365)

[DOCUMENTO]
  Nome: siscam_indicacao_tapa_buraco_na_rua_iridio_cruzamento_com_dantemartignago_no_bairro_jardim_mollon_43z2m4s2k.docx
  Caminho: C:\Users\csantos\AppData\Local\Temp
  Tamanho: 1,3 KB
  Paragrafos: 30
  Paginas: 1
  Protecao: Sem protecao
  Idioma: 1046

[CONFIGURACAO]
  Debug: Desativado
  Log: C:\Users\csantos\AppData\Local\Z7\Apps\Z7_StdProposers\source\logs\z7_stdproposers_20260430_132914_siscam_indicacao_tapa_buraco_na_rua_iridio_cruzame.log
  Backup: C:\Users\csantos\AppData\Local\Temp\.z7_stdproposers\props\backups\

================================================================================



--------------------------------------------------------------------------------
SECAO: VERIFICACOES INICIAIS
--------------------------------------------------------------------------------
13:29:14.477 [00:00,0] INFO  ? ? Iniciando: Validacao de documento
13:29:14.480 [00:00,0] INFO  ? Tipo de propositura identificado: INDICAÇÃO
13:29:14.480 [00:00,0] INFO  ? Verificacao LGPD (estrito): nenhum achado grave
13:29:14.480 [00:00,0] INFO  ? ? Concluido: Validacao de documento | Todas as verificacoes passaram
13:29:14.480 [00:00,0] INFO  ? Verificacoes de seguranca concluidas com sucesso
13:29:14.641 [00:00,0] INFO  ? Backup criado com sucesso: siscam_indicacao_tapa_buraco_na_rua_iridio_cruzamento_com_dantemartignago_no_bairro_jardim_mollon_43z2m4s2k_backup_2026-04-30_132914.docx
13:29:14.688 [00:00,0] INFO  ? Backup das configuracoes de visualizacao concluido
13:29:14.707 [00:00,0] INFO  ? Backup de propriedades de imagens concluido: 0 imagens catalogadas
13:29:14.750 [00:00,0] INFO  ? Nenhuma lista encontrada no documento
13:29:14.750 [00:00,0] INFO  ? UndoRecord iniciado
13:29:14.750 [00:00,0] INFO  ? === PIPELINE DE FORMATACAO (2 PASSAGENS) ===
13:29:14.754 [00:00,0] INFO  ? Iniciando construcao do cache de paragrafos...
13:29:14.770 [00:00,0] INFO  ? Cache construido: 30 paragrafos em 0,02s
13:29:14.770 [00:00,0] INFO  ? Identificando estrutura do documento...
13:29:14.781 [00:00,0] INFO  ? Titulo da Justificativa identificado no paragrafo 17
13:29:14.789 [00:00,0] INFO  ? Data (Plenario) identificada no paragrafo 25
13:29:14.797 [00:00,0] INFO  ? === ESTRUTURA DO DOCUMENTO IDENTIFICADA ===
13:29:14.797 [00:00,0] INFO  ? Titulo: paragrafo 0
13:29:14.797 [00:00,0] INFO  ? Ementa: paragrafo 0
13:29:14.797 [00:00,0] INFO  ? Proposicao: paragrafos 0 a 0
13:29:14.797 [00:00,0] INFO  ? Titulo Justificativa: paragrafo 17
13:29:14.797 [00:00,0] INFO  ? Justificativa: paragrafos 18 a 24
13:29:14.797 [00:00,0] INFO  ? Data: paragrafo 25
13:29:14.797 [00:00,0] INFO  ? Assinatura: paragrafos 0 a 0
13:29:14.797 [00:00,0] INFO  ? Titulo Anexo: paragrafo 0
13:29:14.797 [00:00,0] INFO  ? Anexo: paragrafos 0 a 0
13:29:14.797 [00:00,0] INFO  ? ==========================================
13:29:14.797 [00:00,0] INFO  ? === PASSAGEM 1 DE 2 ===


--------------------------------------------------------------------------------
SECAO: LIMPEZA E FORMATACAO
--------------------------------------------------------------------------------
13:29:15.488 [00:01,0] INFO  ? ? Iniciando: Limpeza de formatacao
13:29:15.730 [00:01,0] INFO  ? Formatacao limpa: 30 paragrafos resetados
13:29:15.730 [00:01,0] INFO  ? ? Concluido: Limpeza de formatacao
13:29:15.730 [00:01,0] INFO  ? ? Iniciando: Normalizacao de quebras
13:29:15.738 [00:01,0] INFO  ? ? Concluido: Normalizacao de quebras
13:29:15.738 [00:01,0] INFO  ? ? Iniciando: Limpeza estrutural
13:29:15.773 [00:01,0] INFO  ? ? Concluido: Limpeza estrutural
13:29:15.773 [00:01,0] INFO  ? ? Iniciando: Limpeza de prefixo da ementa
13:29:15.773 [00:01,0] INFO  ? ? Concluido: Limpeza de prefixo da ementa
13:29:15.773 [00:01,0] INFO  ? ? Iniciando: Limpeza de sufixo da ementa
13:29:15.773 [00:01,0] INFO  ? ? Concluido: Limpeza de sufixo da ementa
13:29:15.773 [00:01,0] INFO  ? ? Iniciando: Formatacao de titulo
13:29:15.781 [00:01,0] INFO  ? Titulo de proposicao formatado: INDICAÇÃO Nº $NUMERO$/$ANO$ (centralizado, caixa alta, negrito, sublinhado)
13:29:15.781 [00:01,0] INFO  ? ? Concluido: Formatacao de titulo
13:29:15.781 [00:01,0] INFO  ? ? Iniciando: Aplicacao de fonte padrao
13:29:15.781 [00:01,0] INFO  ? Aplicando fonte padrao (modo otimizado com cache)...
13:29:15.809 [00:01,0] WARN  ? Erro: Indice de paragrafo invalido (30)
13:29:15.809 [00:01,0] INFO  ? Fonte padrao aplicada: 8 paragrafos em 0,03s
13:29:15.809 [00:01,0] INFO  ? ? Concluido: Aplicacao de fonte padrao | 29 paragrafos
13:29:15.809 [00:01,0] INFO  ? ? Iniciando: Aplicacao de formatacao de paragrafos
13:29:16.121 [00:02,0] INFO  ? ? Concluido: Aplicacao de formatacao de paragrafos


--------------------------------------------------------------------------------
SECAO: FORMATACOES ESPECIFICAS
--------------------------------------------------------------------------------
13:29:16.129 [00:02,0] INFO  ? ? Iniciando: Formatacao de paragrafos 1 e 2
13:29:16.145 [00:02,0] INFO  ? 2 paragrafo formatado com 2 linhas em branco antes e depois (posicao: 5)
13:29:16.145 [00:02,0] INFO  ? ? Concluido: Formatacao de paragrafos 1 e 2
13:29:16.145 [00:02,0] INFO  ? ? Iniciando: Formatacao de considerandos
13:29:16.164 [00:02,0] INFO  ? ? Concluido: Formatacao de considerandos
13:29:16.164 [00:02,0] INFO  ? ? Iniciando: Aplicacao de substituicoes de texto
13:29:16.375 [00:02,0] INFO  ? Substituicoes de texto: nenhuma ocorrencia encontrada
13:29:16.414 [00:02,0] INFO  ? Substituicao aplicada: abertura Art. 108 normalizada no 1 paragrafo apos a ementa (1x)
13:29:16.461 [00:02,0] INFO  ? Substituicao aplicada: variantes de 'tapa-buracos' normalizadas (2x)
13:29:16.484 [00:02,0] INFO  ? ? Concluido: Aplicacao de substituicoes de texto
13:29:16.484 [00:02,0] INFO  ? ? Iniciando: Remocao de marca d'agua e insercao de carimbo
13:29:16.766 [00:02,0] INFO  ? ? Concluido: Remocao de marca d'agua e insercao de carimbo


--------------------------------------------------------------------------------
SECAO: LIMPEZA FINAL
--------------------------------------------------------------------------------
13:29:16.777 [00:02,0] INFO  ? ? Iniciando: Limpeza de espacos multiplos
13:29:16.852 [00:02,0] INFO  ? Limpeza de espacos concluida: 3 correcoes aplicadas (com protecao CONSIDERANDO)
13:29:16.852 [00:02,0] INFO  ? ? Concluido: Limpeza de espacos multiplos
13:29:16.852 [00:02,0] INFO  ? ? Iniciando: Controle de linhas em branco
13:29:16.934 [00:02,0] INFO  ? Controle de linhas vazias concluido em 2 passada(s): 9 linhas excedentes removidas (maximo 1 sequencial)
13:29:16.934 [00:02,0] INFO  ? ? Concluido: Controle de linhas em branco
13:29:16.934 [00:02,0] INFO  ? ? Iniciando: Substituicao de datas do plenario
13:29:16.938 [00:02,0] INFO  ? Paragrafo de plenario substituido e formatado
13:29:16.938 [00:02,0] INFO  ? ? Concluido: Substituicao de datas do plenario


--------------------------------------------------------------------------------
SECAO: FINALIZACAO
--------------------------------------------------------------------------------
13:29:16.949 [00:02,0] INFO  ? ? Iniciando: Configuracao de visualizacao
13:29:16.953 [00:02,0] INFO  ? Visualizacao configurada: zoom definido para 120%, demais configuracoes preservadas
13:29:16.953 [00:02,0] INFO  ? ? Concluido: Configuracao de visualizacao
13:29:16.953 [00:02,0] INFO  ? ? Iniciando: Insercao de rodape
13:29:16.984 [00:02,0] INFO  ? ? Concluido: Insercao de rodape
13:29:16.984 [00:02,0] INFO  ? ? Iniciando: Ajustes finais de negrito e formatacao
13:29:16.988 [00:02,0] INFO  ? Negrito e alinhamento aplicados a 1 paragrafos especiais
13:29:17.012 [00:03,0] INFO  ? Paragrafo 'Vereador' formatado (sem negrito) com linhas adjacentes centralizadas (posicao: 16)
13:29:17.012 [00:03,0] INFO  ? Formatacao 'Vereador': 1 ocorrencias formatadas
13:29:17.012 [00:03,0] INFO  ? ? Concluido: Ajustes finais de negrito e formatacao
13:29:17.012 [00:03,0] INFO  ? ? Iniciando: Formatacoes especiais (diante do exposto, requeiro)
13:29:17.023 [00:03,0] INFO  ? ? Concluido: Formatacoes especiais (diante do exposto, requeiro)
13:29:17.023 [00:03,0] INFO  ? ? Iniciando: Remocao de realces e bordas
13:29:17.031 [00:03,0] INFO  ? Realce removido do documento completo
13:29:17.051 [00:03,0] INFO  ? Realces e bordas removidos: 1 realces, 16 paragrafos com bordas
13:29:17.051 [00:03,0] INFO  ? ? Concluido: Remocao de realces e bordas
13:29:17.051 [00:03,0] INFO  ? ? Iniciando: Remocao de paginas vazias no final
13:29:17.070 [00:03,0] INFO  ? Nenhuma pagina vazia no final do documento
13:29:17.070 [00:03,0] INFO  ? ? Concluido: Remocao de paginas vazias no final
13:29:17.070 [00:03,0] INFO  ? ? Iniciando: Aplicacao de formatacao final universal
13:29:17.070 [00:03,0] INFO  ? Aplicando formatacao final universal: Arial 12, espacamento 1.0, 1 linha entre paragrafos...
13:29:17.078 [00:03,0] INFO  ? Formatacao final aplicada: 16 de 16 paragrafos
13:29:17.078 [00:03,0] INFO  ? ? Concluido: Aplicacao de formatacao final universal
13:29:17.078 [00:03,0] INFO  ? ? Iniciando: Adicao de espacamento especial (ementa, justificativa, data)
13:29:17.078 [00:03,0] INFO  ? Adicionando espacamento especial para ementa, justificativa e data...
13:29:17.078 [00:03,0] INFO  ? Espacamento especial aplicado a 0 elementos
13:29:17.078 [00:03,0] INFO  ? ? Concluido: Adicao de espacamento especial (ementa, justificativa, data)
13:29:17.078 [00:03,0] INFO  ? ? Iniciando: Ajuste final de recuos para Vereador (travessoes)
13:29:17.082 [00:03,0] INFO  ? Recuos ajustados para 1 paragrafo(s) de Vereador/Vereadora
13:29:17.082 [00:03,0] INFO  ? ? Concluido: Ajuste final de recuos para Vereador (travessoes)
13:29:17.082 [00:03,0] INFO  ? Formatacao completa aplicada com sucesso
13:29:17.082 [00:03,0] INFO  ? ?? Total de paragrafos: 16
13:29:17.086 [00:03,0] INFO  ? === PASSAGEM 2 DE 2 ===


--------------------------------------------------------------------------------
SECAO: LIMPEZA E FORMATACAO
--------------------------------------------------------------------------------
13:29:17.234 [00:03,0] INFO  ? ? Iniciando: Limpeza de formatacao
13:29:17.309 [00:03,0] INFO  ? Formatacao limpa: 16 paragrafos resetados
13:29:17.309 [00:03,0] INFO  ? ? Concluido: Limpeza de formatacao
13:29:17.309 [00:03,0] INFO  ? ? Iniciando: Normalizacao de quebras
13:29:17.320 [00:03,0] INFO  ? ? Concluido: Normalizacao de quebras
13:29:17.320 [00:03,0] INFO  ? ? Iniciando: Limpeza estrutural
13:29:17.336 [00:03,0] INFO  ? ? Concluido: Limpeza estrutural
13:29:17.336 [00:03,0] INFO  ? ? Iniciando: Limpeza de prefixo da ementa
13:29:17.336 [00:03,0] INFO  ? ? Concluido: Limpeza de prefixo da ementa
13:29:17.336 [00:03,0] INFO  ? ? Iniciando: Limpeza de sufixo da ementa
13:29:17.336 [00:03,0] INFO  ? ? Concluido: Limpeza de sufixo da ementa
13:29:17.336 [00:03,0] INFO  ? ? Iniciando: Formatacao de titulo
13:29:17.336 [00:03,0] INFO  ? Titulo de proposicao formatado: INDICAÇÃO Nº $NUMERO$/$ANO$ (centralizado, caixa alta, negrito, sublinhado)
13:29:17.336 [00:03,0] INFO  ? ? Concluido: Formatacao de titulo
13:29:17.336 [00:03,0] INFO  ? ? Iniciando: Aplicacao de fonte padrao
13:29:17.336 [00:03,0] INFO  ? Aplicando fonte padrao (modo otimizado com cache)...
13:29:17.344 [00:03,0] WARN  ? Erro: Indice de paragrafo invalido (17)
13:29:17.344 [00:03,0] WARN  ? Erro: Indice de paragrafo invalido (20)
13:29:17.344 [00:03,0] WARN  ? Erro: Indice de paragrafo invalido (25)
13:29:17.344 [00:03,0] WARN  ? Erro: Indice de paragrafo invalido (29)
13:29:17.344 [00:03,0] WARN  ? Erro: Indice de paragrafo invalido (30)
13:29:17.344 [00:03,0] INFO  ? Fonte padrao aplicada: 4 paragrafos em 0,01s
13:29:17.344 [00:03,0] INFO  ? ? Concluido: Aplicacao de fonte padrao | 15 paragrafos
13:29:17.344 [00:03,0] INFO  ? ? Iniciando: Aplicacao de formatacao de paragrafos
13:29:17.422 [00:03,0] INFO  ? ? Concluido: Aplicacao de formatacao de paragrafos


--------------------------------------------------------------------------------
SECAO: FORMATACOES ESPECIFICAS
--------------------------------------------------------------------------------
13:29:17.430 [00:03,0] INFO  ? ? Iniciando: Formatacao de paragrafos 1 e 2
13:29:17.441 [00:03,0] INFO  ? 2 paragrafo formatado com 2 linhas em branco antes e depois (posicao: 4)
13:29:17.441 [00:03,0] INFO  ? ? Concluido: Formatacao de paragrafos 1 e 2
13:29:17.441 [00:03,0] INFO  ? ? Iniciando: Formatacao de considerandos
13:29:17.449 [00:03,0] INFO  ? ? Concluido: Formatacao de considerandos
13:29:17.449 [00:03,0] INFO  ? ? Iniciando: Aplicacao de substituicoes de texto
13:29:17.621 [00:03,0] INFO  ? Substituicoes de texto: nenhuma ocorrencia encontrada
13:29:17.645 [00:03,0] INFO  ? Substituicao aplicada: abertura Art. 108 normalizada no 1 paragrafo apos a ementa (1x)
13:29:17.711 [00:03,0] INFO  ? ? Concluido: Aplicacao de substituicoes de texto
13:29:17.711 [00:03,0] INFO  ? ? Iniciando: Remocao de marca d'agua e insercao de carimbo
13:29:17.965 [00:03,0] INFO  ? ? Concluido: Remocao de marca d'agua e insercao de carimbo


--------------------------------------------------------------------------------
SECAO: LIMPEZA FINAL
--------------------------------------------------------------------------------
13:29:17.973 [00:03,0] INFO  ? ? Iniciando: Limpeza de espacos multiplos
13:29:18.016 [00:04,0] INFO  ? Limpeza de espacos concluida: 0 correcoes aplicadas (com protecao CONSIDERANDO)
13:29:18.016 [00:04,0] INFO  ? ? Concluido: Limpeza de espacos multiplos
13:29:18.016 [00:04,0] INFO  ? ? Iniciando: Controle de linhas em branco
13:29:18.062 [00:04,0] INFO  ? Controle de linhas vazias concluido em 2 passada(s): 2 linhas excedentes removidas (maximo 1 sequencial)
13:29:18.062 [00:04,0] INFO  ? ? Concluido: Controle de linhas em branco
13:29:18.062 [00:04,0] INFO  ? ? Iniciando: Substituicao de datas do plenario
13:29:18.070 [00:04,0] INFO  ? Paragrafo de plenario substituido e formatado
13:29:18.070 [00:04,0] INFO  ? ? Concluido: Substituicao de datas do plenario


--------------------------------------------------------------------------------
SECAO: FINALIZACAO
--------------------------------------------------------------------------------
13:29:18.078 [00:04,0] INFO  ? ? Iniciando: Configuracao de visualizacao
13:29:18.086 [00:04,0] INFO  ? Visualizacao configurada: zoom definido para 120%, demais configuracoes preservadas
13:29:18.086 [00:04,0] INFO  ? ? Concluido: Configuracao de visualizacao
13:29:18.086 [00:04,0] INFO  ? ? Iniciando: Insercao de rodape
13:29:18.117 [00:04,0] INFO  ? ? Concluido: Insercao de rodape
13:29:18.117 [00:04,0] INFO  ? ? Iniciando: Ajustes finais de negrito e formatacao
13:29:18.125 [00:04,0] INFO  ? Negrito e alinhamento aplicados a 1 paragrafos especiais
13:29:18.152 [00:04,0] INFO  ? Paragrafo 'Vereador' formatado (sem negrito) com linhas adjacentes centralizadas (posicao: 16)
13:29:18.152 [00:04,0] INFO  ? Formatacao 'Vereador': 1 ocorrencias formatadas
13:29:18.152 [00:04,0] INFO  ? ? Concluido: Ajustes finais de negrito e formatacao
13:29:18.152 [00:04,0] INFO  ? ? Iniciando: Formatacoes especiais (diante do exposto, requeiro)
13:29:18.164 [00:04,0] INFO  ? ? Concluido: Formatacoes especiais (diante do exposto, requeiro)
13:29:18.164 [00:04,0] INFO  ? ? Iniciando: Remocao de realces e bordas
13:29:18.176 [00:04,0] INFO  ? Realce removido do documento completo
13:29:18.195 [00:04,0] INFO  ? Realces e bordas removidos: 1 realces, 16 paragrafos com bordas
13:29:18.195 [00:04,0] INFO  ? ? Concluido: Remocao de realces e bordas
13:29:18.195 [00:04,0] INFO  ? ? Iniciando: Remocao de paginas vazias no final
13:29:18.215 [00:04,0] INFO  ? Nenhuma pagina vazia no final do documento
13:29:18.215 [00:04,0] INFO  ? ? Concluido: Remocao de paginas vazias no final
13:29:18.215 [00:04,0] INFO  ? ? Iniciando: Aplicacao de formatacao final universal
13:29:18.215 [00:04,0] INFO  ? Aplicando formatacao final universal: Arial 12, espacamento 1.0, 1 linha entre paragrafos...
13:29:18.223 [00:04,0] INFO  ? Formatacao final aplicada: 16 de 16 paragrafos
13:29:18.223 [00:04,0] INFO  ? ? Concluido: Aplicacao de formatacao final universal
13:29:18.223 [00:04,0] INFO  ? ? Iniciando: Adicao de espacamento especial (ementa, justificativa, data)
13:29:18.223 [00:04,0] INFO  ? Adicionando espacamento especial para ementa, justificativa e data...
13:29:18.223 [00:04,0] INFO  ? Espacamento especial aplicado a 0 elementos
13:29:18.223 [00:04,0] INFO  ? ? Concluido: Adicao de espacamento especial (ementa, justificativa, data)
13:29:18.223 [00:04,0] INFO  ? ? Iniciando: Ajuste final de recuos para Vereador (travessoes)
13:29:18.230 [00:04,0] INFO  ? Recuos ajustados para 1 paragrafo(s) de Vereador/Vereadora
13:29:18.230 [00:04,0] INFO  ? ? Concluido: Ajuste final de recuos para Vereador (travessoes)
13:29:18.230 [00:04,0] INFO  ? Formatacao completa aplicada com sucesso
13:29:18.230 [00:04,0] INFO  ? ?? Total de paragrafos: 16
13:29:18.297 [00:04,0] INFO  ? Removendo linhas em branco extras e aplicando ajustes...
13:29:18.477 [00:04,0] INFO  ? Linhas em branco removidas: 0, substituicoes: 0
13:29:18.547 [00:04,0] INFO  ? Fonte final garantida: Arial 12pt em todo o documento
13:29:18.906 [00:04,0] INFO  ? Configuracoes de visualizacao originais restauradas (zoom mantido em 120%)
13:29:18.918 [00:04,0] INFO  ? Documento padronizado com sucesso
13:29:18.926 [00:04,0] INFO  ? UndoRecord finalizado com sucesso
13:29:18.969 [00:04,0] INFO  ? Variaveis de protecao de imagens limpas
13:29:18.969 [00:04,0] INFO  ? Variaveis de configuracoes de visualizacao limpas


================================================================================
RESUMO DA SESSAO
================================================================================

[STATUS]
  Final: CONCLUIDO COM AVISOS ?
  Termino: 30/04/2026 13:29:18
  Duracao: 4,0s

[ESTATISTICAS]
  Total de eventos: 188
  Informacoes: 182 (96,8%)
  Avisos: 6 (3,2%)
  Erros: 0 (0,0%)

[PERFORMANCE]
  Eventos/segundo: 47,0
  Tempo medio/evento: 21,3ms

[RECOMENDACOES]
   Multiplos avisos detectados - revise o documento manualmente

================================================================================
FIM DO LOG
================================================================================
